5168
10329
51644
55617
111119
110363
248316
496639
496639
