adj./n. 羅曼蒂克的
adj./n. 一百
n./v. 面具
n. 權貴
adj. 無效力的
n. 熟人
n. 咖哩食品
v. 悲傷
n. 葡萄園
n. 村莊
n. 適應；改編(本)
n. 金髮白種人
n. 根
n. 姓
Unknown
adj. 滿的；完全的
n./v. 情況；決定
Unknown
n. 商店
n. 水手
Unknown
n. 一擊
n. 通貨膨脹
Unknown
adj. 寬的
v./n. 腐敗；腐朽
n./adj./n. 共產主義的；共產主義者
adj./n. 商業的
n. 危險
n. 橡樹
v. 從…卸下(貨物)
n./v. 形狀；做成
adj. 相容的
adj. 無恙的
adj. 忘恩負義的
n./v. 回復；歸還
v. 驅逐出境
adj. 勇敢的
n. 樹叢
adj. 外部的
adj./adv. 公平的
adj. 白尊的
adj. 精通的
n. 岩石
adj. 虛弱的
v. 使聽不見
n. 氯(氣)
v. 結束；斷定
n./v. 魚類；釣魚
adj. 經濟上的
Unknown
n. 問答比賽
n. 過程
n. 類型
n. 不滿
adj./n. 否定的
adj. 非常小的
n. 商標；烙印
n. 很多
n. 鰻
v. 捆；綁
adj. 口頭的
n. 英國人
Unknown
n. 種姓(制度)
Unknown
n. 機器人
Unknown
v. 發生
n. 身分證
n. 氣球
v. 當心
n./v. 增加
n. 冒險
Unknown
Unknown
n. 計算
v. 使入迷
n. 小貓
n./adj. 獨唱；單獨的
adj. 紀律上的
n. 工作
Unknown
v. 指定；任命
v. 吸收；理解
n. 網際網路
n./v. 交叉；越過
adj./n./v. 假的；偽造
n./adj. 酒精飲料；含酒精的
Unknown
adj./adv. 更多的
Unknown
adj. 不法行為
adj. 修長的；苗條的
Unknown
adj. 出席的
n. 洗碗機
v. 圍住；把(公文等)封入
n. 錦標賽
adj. 隨之而來的
n. 計畫
conj. 除非
n. 牙膏
adj. 理論的
adj. 易接近的
adj. 想睡的
n. 重要性
adj. 財政的；金融的
n. 農業
n. 緯度
n./v. 光亮
n. 保險套
n. 牙科醫師
n. 歧視；區別
adj. 的鐵釘
v. 拒絕
n. 兄弟
n./v. 顏色；彩色
v. 運輸；傳遞
Unknown
Unknown
v. 使分離
prep./adv. 關於
n. 想像力；創造力
n. 障礙物；棚欄
Unknown
Unknown
n. 燈籠；街燈
adj. 實驗性質的
n. 部門；系
n. 素描；製圖
Unknown
adj. 值得紀念的
Unknown
v. 賣
adj. 有魅力的
n./v. 笑
n. 箭
adj. 各式各樣的
Unknown
adj./v. 自己的
prep./adv. 向上地
n. 碗
v. 期滿
n./v. 車站；停止
adj. 適用的
adv. 除此之外
v. 抬起
Unknown
Unknown
n. 長板凳
n. 接受者；受話器
n. 道歉
Unknown
Unknown
n./v. 鑽頭；鑽床
n. 枕頭
v. 競爭；鬥爭
n. 協會；聯想；合作
Unknown
Unknown
n. 諺語
Unknown
n. 訃聞
n. 人
n./v. 流言輩語
n. 經濟學者
v. 浸泡
n. 訴訟
n./v. 住宅
n./v. 泡沬
n. 執行者；表演者
Unknown
adj. 情報的
n. 缺席；缺少
Unknown
n. 流行性感冒
n./v. 投；演員陣容
adj. 廣泛的
v. 變化
adj./adv. 單獨的
n. 丈夫
v. /n授予；獎品
Unknown
v. (使)高興
n. 乾旱
n. 公平；正義
n. 歷史學家
adj. 突起的
adj./adv.  相同的
adj. 便利的
n./v. 花費；付出
adj. 歷史上著名的
adj./n. 一千
Unknown
n. 膝蓋
v.(n. )改善
adj. 受過教育的
n. 流行性感冒
n. 褲子
n. 戰神；火星
adj. 有教養的
n./v. 刺傷(處)；刺
n. 對手
v./adj./n. 豁免(的)；被免除義務者
n. 野獸
adj. 藝術的
v. 與…商量
adj./adv. 容易的
n. 洞穴
n. 追隨者；擁護者
Unknown
n. 雷射
adj./n. 初步的；初步行動
n./v. 輸入
n. 雨傘
n. 驗證；示威運動
adj. 令人厭惡的
n. 出生；分娩
adv. 智力不足的；心理有缺陷的
n./v. 吐司；烤；烘
v. 拼寫
adj. 被動的
n. 按摩
n./v. 副本；拷貝
n. 暴動
n. 觀光業
n. 動詞
adj. 基本的；初級的
n. 識字；讀寫能力
n./v. 霜；凍
n. 地板
n. 女兒
adj. 執行的
n./v. 英吋
v. 使富裕
v. 中途阻止
n. 無能
adj. 神祕的
n./v. 疼痛
adj. 正式的
Unknown
n. 擴音器
adj. 聰明的
adj. 厚的
Unknown
Unknown
n./v. 記號；簽字
n. 調查；研究
adj. 可以理解的
n./v. 論述；評論
n./v. 微笑
n. 電池
n./v. 王冠；為…加冕
adj. 戲劇性的
n. 數量
n. 器具；裝備
n. 柄；把手
n. 協商會
n. 商品
n. 器皿
adj. 種族的
n. 祖父；外祖父
v. 稱讚
adj. 極有趣的
n. 害蟲
adj. 吝嗇的
adj./n. 軍事的；軍隊
n. 糖尿病
n. 精力
v. 奮鬥
n. 多樣性
n. 四輪馬車；運輸
n. 駕駛艙；鬥雞場
n. 後代；後裔
n. 職業；占用
n. 海洋
n./v. 水
n. 收藏品；收集
n./v. 壁爐；磨碎
n. 誠實
n. 官能；技能
v. 珍惜
Unknown
v. 提升
prep. 不像
n. 血清
n. 小徑
n. 觀眾；聽眾
v. (使)窒息而死
v. 實現
adv. 有系統地
n. 污染
adj. 不誠實的
n. 大學
n. 中午
v. 容忍
n. 行動；作用
n. 春天
adj. 非常貧窮的
n. 天氣
n. 胸膛；箱子
v. 移居於
Unknown
n./v. 掙扎；努力
v. 清楚的表達
adj. 吸引人的
n. 摘要
adj. 充滿希望的
n. 風箏
n. 機車
n. (美)元
n. 信念；諾言
5adj. 男女之問的
n./v. 偶然；機會
n./v. 圖畫；想像
n. 判決
n. 雪茄
adj. 基礎的
n. 學生
n. 主管；導演
adj. 有益的
v. 合作
n. 神學家
n. 人們
n. 樣式
n. 移民
v. 回復
v. 慫恿；引誘
adv. 已經；先前
v. 改革
n. 有禮的舉止
n. 階級組織
n. 電子學
adj. 連續的
v. 放鬆
n. 事件
n. 視力
n. 航空器；飛機
Unknown
n. 動量；動向
Unknown
n. 糾察隊員
n. 硬幣
adj./n. 棕色的
n./v. 夢；做夢
Unknown
v. 花費
n. 模型；模範
n. 現代化
n. 黎明
adv. 在別處
v. 分配
adj. 多山的
n./v. 花園；從事園藝
v. 通勤
v. (使)碎成細屑
n. 基督教
Unknown
n. 忠誠
adj. 薄的
adj. 令人不快的
n. 治療專家
n. 革新
n. 高貴；高尚
v.(n. )投資；投入
adj. 奇特的；奇數的
adj. 嫉妒的
n. 鋼鐵
n. 報導；某事所包含的範圍
n. 表情；支持
n. 精神科醫生
adj. 滿足的
Unknown
Unknown
v./n. 打鬥；爭吵
n. 城市中猶太人的保留區
n. 標籤
n. 附件
v. 使孤立
Unknown
n. 反對
n. 總統；校長
adj. 強壯的
v. 蒸發
n. 接收
v. 選舉
n./v. 嘗試
v. 面臨；對抗
Unknown
n./v. 基礎
n. 教導；指示
v. 居住
n./v. 警報；驚恐
n. 主流
v.(n. )使移動；使感動
n. 一套衣服
n. 語言學
adj. 吝嗇的
v. 激怒
n. 互動
n. 資料
v./n. 劈；肋排肉
adv. 很好地
Unknown
adj. 有尖角的
Unknown
adj./v.  輪流的
v./n. 染料；染色
v. 重建
n. 繼承人
adj./n. 複雜的；情結
n. 不穩定
Unknown
v. 關聯
n. 路線
adj. 遠古的
n. 拍賣
n. 電影
Unknown
adj. 可怕的
n. 狂熱的崇拜
n. 火箭
adj. 可怕的
Unknown
n. 缺點
v. 恭喜
n. 污物；泥土
Unknown
n. 人性；人文學科
adv. 反而
n. 癖好
adj. 富裕的
n. 考試
Unknown
n. 存款
n. 英畝
v. 撥給
n. 高度
n. 選定路線
n. 推測
n. 舞者
v./n. 希望
Unknown
n./v. 刮鬍子；剃
Unknown
Unknown
n./v. 害怕
Unknown
Unknown
n. 母馬；母驢
n. 甜瓜
adj. 加強的
n. 協定；公約
n. 蟹
n. 當鋪
adj. 垂直的
adv./prep. 從…以來
Unknown
v. 使電腦化
prep./adv. 橫越
adj. 許多的
v./n. 抓住；捕獲
Unknown
n./v. 衝突
adj. 對…不感興趣
n. 頑固分子
v. 描繪
n. 態度
n. 帳單；鈔票
Unknown
n. 運輸(系統)
n. (= demonstration)遊行示威
v. 提交
n. 群
adj./n. 七十
v. 開始；使入會
n. 勃魯斯音樂；沮喪
n. 女神；受尊崇的女子
Unknown
n. 詩
n. [pl. ]小孩子
Unknown
n. 危機
adj./adv. 最好的
n. 申請人
n. 消費者
n. 樹脂；口香糖
n. 重覆
n. 丈夫
adv. 笨拙地
n. 釣魚者
adv. 如何；多少
adj./n. 紫色的
v. 調解
Unknown
n. 堅果；瘋子
n./adj. 黃金(色)
v. 發音
Unknown
n. 甲板
n. 喪失；遺失
v. 散開
adj./n. 同性戀
n. 花瓶
v. 敢於…；膽敢
adj. 寧靜的
n. 含酒精的飲料
n. 犯罪
n. 石油
n. 木板；牌子
Unknown
v./n. 密謀；陰謀
n. 運送人；航空母艦
v./n. 跳過；跳躍
n. 議程
n. 暖氣機
n. 對質；對抗
n. 技能
adj. 敏感的
n. 抒情詩
n. 下降
Unknown
n. 物體；目標
Unknown
v. 主持
n. 手帕；圍巾
n. 皇室成員
n. 大規模購物中心
n. 測量儀表；公尺
Unknown
v. 震動
adj. 頑皮的
n. 標題
n./v. 籠子；監牢
Unknown
Unknown
n./v. 讚美；稱讚
n. 知識
n. 顧問
v. 使悲傷
adj. 幸運的
n. 入侵
n. 肉商
n./v. 塔樓；屹立
n. 工程
n. 警察
n./v. 牧羊人；引導
n. 暴力
adj./adv./n./pron.  最後的；最近的
v. 辨別
n./v. 帽子；覆蓋
n. 問卷
n. 綽號
v. 不信任
n. 長統襪及短襪
v. 查明
n. 計算機
n. 成見；頑念
n. 海豚
n. 架子
n. 外用藥水；化妝水
adj. 武裝的
adj. 滿意的
adj./n. 化學的
n. 立方體
n. 船
n. 工業
n. 存在
n. 電報
adj. 吵鬧的
Unknown
n./v. 報告；述說
v. 敘述
n. 學位證書
Unknown
n. 鹽
n. 海洋
adv. 合理的
n. 踏板
n. 毫克
v. 治癒
n. 下午
n. 養老金
adj./prep. 過去的
n. 馬達；原動力
n. 神職人員；牧師
adj. 毀滅性的
n. 反抗
adj. 建設性的
prep./adv. 在遠處
adj./pron.  許多
adj. 熱的；熱情的
Unknown
v./n. 傳真；傳真機
n. 汽油
n. 對話
n. 肝臟；居住者
n./v. 提倡者；擁護
n. 小蝦；矮子
adj. 魔法的
n. 排球
Unknown
n. 季節
v. 承擔
adv. 以後
n. 社區；共同體
v. 移開；取代
n. 沙漠
v. 出現；顯露
v. 低估
adj. 中等的
n./v. 榮譽；使…增光
Unknown
v. 前往
prep./adv. 靠著…旁邊
v. 吸；吮
n./v. 關心；照顧
v./n. 皺眉；表示不滿
adv. 有時
n. 陸軍中尉
Unknown
n./v. 規則
adv. 急忙地
v. 使現代化
n. 棺材
Unknown
adj. 沉重的
n. 王子
v. 不滿
n. 有利條件；優勢
Unknown
n. 孿生子之一
n. 黏土；泥土
adj./n. 二十
adj./adv./v. 進一步的
adj./adv. 深的
n. 斜坡
adj. 可怕的
n. 會計學
Unknown
n. 花生
n. 監護人；警長
n./v. 早餐
n. 恢復
n. 公民；市民
Unknown
v. 包括
n./adj. 長方形；長方形的
n. 決心
n. 老闆
adj. 有影響的
n. 媒倉；掩體
n. 花(叢)
n. 限制
adj. 獨居的
Unknown
n. 保證
Unknown
v. 眨眼；漠視
adj. 熱帶的
interj./n. 再見
n. 新聞記者
n. 加侖
adj. 預防的
n. 理由
adj. 狂怒的；猛烈的
n. 颶風；暴風雨
n./v. 土壤；弄髒
n. 蓮；忘憂樹
n./v. 感官；覺得
adj./v. 多餘的；撥出
n./v. 輪子；旋轉
Unknown
n. 墮胎
n. 一套衣服
n. 書店
n. 旅館；飯店
adj. 親切的
n. 長壽
v. 洗澡；沐浴
n. 惡夢
Unknown
n. 優越
adj. 低度開發的
n. 創作者
Unknown
v. 依從
n./v. 味覺；品嚐
adj. 腐敗的
n. 鏟
adj. 機密的
adv./adj. 進一步地
adj. 裸的；不加掩飾的
adj./n. 算術的
n. 保險費
n. 熱情
n. 打字機
n. 廚房
Unknown
n. 模範
Unknown
Unknown
adj. 光輝的；傑出的
adj./prep. 過去的
n. 困難
n. 清償
n. 女演員
n. 棗；棗椰樹
Unknown
adj./n.第 v. 的；秒
Unknown
adj. 貧窮的
adj. 嚇壞了的
adj. 完全的；絕對的
adj. 粗糙的；殘酷的
n. 下巴
adj./n. 仙女
Unknown
pron. 哪一個
adj./n. 有資格的
adj. 馬虎的
n. 部長；外交使節
n. 大砲
v. 注射
v./n. 反駁
n. 安全性
n. 士氣
n. 發明；創造力
adv. 向下的
n. 朝代
n./v. 架構
v. 支配
v. 暗示
v. 限制
n. 果凍
n./v. 發怒
n./v. 信用；賒帳
n. 卡路里
n. 旅行者
n. 盤尼西林
Unknown
adj./n. 巨人；巨大的
v./n. 弄碎；壓碎
v. 探查
adj. 無窮的
n. 玫瑰
n./v. 嫌惡；使厭惡
adj./n. 六十
n. 教育；教育學
n. 公雞
n./v. 詭計；欺騙
prep./adv. /conj 如同；當…時；雖然
n. 米
v. 使清潔
v. 拘留；耽擱
Unknown
n. 教堂
prep./adv. 各處；大約
n./v. 循環；畫圓圈
n. 方面；觀點
Unknown
n. 夥伴；伴侶
v. (n)娛樂
adj. 極好的；嚇人的
v. 認為；考慮
n. 女英雄
v. 關聯
Unknown
Unknown
adv. 很好地
v. 埋伏突擊
v. 喚起
n. 決定
n. 澡缸；沐浴
adj./n. 六
n. 棲木；高而安全的地位
n. 小說家
n./v. 損害；傷害
Unknown
Unknown
n. 航空郵件
Unknown
v. (n)完成；達到
adj. 最近的
n. 山
adv./n. 明天
n. 驢
adj./n. 十九
adj./adv. 附近的
adj./n. 公眾的；大眾
adj. 密封的
n. 差事；任務
n. 地下室
v. 限制；使侷限
Unknown
n. 小囚房；細胞
adj. 法律上的
n. 準備就緒；迅速
Unknown
adj. 上等的
n. 教堂的庭院(墓地)
n. 顧問；諮詢者
n. 倫理(學)
n. 售貨棚
n. 詞彙
n ./v. 交易；處理
v. 減掉
v. 同情
Unknown
Unknown
n. 義務；稅
n. 百合花
n. 苦；悲傷
v. 收集；聚集
Unknown
n. 護士
v. 污染物
n. 民主
n. 傑作；名著
Unknown
adj./n. 主要的；首領
prep./adv. 在…下方
adv. 在(到)國外
n. 小麥
adj. 競爭的
n. 不利之條件
Unknown
v./n. 窺視；偷看
adv.  在～以前
adv. 清楚地
n. 乞丐
Unknown
n. 缺口；峽谷；隔閡
Unknown
n. 刺激(物)
n./v. 浪費
n. 海洛英
v. 修理；校準
n. 很多
adj. 特大號的
n. 棒；沙洲；酒吧
n. 菜單；項目單
n. 派對
Unknown
n. 應試者
n. 水果；成果
n. 灰燼；骨灰
n. 閣樓
n. 帶子；樂團
n. 吉他
adj. 具有因果關係的
adj. 地(面)下的；祕密的
n./v. 視力；看見
n./v. 墨水；塗墨水於…
adj. 寂寞的
v. 屈辱
Unknown
v./n. 追捕；打獵
adj. 富有挑戰性的
adv. 離開；不在
n. 禮堂
n. 車庫
n. 青草；草地
Unknown
v. 吐露
n. 胡桃(樹)
n. 家庭主婦
n. 地雷
n. 剪刀
adj. 無效率的
n. 酒精
n. 婚禮
n./v. 控制
v. 作證
n. 樂觀；樂天
v. 喘息
n. 藥丸
v. 包括
Unknown
v./n. 排水
adj. 有…傾向的
v./n. 結束
n. 彗星
n./v. 授課
n. 曲棍球
n. 截止期限
adv. 個別地
n. 效率
n. 煎餅
adj. 不適當的
Unknown
n. 教學大綱
Unknown
v. 壓；擠
n. 心理學家
n. 磁鐵
n. 百分比
Unknown
Unknown
n. 轉變
adj. 有生氣的
n. 補足物
n. 小學生
v. (n〕決定
n. 新鮮人
v. 抓(傷)
n. 噪音
v. 建造
adj. 立方的
n. 雋語
n. 育嬰室
v. 摩擦
n. 女主席
v. 組成；存在於…
adj. 明智的
n./v. 陶藝家；閒逛
n. 愛滋病
Unknown
n. 有效
n. 不滿
n. 比較；對照
n. 介紹；引言
n. 娛樂；玩笑
n. 雜物；垃圾
adj. 防護的；保衛的
n. 必需；必需品
v. 強化
adj. 易了解的
adv. 深切地
Unknown
n./v. 要求；聲稱
n. 一餐
n. 壞運氣；不幸
v. 加深
adj. 環境的
v. 毀滅；死亡
Unknown
adj. 有效的
n. 物理學
adj./n. 人類的
n. 行人
Unknown
v. 哭泣
n. 侍者
adj. 永久的
