n./v. 旗子
v. 恐嚇
Unknown
n. 圖解；說明?
adv. 憑藉
v. 蒸發
adj./v. 較低的；降下
Unknown
v./n. 拖
adj. 善於觀察的
n. 殖民地
n. 存在
n. 無能力
n. 鳳梨
v. 後退；撒退
v. 違背；侵犯
adj. 便攜的
n. 芭蕾舞
n. 大赦
Unknown
n. 家畜
n./adj. 胚胎；未成熟的
adj. 種族的
n. 成見
n./v. 奶油；塗奶油於
n. 雋語
Unknown
n. 一擊
n. 自殺
Unknown
adj. 疲倦的
n. 連字號
n. 糾察隊員
n. 小酒館
n. (藥物等的)一劑
n. 被提名人
n. 介紹；引言
n. 海報
n. 陰影
n. 策略
n. 喜劇
n. 先生
n. 補償
adj. 累積的
n. 限制
v. 使能夠
n./v. 吹；吹氣；打擊
n./v. 美味；喜愛
adj. 沒有察覺到的
Unknown
n. 白堊；粉筆
n. 標籤
n. 建立；基金會
adj./v. 腐敗的；敗壞
n. 祖先
v. 使惱怒
adj. 多災多難的
adj. 過份的
adj. 簡單的
n. 展示會
v. 推斷
n. 鴨子
n. 障礙物；棚欄
v. 敘述
n. 障礙
v. 使暴露於
n. 朋友
n. 宴會
v. 應得
n. 媒體
v. 消化
v. 徘徊(於)
n. 重建(物)
v. 使滿足
n. 相似
adv. 主要(地)
n. 參與者；分享者
adj./n. 家庭的
n. 人行道
adj. 極好的
n. 苦；悲傷
adj. 比較上的
n. 降雨
n. 證書
adj. 生物(學)的
Unknown
n. 櫃檯；籌碼
n. 峽谷
v. 安慰
v. 使混亂
n. 吸引力
adv. 個別地
n. 謹慎
n. 政策
v. 使想起
v. 將…奉獻給
Unknown
adj. 確信的
n./v. 蒸汽
n./v. 資金
n./v. 受傷
v. 拖
v. (使)高興
adj.  有趣的；有魅力的
n. 背景
n./v. 擴展
n. 事件；插曲
adj. 心理(上)的
n. 民主
v. 歡迎
Unknown
n./v. 拖延
n. 患病；身體不適
n. 鄰近地區
adj. 明亮的；聰明的
Unknown
adj. 好管閒事的
adj. 公共的
n. 差別
n. 全景
n. 前夕
n. 管子
Unknown
n. 政府；政體
v. 使不快
n. 觀察
v. 占領
Unknown
adj. 清白的；無知的
n. 推斷
n./v. 軟片；電影
n. 路
n. 小馬
n. 標點(法)
v. 做不正當的事
n. 顧客
adj. 感謝的
n. 下水道
adj. 受過教育的
n. 信念；信條
pron. 誰
n. 接受者；受話器
n./v. 勝利；戰勝
n. 甘蔗
n. 清白；無知
n. 永久居留地
n. 女主席
v. 行刺
n. 危險；威脅
n./v. 調查；審視
n./v. 鏈條；束縛
n. 馬拉松賽跑
adj. 暗示的
adj. 每月一次的
n. 神話學
v. 亂砍
n. 航空器；飛機
v. 接著發生
v. 眨眼；漠視
n. 煙霧
n. 記錄
pron. 誰的
n. 習慣
prep. 在旁邊
n. 愛滋病
adj. 有教養的
n. 行星
n. 經紀人
adj. 淺的
n. 互動
adj. 嫩的
n./v. 修理
n./v. 鎖
adj. 易接近的
adj. 現代的
v. 消失
n./v. 級別；評分
n./v. 營地；露營
n. (長筒)靴
Unknown
n. 重覆
n. 古柯鹼
n. 紳士
v. 犯(罪)；把…託交給…
n. 主題
n. 村莊
n./v. 比賽；競賽
adv. 永遠
n. 小牛
adj./n. 盡頭的；極限
n. 戰士
v./n. 聊天
n./v. 舐；(火)蔓延
n. 迎賓員
v. 歸屬於
Unknown
n. 救生艇
n. 鱷魚
v. 畫；拖拉
adj. 唯一地
adv. 也許
n. 居先；優先(權)
adj. 地理學的
n. 啤酒
n. 同事
Unknown
n. 修辭學
n./v. 貿易
n. 學生
Unknown
adj. 想睡的
v. 撥給
n. 黎明
adj. 無憂無慮的
n. 瓷器
adj. 小的
n. 拍
n. 阿斯匹靈
n. 肉體
v./n. 排水
n. 領土
Unknown
n. v. 游泳
adj. 同一的
v. 攀爬
n. 火車
adv. 不知怎麼地
n. 元首
adj. 臉色蒼白的
Unknown
n. 流行
adj./v. 清醒的；喚醒
n. 記錄
n. 意識形態
v. 侵蝕
v. (使)窒息而死
n. 爸爸(非正式)
Unknown
v. 遷移
adj. 詳細的
adj. 難忘的
n./v. 哀傷；遺憾
n. 請願(書)
n. 學位證書
n./v. 網；用網捕
adj. 魔法的
n. 畢業；畢業典禮
n. 工商人名錄
n. 儀式
v. 部分重疊；部分相同
n. 偏離
adj. 貨幣的
Unknown
v. (n)使驚愕
adj. 可食的；食用的
n. 浴缸
Unknown
v. 編纂
n. 意義；重要性
n. 外科(手術)
n. 城市
n. 自治(權)
n. 百科全書
Unknown
adj. 不完全的
adj. 果斷的
v. 閃爍
adv. 大膽地
n. 外國人
adj. 內在的
n. 宣布；聲明
n. 鯨
n. 故事
adj./n. 由兩部分構成的
v. 反射
n./v. 等候
n. 壓；按
n./v. 損害；傷害
v./n. 結束；完成
Unknown
n. 傷亡者
n./v. 梳子；梳頭
adj./adv./pron./conj.  兩者都不
n. 爪子；鉗；贅
n. 殺人者
adj./n. 十二
n. 分開
n. 候選人
n. 草坪
n. 猴子
adj./adv./pron. 兩者皆
adj. 法律上的；合法的
adj. 令人驚訝的
adj./n. 四方的
n./v. 肩膀；肩負
n. 文法
adj./n. 共和國的；共和主義者
Unknown
n. 驢
n./v. 休息室；懶洋洋地坐或站
adj. 磁鐵的；帶磁性的
v. 合併
adj./adv./n. 足夠的
adj. 突然的；魯莽的
n./v. 關心；涉及
Unknown
n. 和平
n./v. 片語；用語言表示
n. 車站
adj. 好客的
adj. 環境的
n. 揚聲器
adj./n. 黑的
n. 煙草
n./v. 種類；把·分類
n. 成員
adv./pron./conj.  在哪裡；哪裡
v. 使開化
adj. 苗條的
v. 作曲；組成
adj. 外面的；肉體的
Unknown
n. 汽車旅館
n. 起源；由來
adj. 重的
n. 咖啡店；咖啡
n. 旋轉
n./v. 等級；並排
Unknown
adj. 啞的；愚笨的
v. 追上
n. 鵝；傻瓜
n. 姑媽；阿姨
n. 十一
n. 知識
n. 海關；習慣
v. 克服
adv.  因此
n. 精神；心靈
v. 警告
n. 加速
v. 發射
v./n. 摸；感覺
adj./n. 十九
n. 口渴
n. 潤滑劑
Unknown
n. 同情心
adj. 能；有能力的
adv. 很好地
adj. 好的
n. 保留
n./v. 交叉；越過
adj. 尊重的
v. 播(種)
n. 場合
v. 坦承
n./v. 架構
n. 旅舍
n./v. 責備；歸咎於…
adj./adv. 最大程度地
n. 彗星
Unknown
n. 紊亂
adj. 沉默的
Unknown
n. 武器
n. 松鼠
n./ v. 開關；轉變
n. 醜聞
adj. 古怪的
v. 升起；復活
adj. 必需的
n. 廣告
v. 隱約的或威脅性的出現
adj. 無限的
adj.  負債的
adj./prop. 如此的
Unknown
n. 禮節
n. 哩數
Unknown
v. 說
adj./n./v. 相反的；反轉
adj. 偶然的；意外的
Unknown
adj. 遮蔭的
Unknown
Unknown
Unknown
n. 欣賞；感謝
n. 頸；脖子
n. 嘴唇
n. 壁櫥；衣櫥
n. 空氣；大氣；天空
n./v. 打賭
n./v. 舉起
adj. 非常貧窮的
n. 眼鏡
Unknown
n. 門
n. 側面像；輪廓
v./n. 展示
n. 形勢
n. 襯衫
n./v. 瞪眼
n. 野蠻人
n./adj. 常青樹(的)
Unknown
v. 承認
adj. 整潔的
v. 報…之仇
v. 提升
Unknown
Unknown
v. 償還
n. 木板；牌子
n./v. 分擔；分配
n. 蓮；忘憂樹
n. 馬
adv. 相對地
n./v. 飛行員；駕駛
v./n. 崩塌
n. 特權
n. 小丑
v. (n〕決定
n. 書店
n. 傷害
n./v. 呻吟
v. /n授予；獎品
v./n. 爭論
n./v. 聊天；說話
adj. 經濟的；節儉的
n./v. 志願者；自願
n. 口紅
n. 諺語
n. 頻率；頻緊
n. 地震
conj.  如果
v. 拯救
Unknown
n./v. 抗議
Unknown
Unknown
n./v. 行列；排隊
n. 抑制
adj./adv. 較少的/地
prep./conj. 直到
n./v. 恥辱
adj. 友善的
n. 房問
v. 覆蓋
n. 資產
Unknown
n./v. (一)滴；下降
n./v. 聲譽
Unknown
n. 電影
v.(n. )放回
v. 通勤
n. 官僚
adj./n. 經典的；名著
n. 製造者
v. 懷疑
Unknown
v. 勸阻
adj. 糟透的
n. 隨身聽
n. 祈禱
n. 一月
n. 主教
n./v. 條紋；快速移動
adv. 某處
Unknown
adj. 以…為基礎的
n. 豆腐
n. 精緻
adj./n. 音樂的
Unknown
n./v. 答覆
adj. 連續的
adj. 有害的
n. 空間
adj. 不重要的
n./v. 哨子；吹口哨
n. 權力；當局
Unknown
n. 類型
n./v. 勞動；勞工
n. 提議
n. 暴露；陳列
Unknown
v. 驅逐
adj. 穩定的
n. 大門；柵門
n. 狀態
adj./n. 複雜的；情結
n./v. 橋樑；艦橋
n./v. 連結；環結
v. 融化
n. 經濟學
n. 事實；實例
v./n. 傳真；傳真機
prep. 取道
n. 客戶
n. 堆
v. 想像
adj./v. 安靜的；使安靜
n./v. 記號；簽字
adj. 依賴性強的
n./v. 暫停
n./v. 監視器；監控
adv. 如何；多少
n. 氣候；風氣
n. 登陸
adj. 類似的
adj. 顯著的
Unknown
n. 同輩
n./v. 進口
adj. 必死的
n. 多樣性
n. 建築師；設計師
n. 百萬富翁
adj./n. 十八
adj./n. 棕色的
n. 木材
n. 教學大綱
n. 持有者
v. 堅持
n. 航空(學)
adj. 陶器(藝)的
adj./v. 狹窄的；限制
adj. 幸運的
adj. 敏銳的
n. 邊界；市郊
n. 房客
n. 髮型
n. 油輪
adj. 特大號的
n. 氧
n. 孔子
n. 取得；獲得物
Unknown
v. 前往
adj. 家庭的；國內的
n. 傑出；優點
n. 勃魯斯音樂；沮喪
n./v. 寂靜
n. 大砲
v. 開啟
adv. 仍然；不過
adj. 有爭議的
adj. 使人覺醒的
adj. 構成整體所需要的
n. 空軍
Unknown
n. 酒精
adv. 向前
Unknown
n. 笑
v. 解放
Unknown
adj./adv./n./v. 兩倍的；雙重地
adj. 使人驚訝的
n. 名聲
adj. 模糊的
n. 邊綠
n. 通貨膨脹
conj. 因為
n. 拱門；拱形
adj./n. 白色的
n. 民謠
v. 耕作；培養
adv. 很少；不常
v. 跑
n. 風箏
n.  man的複數
adj. 值得讚揚的
adj. 個人的
adj. 輕率的
n. 牛仔；牧牛人
adj. 僅僅的
v. 圍住；把(公文等)封入
n. 大腿
n. 相似
v. 凋謝；枯萎
adj. 笨拙的；棘手的
n. 蕃茄
n. 感覺
n. 責任
adj. 合作的
adj. 污穢的
adj. 坐落在…的
adv. 模糊地
Unknown
v. 用力投擲
v./n.  尋找；得到
n. 藝術家；藝人
adj. 生的
n. 爆炸；劇變
adj. 焦慮的
Unknown
n. 兔
n. 沙漠
n./adj. 悲哀；憂鬱
adv. 可能
adj. 奇怪的
n. 住房建築
n./v. 舞臺；上演
adj. 奇特的
pron. 我們
v. 發誓
n. 宗教
v. 主持
adj./n. 二
n. 束西
v.(n. ) 宣布
n./v. 價值；估價
n. 竊賊
n. 威嚴；王權
n. 繩子
n. 碎片
Unknown
n./v. 刺；戳
n. 造反
v. 打瞌睡
v. 珍惜
adj. 正常的
n. 段落
n. 長統襪及短襪
Unknown
n. 奶油；乳脂
v. 限制；控管
adj. 陡峭的
n. 奇蹟
Unknown
Unknown
v. 使有尊嚴
adj. 活著的
n. 白天
n. 草地
n. 電視機
n./v. 焦點；集中
v. 減掉
n./v. 原諒
adj. 無意義的
adj. 學校的
adj. 感謝的
n. 儲存
adj. 神智清醒的
adj. 歷史上著名的
v. 保存
n. 蜘蛛
n. 水道；渠道
n. 夥伴
v. 組織
adj. 自由的
Unknown
