n. 蕃茄
Unknown
adj. 傑出的；卓越的
v. 暗示
n. 節日；歡樂
Unknown
n.  球莖(根)
n. 教學大綱
n. 偽君子
adj. 羞怯的
Unknown
v. 使多樣化
Unknown
n. 繼績
n. 偽君子
adj./n. 中問的；中部
n. 繃帶
adj. 一些
Unknown
n. 生氣
v. 捆；綁
n. 地下室
adj./adv./n./v.  後面的；背部；贊助
v. 丟失
adj. 最初的
adj./v. 忙碌的
Unknown
Unknown
Unknown
n. 計畫
adj. 行政的
Unknown
n. 素描；製圖
n./v. 滑倒
n. 雜貨店
v. 把…歸咎(於)；指控
n. 威脅
Unknown
n. 祈禱
n. 同事
n. 婚禮
n. 能力
adj. 守本分的
Unknown
v. 驅逐出境
adj. 磁鐵的；帶磁性的
adj./v. 向前；今後
n. 焦慮
adj. 神祕的
n. 傳記
n./v. 築巢
n./v. 船；坐船旅行
n. 起源；由來
adj. 穩固的
adj. 行蹤不明的
n. 材料
adj. 連續的
n. 點鐘
Unknown
adj. 傲慢的
n. 陌生人
n./v. 規則
adj. 密集的；稠密的
n. 沙漠
n. 警告
n. 毫克
n. 語調
Unknown
n. 適應；改編(本)
n. 票
n. 上下文
n. 身分；同一性
n./v. 保證；擔保品
v. 比較
n. 感激
n. 預防措施
Unknown
Unknown
n. 小孩子
v. 埋伏突擊
n. 星期六
v. 詳述；排演
Unknown
v. 想出
n. 草莓
n. 路
n./v. 小船；划船
n./v. 請求；要求
adj. 非常貧窮的
n. (市內)有軌電車
n. 磚
adj. 兇猛的；猛烈的
Unknown
n. 丈夫
adj./v. 向前；今後
n. 守門員
v. 同時共存
adj. 突然的
v. 敘述
v. 使悲傷
n. 金屬
adv. 謙虛地
n. 悲痛
adj. 嚇壞了的
n. 麻雀
adj. 成功的
n. 生物學
n. 懇求
Unknown
n. 洗衣店
Unknown
adj. 數學的
v./n. 歡呼；歡呼聲
Unknown
n. 週
Unknown
n. 能力；才能
n. 口譯者
n. (親戚)關係
Unknown
n. 獅子
n./v. 導致；原因
adj./adv. 遲的；晚的
adj. 的鐵釘
n. 選擇
n. 甘藍菜
n. 勃魯斯音樂；沮喪
n./v. 奶油；塗奶油於
n. 政治活動
adj. 該注意的
n. 衣服
n. 溼氣
n. 器具；裝備
Unknown
v. 解散
Unknown
v. 使驚恐
n./v. 水
Unknown
n. 化學家
v. 顫抖
adj. 沉重的
n. 痛苦
adj. 身體的
n. 衛生設備
v. 使銘記
adj. 絕種的
n./v. 支持
adj. 貪婪的
n. 玩伴
n. 女侍
n./v. 暫停
n. 櫃檯；籌碼
n. 舌(頭)
n./v. 口水；吐
n. 羊
n./v. 蒸汽
n. 暗喻
n. 蛋白質
n. 介紹；引言
Unknown
n. 公告
Unknown
n. 語言學
n. 皮革
v./adj. 稀釋(的)
Unknown
n. 單調
adj. 經濟上的
n. 家庭主婦
adj. 垂直的
n. 破壞
Unknown
n. 啦啦隊隊長
adj. 公平的
v. 執行；演出
adv. 在室內
n./v. 形狀；做成
n./v. 對比
n./v. 裝載；負擔
adj. 有能力的
Unknown
n. 印象
adj. 仔細的
adj. 支配的
n. 衛生
adj. 健談的
n. 樹籬
adj. 不同的
n./v. 探望
prep. 除了…之外
n. 神學家
adj. 拘泥形式的
n./v. 程序；編製程序
Unknown
n. 事實
v. 安慰
v. 行刺
n./v. 野餐；去郊遊野餐
v. 承擔
n. 價值；長處
Unknown
n. 女繼承人
n. 開始
n. 綠洲
n. 復原
n. 事件
n. 麻疹
adj. 壯觀的
adj. 次要的
adj./n. 盡頭的；極限
v./n. 使激動；興奮
n. 眼鏡
adj./n. 攝氏(的)
n./v. 要求；聲稱
n. 表演
Unknown
adj. 愚蠢的
n/v. 波；揮動
n. 閣樓
n. 袋鼠
adj. 結果的
n. 陸地；地球
adj. 感謝的
adv. 遲疑地
adj. 淺的
v. 保存
adj. 總統(校長)的
adv. 很少；不常
Unknown
n. 氧
adj. 使人不愉快
v. 後悔
v. 到達；抵達
n. 人行道
n. 會話；談吐
Unknown
n. 小蝦；矮子
v. 使逐漸發展
adj./n. ＋五
v. 刺入
n./v. 監視器；監控
n./ v. 輕搖；慢跑
Unknown
n. 酒吧主人
Unknown
n./v. 密碼；法典
v. 悻存
n. 共嗚
n. 醋
adj. 維持生命所必需的
n. 房客
n. 燈籠；街燈
n. 保齡球
adj. 使人不愉快的
n. 偽造
adj. 激烈的
v. 摧毀
adj. 急躁的
n. 姪女；外甥女
n. 公民身分(權利)
n./v. 志願者；自願
n. 長壽
adj. 比較上的
v. 回復
n./v. 搖籃；撫育
n. 竊賊
Unknown
n. 登記手續
n. 回聲；回響
n. 牛仔褲
n. 處罰
adj. 吝嗇的
n. 百分比
n. 店員
Unknown
adj. 可以接受的
v. 談話
n. 口渴
n. 束西
n. 監護人；管理員
adj. 肺(病)的
v./n. 布署
v. (n〕滋養
v. 不滿
v. 批准
n. 手臂
n./v. 彎曲
n. 分隔間
n./v. 群；聚集
n. 水族館
n. 洩漏
n. 航空太空(包括大氣層內外)
n. 會議
v. 猛衝
v. 賺取；贏得
n. 蟑蚣卜；油蟲
n./v. 打賭
adj./adv. 正的
n. 出口；出路
n. 診斷(法)
Unknown
v. 談判
n./v. 陶藝家；閒逛
n. 課程
n. 象徵
n. 凸出物；設計；投影
interj. 哎呀(表悲傷或恐懼)
n. 植物學
n. 態度
adj. 促使
n. 提名；任命
n. 宵禁
n./v. 受傷
Unknown
adj. 親密的；熟悉的
n. 精神恢復
n. 片刻
n. 文章；冠詞
Unknown
v. 探查
n. 柱子
n. 好奇心
v. 取消資格
n. 餐廳
adj. 狡猾的
adv. 仍然；不過
n. 報紙
n. 圖書館
n. 罪過；冒犯
n. 手錶
v. 娶；嫁
v. 愛撫
adj. 設想周到的
v. 照亮
adj. 有激勵作用的
v. 使提高
v. 超越
n. 個性
adj. 同盟的
adj./n. 個別的；個人
v. 愚弄；嘲弄
v. 當心
adj. 最低程度的
n. 無決斷力
n. 劇作家
n. 鞋
v. 校正
n. 來源
n. 計劃；建議
n. 中午
n. 飛機副駕駛
n. 少年
n. 書店
Unknown
v. 死亡
n./ v. 飲料；喝
adv. 基本上
Unknown
adj. 尊重的
adj. 貨幣的
n. 形成；組成
n. 菱形花紋(布)；尿布
v. 防守；防衛
adj./adv. 較少的/地
n. 掃除
n. 軍官；官員
adj. 強烈的
Unknown
n. 過渡(期)
n. 考古學
n. 航空公司；航線
n./v. 滾動
n. 抱怨
adj. 高興的
n. 電子學
n. 手錶
Unknown
n. 專業知識
n. 節奏
n. 虔誠
v. 送
v. 競爭；妥善處理
adj. 強健的
v. (使)碎成細屑
Unknown
adj. 污穢的
adj. 好戰的
n./v. 電纜；有線電視
n. 惡鬼
v. 想起
v. 再體驗
n. 抗體
v. 反應
n. 十一
adj. 整潔的
n. 身體；主要部分
n. 判斷力
n. 鷹
n. 統治者；皇帝
n. 協會；聯想；合作
n./v. 藉口；原諒
Unknown
v. 辭職
adj. 令人愉快的
n. 心理學家
v. 摩擦
Unknown
n. 風景
v. 償還
n. 診所
adj. 紀律上的
Unknown
Unknown
n. 山頂
adj. 令人不快的
Unknown
adj. 令人厭惡的
n.  鴿
Unknown
v. 混和
v. 商議；授予
adj. 成熟的
n. 悲傷；不幸
v./n. 拖
v. 不贊成
v. 隱藏
n./v. 塞子；輕敲
pron. 哪一個
adj. 贊同的；適合的
adv./adj./n. 樓下
n. 陰蔭
n. 二月
Unknown
n. 獵人
adj./n. 男性的；雄的
n. 缺點
n. 群
n. 眾人皆知
n. 恢復
adj. 色盲的
Unknown
v. 參與
adj./n. 有魔力的；魔法
n. 美人
n. 士氣
n. 結合
n. 一長列
v. 把…淹死；淹沒
v. 扣押
n./v. 搖動
n. 典禮；禮儀
n. 安排；佈置
adv./conj. 然而
n. 門廊；休息室
n./v. 監視器；監控
Unknown
n. 起居室；會客室
Unknown
adv. 小心地
n. 藥房
adj. 全球的
n. 賭場
v. 拘留；耽擱
v. 悲傷
n. 比賽
v. 認為；構想
adj. 肌肉的
n. 追隨者；擁護者
v. 爆炸
v./n. 展示
n. 揭露
n./v. 發抖
adj. 想睡的
adj. 不重要的
adj. 好的
n. 貨物
adv. 獨立的
adj. 執行的
n. 收藏品；收集
prep./adv. /conj 如同；當…時；雖然
adj. 人造的
Unknown
pron. 無論是誰
n./adj. 較年少者
n. 河流
adj. 敏感的
v. 把…倒置
n. 女士
adv. 酷寒的
v. 統一
adj. 厚的
adj. 無用的
n. 生物化學
adj. 純粹的
adj. 不須負責任的
n. 香煙；煙捲
adv. 同樣地
n. 馬具
n. 細查
v. 減少
n. 柏拉圖(古希臘哲學家)
n. 蠟
n. 幾何學
n. 手足
Unknown
v. 自吹自擂；誇耀
n. 銀行
n. (下巴上的)鬍鬚
n. 髮型
Unknown
n. 外交
n. 標題
n. 可口可樂
v. 預言
n. 嗜好
n. 祖母；外祖母
n. 代理機構；仲介
n. 吉他
n. 噪音
n./v. 圈；圍住
v. 禁止
n. 發燒；狂熱
n./v. 魚類；釣魚
n. 分開
n. 公布
Unknown
n. 火箭
n. 下午
n. 針
Unknown
Unknown
v.(n. ) 指派
adj. 到期的
adj. 傳染性的
v. 壓倒；淹沒
adj. 有彈性的
adj. 新鮮的
n. 駕駛艙；鬥雞場
n./v. 功能；運行
n. 女主人
adj. 生物(學)的
n. 停火協定
n. 日曆；行事曆
n. 組織
n. 領袖
n. 對質；對抗
adj./v. 多餘的；撥出
n. 門徒
v. 遭受
n./adv. 這裡；在這裡
adj. 不法行為
n. 大猩猩
adj. 能；有能力的
v. 把…弄糊塗；攪亂
n. 團結
n. 種姓(制度)
Unknown
n. 衝突
prep./adv./adj.  在…上面；優於，勝過
Unknown
v. 修改
n./v. 灰塵；打掃
adj. 真心誠意的
n. 目擊者
n. 難民
v. 揭露
n. 指揮；統率力
adj. 多產的；富饒的
v. 保護
Unknown
v. (n)同意
n. 麵條
Unknown
n. 旁邊
n. 紀律
n. 神祕的事物
adj. 困惑的
Unknown
n. 信條
adj. 虔誠的
n. 牙膏
adj. 高的
n. 優越
v. 廢除
n. 皮夾子
n. 交叉口
Unknown
n. 一部分
n/v. 付錢
n. 玉米；穀物
n./ v. 開關；轉變
Unknown
n. 作物
n. 消費
n. 完備
n. 行動；作用
n. 弓；虹；蝴蝶結
Unknown
n. 字典
n./v. 吐司；烤；烘
v. 連結
n. 育嬰室
Unknown
n. 建築師；設計師
v. 吐露
adv. 有意地
n. 工具
n. 消化困難
n. 傢俱
n. 一絲光線
n. 畢業；畢業典禮
n. 推論
n. 展示會
n. 同伴
adj. 粗俗的
adj. 感情上的
adj./adv./n. 正確的
v. 放棄
n. 洗髮(精)
v. 使縮短
Unknown
n. 人口
n. 友誼
adv. 據推測
n. 氣色
n. 公事包
n. 傑作；名著
n. 場所
n. 振動
v. 消化
n. 惡少幫；阿飛黨
n. 幽默感
Unknown
n. 同輩
n. 果汁
n. 食品雜貨店
adj. 滑稽的
v. 意味著
n. 雞肉；膽小鬼
n./v. 害怕
v. 驅散
n. 兇手
adv. 大部分
n. 出售；拍賣
n. 鬼鬼祟祟做事的人
adj. 異性戀的
Unknown
n./v. 顏色；彩色
adj. 合作的
v. 修剪；夾住
Unknown
adj. 視覺的
n./v. 舉起
n. 親切
n. 詞彙
Unknown
n. 黎明
Unknown
adv. 大體上
n. 字母系統
v. 彎腰
adv./conj. 然而；雖然
n./v. 借出
adj./n. 似象牙的；象牙(質)
n./v. 細節
adj. 關鍵性的；批判的
adj. 緊張的
n. 兒子
n. 水果；成果
n. 象徵
n. 後代；後裔
n. 計算機
n. 溫度
n. (主菜前用的) 開胃食物
v. 讀
n./v. 打噴嚏
adj. 試驗性的
adv. 寂靜地
adv. 再一次
n. 鳳梨
n. 義務；稅
adj. 寬的
n. 蓮；忘憂樹
Unknown
adj./n. 一千
n. 場景
n. 小馬
v. 組成；存在於…
v. 做太多或過份
Unknown
n. 母音
adj. 可愛的
adj. 世界性的
v. 一瞥；掃視
adj./n. 肥胖的
n. 島
adj. 愛國的
v. (n)完成；達到
n. 基督教
Unknown
adv. 模糊地
adj. 勤勉的
adj. 極度的
Unknown
n. 控制；熟練
adj. 建設性的
n. 最低限度；極小
adj. 幽默的
n. 關閉
v. 使不快
v. 伸開四肢躺(坐)
n./v. 洗滌
n. 統治者
adj. 英勇的；大膽的
n. 精緻
v. 評估
v. (使)搖動
adj. 自私的
v. 加寬
adj. 粗糙的
n. 議程
n. 佛教
n. 判決
n. 設計師
n. 保護
n. 離了婚的女人
prep./adv./conj.  在…之前
n. (被)起訴
Unknown
n. 膝蓋
adj. 電子的
n. 午餐
n. 安全
n. 碗櫃
n. 調味蕃茄醬
adj. 怪物的；恐怖的
n. 詩節
n. 超級高速公路
n. 快樂
adj. 必死的
v./n. 希望
n./v. 叉子；分岔
adj./v. 空的
adj./v. 較低的；降下
n. 自我
v. 使滿足
adv. 在旁邊；除…之外
n. 軍艦
adj. 纖弱的；雅緻的
n. 贊助人
v. 批評
v. 使傾覆；推翻
v. 呼吸
Unknown
adj. 嫩的
n. 監護人；警長
n. 馬
adj. 複雜的
v. 描繪
Unknown
n. 救生艇
v.(n. ) 安排
n./v. 觸覺；觸摸
n. 城鎮
n. 筷子
n. 新鮮人
n. 頸；脖子
v. 取回
n./v. 供應
v. 妨礙；干預
n. 兔
n. 惡性腫瘤；癌症
n. 裙子
adj. 有系統的
adj. 榮譽的
n. 移位；取代
n./v. 抗議
Unknown
n./v. 芽；發芽
Unknown
n. 季節
n. 蠟筆
adj. 保守的
v. 包括
adj. 富有挑戰性的
n. 石油
n. 詩
v. 使旋轉
Unknown
n. 泥
adj. 多才多藝的
n./v. 旅遊
n. 水塘
adj. 明確的
n. 自由；獨立自主
n. 廉正
prep./adv. 向上地
adj. 被限制的
adj./v. 正確的；更正
n./adj. 刺激
Unknown
v. 急忙
n. 酒鬼
n. 衛星
n./v. 十字鎬；挑選
Unknown
adj. 有效的
adj./n adv. 第一的
n. 接受者；受話器
n. 銷售員
v. (n)使洩氣；使沮喪
v./n. 抓取；奪取
Unknown
adv. 大部分
n. 慣用語
adj. 保護的
adj. 健忘的
adj. 美麗的
n. 科學
v. 診斷
n. 分析
n. 禮節
n. 臥室
v. 孵蛋；策劃
n. 抑制
n. 舞廳
n./v. 嘗試
n. 貢獻；捐獻
n. 樣式
v. 把…借給
n. 男演員
n/v. 速度；急行
n. 例子；樣品
n. 同意；認可
n. 郊區
n. 諺語
v. 興旺
Unknown
n. 南極或北極
adj. 天真無邪的
n. 表面
n. 帝國；王權
Unknown
n. 南瓜
adj./n. 圓的
n. 選舉
adj. 敵人的
adj. 潮溼的
v. 欽佩；欣賞
adj. 未加工製造的
n. 糾察隊員
n./adj. 長方形；長方形的
n. 四月
n. 禁忌
n. 大陸；大洲
adj. 可愛的
adj. 有區別的
n. 人們
adj. 地方性的
prep./n./adj. 加
n. 種類
adj. 戲劇的
n. 觀光
n. 限制
n. 帳單；鈔票
n. 真誠
adj. 著名的
v./n. 抓住；支撐
n. 新聞記者
v. 恭喜
Unknown
adj. 連續的
adj. 多災多難的
v. 參加
n. 高速公路
n. 位置；郵局
n. 發達
n. 電影
n. 領導者；指揮
adj. 城市的
n. 工作
n. 元帥
n. 歌手
n. 意圖；目的
adj. 富有的
v. 收集；聚集
v. 使工業化
adj. 相互的
n. 音量
Unknown
adj. 雄偉的；重大的
adj. 局部的
Unknown
n. 考試
Unknown
n. 女主人
Unknown
n. 花(叢)
n. 洗禮
v. 噴；濺散
adj. 對…不感興趣
n. 證據
n. 和平
n. 香蕉
v. 號叫
n./v. 手指；指出
n./v. 競選活動；戰役
n. 動機
n. 主義
adj. 軍事的
n. 散文；論說文
Unknown
n. 贖金
n. 重建(物)
