n. 下降
v. 奉獻
n. 高潮
v. 增高
adj. 精通的
adv./n. 今天
n./v. 釘子；指甲
n. 高度
v. 處理；配置
n. 民主
interj. 乾杯
n. 新鮮人
Unknown
n. 一段時問
Unknown
adj. 令人恐懼的
n./v. 線；穿線於
n./v. 問題；詢問
n. 公園
adj. 單調的；遲鈍的
n. 地平線；眼界
n. 資訊
n./v. 輪子；旋轉
adj./adv./n. 足夠的
adj. 極有趣的
v. 背誦；記憶
adj. 惡意的
adj. 特大號的
adj. 次要的
n. 短襪
Unknown
n. 護照
conj. 也不
n./v. 焦點；集中
n./adv. 住家；家庭
n. 隧道
v. 提升
n. 說謊的人
adv. 自負地
v. 辨別
v. 招致
n. 圖書館
v. 渴望
adj. 如期的；準時的
n. 調查者
n./v. 拖把
v. 犯錯
v. 哺乳
n. 記錄片
n./v. 平衡
v./n. 捕獲；獲物
v. 繼承
n. 海軍
v. 深思
n. 尾巴
adv. 全體一致地
n. 石油
Unknown
adj./n. 後面的；後半的
v. 擅入
v./n. 嘗試
n. 議程
adj/adv. 平坦的
n. 政治活動
adj. 完成的
adv. 很快
n. 煤礦；煤塊
n. 三角形
n. 種姓(制度)
n. 測量儀表；公尺
n. 領域
n. 小蝦；矮子
n. 代名詞
n./v. 副本；拷貝
n. 起源；由來
n. 啦啦隊隊長
n./v. 讚美；祝賀
n. 移民
n./v. 烤肉
n. 標籤
v. 通知
n. 熊貓
n. 運輸
n. 母音
n. 農業
n./v. 匙；用匙舀
n./v. 聲音；表達
n. (藥物等的)一劑
n./v. 監視器；監控
n. 噸
v. 伸開四肢躺(坐)
n/adv. 那裡
adj. 無效率的
n. 和平
n./v. 塞子；輕敲
n. 移民
Unknown
n. 詩
n. 環境；圍繞
v. 奮鬥
n. 決定
v. 恭喜
v. 細看；掃描
adj. 珍貴的
n. 謠言
n. 三明治
n. 鋼琴
n. 先生
v. 爆炸
n. 精製品
n. 熊；魯莽之人
adj. 狡猾的
adj. 巨大的
adj.  有創造力的
n. 長沙發；睡椅
n. 王子
adj. 政府的
v./n. 呻吟(聲)
n. 識字；讀寫能力
n. 總統(校長)的職位
n. 光碟
adj. 狂熱信仰的
adv. 兩次
n. 頭痛
n. 甜點；餐後點心
n. 殘存
adj. 口渴的
n. 有效
v. 監督
n. 洩漏
v. 後退；撒退
n./v. 勝利；戰勝
n./v. 許可；執照
adj. 不公平的
Unknown
n. 日落
n. 廉正
v. (n〕滋養
adj. 外部的
adj. 強健的
n. 海豚
n. 作者
adv./conj. 無論什麼時候；每當
n. 女房束
adj. 愛的
prep. 在…當中
v. 把…歸因於
adj. 光榮的；輝煌的
adj. 種族的
n. 教育；教育學
adj./adv. 一週一次的
n. 門徒
n. 市長；鎮長
adj. 家常的
Unknown
n. 職業
n. 孫女；外孫女
n. 主旨
n. 暖氣機
v. 送
Unknown
n. 衣服
n./v. 投；演員陣容
n. 進入
v. 表現；行為舉止
n. 帽子
adj./n. 親愛的
n. 小孩子
n. 偏愛
n. 毛毯
adj./v./n. 破產的
n. 努力
adj. 似畫的
n. 解除
adj. 好的
v./n. 跳過；跳躍
n./v. 奶油；塗奶油於
n./v. 刺傷(處)；刺
n. 烏鴉；雞啼聲
n./v. 瘟疫；折磨
n. 預防措施
adj. 可愛的
v. 修理；校準
v. (n〕實施
Unknown
n. 根
n. 老虎
adj./n. 二
n. 悲劇
n. 天國；極樂之地
adj. 毀滅性的
n. 一部分
n. 移民
n. 捐贈；捐贈物
v. 同意；認可
adj. 殘忍的
adj. 謙恭的
n./v. 暫停
n. 穩定性
v. 偷聽；無意中聽到
Unknown
adj. 邪惡的
n. 善良
adj./n. 無效的
Unknown
n. 一束；一群
n. 咖啡店；咖啡
v. (使)挨餓
adv. 主要(地)
adj. 基本的；初級的
v. 接著發生
Unknown
n. 天花
n. 胡椒粉
v. 擅長
v./n. 猜測
n./v. 炸彈；轟炸
n./v. 扇子；煽動
n. 目標
n. 真誠
n. 傷亡者
adj. 易變的
adv. 時常
adj. 活的
n. 鼻；嗅覺
v. 反抗
n. 大桶
adj. 有暴風雨的
v. 污染
v. (n)使洩氣；使沮喪
n. 不滿
adj. 勇敢的
Unknown
n. 宮殿
n. 玻璃；玻璃杯
n. 全神貫注
n. 雜物；垃圾
n. 主廚
n. 帳戶；描述
adj. 神學(上)的
adj. 精神的
v. 分離；啟程
ad v. 在昨夜
adj. 拘泥形式的
n. 上下文
Unknown
n. 所有權
adj. 幸運的
n. 豌豆
adj. 自暴自棄的
n./v. 夢；做夢
n. 圓盤；唱片
n./v. 高爾夫球
adj. 多產的
Unknown
n. 毛髮；頭髮
adj./adv. 較小的
v. 猜想
adj. 省的
adj. 感情上的
n. 牛肉
n. 機器人
n. 發明者
n. 長度；期間
n. 天賦；天才
n. 公司
n. 育嬰室
adj. 溼的
n./v. 關心；照顧
n./v. 齒輪；搭上齒輪
n. 面紗
n. 大廳；走廊
adj. 帝國的
n./v. 益處；使用
v. 面臨；對抗
n. 創作者
n. 辦公室
n./v. (一)滴；下降
n. 主題
n. 毛蟲
Unknown
n. 災難
n. 牧地；草原
v. 調查；研究
Unknown
n. 因素；代理人
n. 外交
Unknown
n. 生麵團
adj. 課外的
n. 護民官
Unknown
n. 外套大衣
n. 部隊
v. 減輕(痛苦)
n./v. 手；交給
v. 使成為必要
n./v. 衝動；催促
n. 限制
adj. 不貴的
adj./adv./v. 乾淨的
n./v. 恐慌
prep./adv. 在…後面；落後
adj. 非常貧窮的
Unknown
v. 否定；否認
n./v. 責備；歸咎於…
n. 基因；遺傳因子
n. 燕子
n. 公爵
n. 文法
v. 介紹；提出
adj. 睡著的
n. 管子
n. 勾子；陷阱
adj. 便宜的
n. 性格；特質
adj. 感情上的
n. 處理；配置
v. 把…倒置
adj. 巨人似的；龐大的
adv. 在將來某個時候
n./v. 負擔；加負擔於…
n. 混亂
adj. 許多的
adj. 最初的
v. 使銘記
n. 委託
v. (使)變寬
adj. 完全地
adj. 禿的
v. 興旺
v. 參加
adj/n/v. 適合的
adj./n./v. 迷戀
n. 節日；歡樂
v.  表達
n. 天鵝
adj. 維持生命所必需的
n. 公民科
n. 精英
n. 本文
Unknown
adj. 有益的
n./v. 鞦韆；搖擺
n. 苦難
adj. 值得注意的
n. 男孩；少年
adj. 全部的
v. 蹲伏
Unknown
n. 殺蟲劑
n. 會計師
n. 籃子；簍子
n. 報告者
v. 除去
n.  球莖(根)
n./v. 擺渡；渡輸
adj. 好客的
adj. 奇怪的
v. 提升
Unknown
adv. 這樣
Unknown
Unknown
v. 使複雜化
n. 洗碗機
v. 包含
n. 討厭的事物、人、行為等
n. 金髮白種人
n. 體育館
n. 哲學
adj./n./v. 相反的；反轉
v. 貶值
n. 累積
adj. 自願的
v. 削弱
n. 獎券；彩票
adj./n. 青春期的；青少年
adj./n. ＋五
n./v. 要求；聲稱
n. 遷移
n. 趨勢
v. 偷
n. 頭盔；安全帽
n. 汽車旅館
n. 禮堂
n./v. 滑倒
adj./v. 多餘的；撥出
adj./n. 七十
n. 住房建築
n. 鬚
n. 網際網路
n./v. 對比
n. 憂慮
n. 交際
adj. 可選擇的；隨意的
adj. 令人欽佩的
n. 手套
adj. 多重的
n./v. 圈；圍住
adv. 小心地
n. 難民
n.  鴿
n. 處罰
n. 工藝；太空船
adj./adv./n. 南方的
n. 諺語
adj./n. 最初的；原著
v. 誤會
n. 衣服袖子
n. 同義詞
n. 優越
n. 地主
adj. 滑溜的
v. 競爭；比賽
n. 一套衣服
n. 工業
v. 分開
v. 生產
Unknown
n. 缺點
v.(n. )使移動；使感動
adj. 有學問的
adj. 主要的
n. 洗禮
n. 控制；熟練
adj. 情報的
Unknown
n. 蘇打水
n./adj. 悲哀；憂鬱
adv. 酷寒的
n. 廚房
n. 文件夾；投資組合
n. 洗潔劑
n. 鵲子
v. 浮現；顯露
adj. 有效力的
Unknown
v./n. 作弊；欺騙
adj. 傲慢的
n. 大廈；官邸
adj. 可敬的
n. 肥料；促進發展者
n. 會議
n. 初學者
v. 把…歸咎(於)；指控
v. (n〕決定
adj. 多山的
n. 機械裝置
adj. 幸運的
n. 射擊
n. 冒險(行為)；投機
adj. 傑出的；卓越的
v. 前往
n. 公寓大樓
adj./v. 直接的；指向
Unknown
adv. 同樣的
n. 乒乓球
n. 成見；頑念
n./v. 繁衍；滋生
v. 使惱怒
n. 猴子
n. 沙漠
adj. 最近的
n. 泵
adj. 殘酷的
Unknown
n. 赤字
adv. 再也(不)
n. 愛滋病
v. 坦承
n. 日曆；行事曆
Unknown
n. 塞子
adj. 隨之而來的
n. 旋律
adj. 近視的
prep/adv. 在外
adj. 強烈的
adj. 哲學的
n. 接受者；受話器
n. 選舉
adj. 和藹的；雅致的
Unknown
n. 反應
Unknown
n. 晚餐
n. 衝突
adv. 驕傲地
n. 蠟筆
Unknown
n. 應用；申請書
n. 告別；告別詞
adj. 獨特的
n. 手錶
adj. 明確的
adj./n. 家庭的
adj. 整潔的
n. 犯罪
adj. 好管閒事的
n. 沮喪
n. 財產；資產
v. 決定
n. 臀部
adj. 視覺的
n. 天氣
adj. 使人不愉快的
n. 新鮮；新奇
Unknown
v. (使)窒息而死
adj. 龐大的
n. 公雞
v. 包圍
n./v. 答案
adj./n. 十三
n. 研究員
v. 橫越
v./n. 接受
v. 區分
n. 檢查；付款退租
n. 考試
adv./conj. 然而；雖然
adj./adv/n. 北方
n. 熱情
n./v. 運動；鍛鍊
n. 黎明
n./v. 廚師；烹煮
Unknown
n. 假期
adj. 高興的
adv. 神奇地
n. 池塘
n. 西洋棋棋盤
adj. 害怕的
n. 銀行
n. 守門員
n. 氣缸
n. 教派
v. 花費
v. 刺入
adj. 快的
prep./conj. 直到…時
v. 冰凍
n./v. 香料；加香料於
n. 比較；對照
Unknown
n./v. 火焰；燃燒
n. 多樣性
n. 小狗
n. 菱形花紋(布)；尿布
n. 旅館；飯店
adj. 愚蠢的
adj. 豐富
adj. 可愛的
n. 獵人
n./v. 瓶子；把…裝瓶
n. 百萬富翁
n./v. 記號；簽字
n. 笑
adv.  在～以前
n. 氧化(作用)
adj. 一年一度的
v. 編輯
adj. 有準備的
n. 魔鬼
n. 恃強凌弱者
n. 暗房
adj. 到期的
n. 秋季
n. 電報
Unknown
n./v. 光亮
n. 風景
v. 注射
n./v. 香茹；蘑蘋狀的束西
adj. 精神的；心靈的
n. 售貨棚
n. 旅行
adj.  喜歡的；愛好的
n./v. 景色；看
n. 疫苗
v. 急忙
n. 誠實
Unknown
Unknown
n. 肢；臂
adj. 興高采烈的
adj./n. 黑暗的
n. 芥末
n. 吸引力
v. 使發出聲
n./v. 離婚
n. 煙囪
adj. 聰明的
Unknown
n. 存在
n. 頻率；頻緊
n. 調味蕃茄醬
Unknown
Unknown
v. 問候
n. 對稱(性)
Unknown
adj. 有激勵作用的
Unknown
n. 配置
n. 郡；縣
n. 反對
n. 職業
n. 訴訟
v./n. 禁止通商
n. v. 清掃；打掃
n. (報紙的)標題
v. 做不正當的事
Unknown
n. 大道
n. 藝術；藝術品
v. 爬行；蠕動
v./n.  尋找；得到
adj./n. 家庭的
adj. 全球的
adv. 大部分
Unknown
adj./n. 六
n. 地板
n. 大容器
n. 參與者；分享者
n. 葡萄柚
Unknown
n./v. 做手勢；手勢
n. 反對
n./v. 歡迎
n. 傑出；優點
n. 能力；才能
adj. 財政的；金融的
v./n. 集合；開玩笑
n. 最低限度；極小
adj. 輕微的
Unknown
n./v. 舞臺；上演
pron. 誰
Unknown
n. 力氣
n. 航空郵件
adj. 客觀的
n. 接收
v. 恢復
adj. 例外的；特殊的
v. 欺騙
n. 飛彈
adj. 徹底的
adv. 儘管
Unknown
v. 撥給
n. 短缺
v./n. 追捕；打獵
adj. 外國的
n./v. 刷子；刷
n. 阻礙；干擾
n. 有禮的舉止
n. 警察
adj. 不完全的
Unknown
n. 友誼
Unknown
n. 含酒精的飲料
n. 梨
adj. 寬廣的；概括的
Unknown
Unknown
n./v. 感官；覺得
v. 消失
Unknown
adj. 小心謹慎的
n. 粉末
n./adj. 鐵；熨斗
n. 復興
Unknown
adj. 急躁的
n. 立方體
adj. 簡單的
n. 長袍
n./v. 爭吵
v. 使沮喪
v. (使)終止
adj. 古怪的
adv. 無意識地
n. 老闆
n. 養老金
v. 忽視
Unknown
n. 煎餅
n. 地窖
adj. 博識的
n./v. 預算
n. 樹籬
adj. 加強的
n. 平民；文職人員
v. 發生
n. 上帝；造物主
adj. 保守的
n./adj. 平均重量以下；不重要的人
v. 慫恿
n. 機器
adv. 幾乎
n. 強烈；強度
n. 邏輯
adj. 英勇的；大膽的
n. 磁鐵
adj. 瑣碎的
n. 旅館；飯店
n./v. 煞車
v. 使有尊嚴
Unknown
Unknown
n. 電視機
v./n. 停止；暫停
adj. 國家的
n. 類型
n. 王國；王權
Unknown
adj. 悲哀的
adv. 非常
Unknown
n./v. 拖延
Unknown
adj. 感到驚奇的
n. 城市
Unknown
adj. 健康的
n. 海洋
adj./v. 滿足的
n. (某一民族或社會階層中的)廣大成員
n. 筷子
Unknown
v. 檢查
v. 治癒
n. 動亂
n. 顧客
n. 四分之一
adj. 傑出的
adj. 建設性的
n. 防衛
adj. 裸的；不加掩飾的
v. 使入迷
n. 聽眾
n. 攤位
n. 郵差
v. 預見
n. 十一
n. 房問
adj. 行蹤不明的
n. 墓地
n. 統治者；皇帝
adj.  裸體的
n. 舌」鬍刀
v./n. 滑行
v./n. 失敗；不及格
adj. 不斷前進的
adj. 相容的
n. 堅果；瘋子
adj. 立刻的
v. 移居於
n. 智慧；情報工作
n. 個性
Unknown
n. 反語
v. 使想起
adj. 美麗的
v. 發射
v. 使分離
adv. 也許
n. 島
n. 水牛
n. 毛皮
adj./n. 前面(的)
v. 使加入；註冊
n. 皇室成員
n. 航空(學)
n. 懇求
Unknown
v./n. 發射；投擲
n. 音節
n. 限制
n. 大轎車；酒館；交誼廳
