n./v. 原諒
adj. 不間斷的
adj. 長久的
prep./conj. 直到
adj. 個人的
adj. 短暫的
Unknown
adj. 未觸動的
adj./n. 男性的；雄的
n./v. 情節；圖謀
n. 颶風；暴風雨
n./v. 漲潮；流動
n. 小羊
n. 困境
Unknown
adj./n./v. 平均的
n. 隔離
n. 烏鴉；雞啼聲
n./v. 彎曲
n./v. 離婚
n./v. 點頭；打瞌睡
adj/n/v. 適合的
adj. 巨大的
adj. 有生氣的
n. 分開
n. 任務
n. 派
v. 鼓掌
n. 精通數種外國語言者
n. 愉快
adj. 疲倦的
v. 召喚
n./v. 氣體；瓦斯
n. 研究員
n./v. 一口之量；咬
n. 局；處；署
n./v. 呻吟
n. 藝術；藝術品
adj. 不合理的
n. 溫度
Unknown
n. 字典
n./v. 打滑
n. 刀
n. 場合
n. 探訪者
n. 硬幣
n. 投遞；交貨
n. 文明
Unknown
n. 房問
v. 領導
adj. 低的
n. 法律
v. 冰凍
v./n. 發光；發熱
v. 蹲伏
n. 保證
n. 手錶
n. 養育；教養
n. 抗體
n./v. 舐；(火)蔓延
Unknown
n./v. 雷聲；打雷
v. 洗澡；沐浴
adj. 外面的；肉體的
adj. 潮溼的
n. 代數
n. 傢伙；朋友
n. 書籍
n./v. 鑽頭；鑽床
n. 麵包店
adv. 專門地
v. 使犧牲
n. 夜鶯
v./n. 緊握；理解
n. 權力
n. 男孩；少年
adj. 成熟的
adj. 看不見的
n. 百分比
adj. 邪惡的
adj./n. 十六
v. 浸；泡
v. 召集
v. 集合
Unknown
n. 判決
n. 知識
adj. 應受責備的
n. 碗
n. 動機
n. 無能
n./v. 花園；從事園藝
adj. 瘋狂的
v. 錯過；想念
n. 騎士；爵士
n./v. 籠子；監牢
n. 香檳
v./n. 摸；感覺
n. 欣賞；感謝
n./v. 共計；總數
adj. (=cozy)溫暖舒適的
n. 抒情詩
n. 野蠻人
adv. 儘管
n. 飢餓
v./n. 拖
n. 夜
Unknown
adj./adv. 每日的
n. 柏拉圖(古希臘哲學家)
prep. 像；和·一樣
n. 蜜月假期
adj./n./v. 迷戀
n. 日曆；行事曆
v. 喚起
n. 氧化(作用)
adj. 優雅的
n. 偏愛
v. 變成
n. 星期日
n. 磚
v. 隱藏
adj./adv. 容易的
adj./n. 至上的；最高統治者
n. 所有物
n. 衣領；項圈
n./v. 運動；鍛鍊
n. 售貨棚
n. 耽溺
v. 使聽不見
n. 樓梯
n. 架子
Unknown
n. 監護人；管理員
n. 保姆
n. 簡報
adj. 堅韌的
5adj. 男女之問的
adj. 情報的
adj. 完全地
n. 搜查令
n. 代理機構；仲介
Unknown
n./v. 救濟金；分發
v.(n. )使興奮
n. 矛盾
v. (n)為…做廣告
Unknown
Unknown
adj. 多才多藝的
n./v. 情況；決定
n. 羊肉
n. 戰神；火星
Unknown
Unknown
n./v. 草稿
n. 洞穴
n. 蟹
n. 一分錢
v. 磨；碾；壓
adj. 熱切的
adj./adv. 靜止的；仍然
n. 太空人
n.  man的複數
v. 毀損
n. 裝扮；化妝品
n. 成見；頑念
Unknown
adj.  冷颼颼的
n. 復原
adj./v. 狹窄的；限制
n. 長襪
prep. 反對；對著
adj./n. 六十
n. 自我
n. 玉米；穀物
adj. 自由的
n. 發薪日
adj. 因…的結果而起的
adj. 貧窮的
Unknown
n. 初次登臺
n. 美人
n. 背景
n. 潛在性
n. 名詞
adj./v. 完全的；完成
Unknown
v. 走私
n./v. 掙扎；努力
adj./n. 軍事的；軍隊
n./v. 資金
Unknown
v./n. 抓住；支撐
v. 停止
v./n. 結束
adj./n. 十四
n. 謠言
v./n. 發射；投擲
n. 香蕉
n. 起源；細菌
Unknown
adj. 複雜的
n. 創立者；締造者
adj. 華麗的
v. 勸告；忠告；通知
n. 有義務
adj. 肌肉的
adj. 絕種的
n. 無決斷力
n. 蚯蚓
prep. 取道
v. 使惱怒
n. 旋律
n. 指揮者
adj. 厚的
n./v.  間諜；秘密監視
n. 專欄作家
n. 障礙物；棚欄
n. 海軍將官
Unknown
n. 題目
n. 持有者
n. 觀察
n. 護民官
n. 選定路線
n. (=logotype)標識；商標
v. 商議；授予
adj. 關鍵的
v.(n. )調整
n. 礦；礦山
v. 珍惜
adj. 準確的
n. 外用藥水；化妝水
n. 優勝者；戰士
v. 敘述
n. 心臟；中心
Unknown
v. 擅長
v. 影響；使感動
adj. 不禮貌的
adj. 妒嫉的
n. 緊急情況
adj. 歡樂的
n./v. 王冠；為…加冕
n./v. 線；穿線於
n./v. 榮譽；使…增光
n. 街道
adj./n. 同性戀
n. 繼績
n./v. 報酬
n. 差事；任務
Unknown
adj. 諷剌的
n./v. 地點；散布
adv. 比較地
n. 膽固醇
adj./n./v. 相反的；反轉
adj. 暫時的
adj. 不安全的
Unknown
v. 關聯
n. 沙拉
adj. 似畫的
adj. 自然力的
n. 回答
adj. 激烈的
n./v. 尊敬
n. 精神病學
Unknown
n. 孔；漏洞
adj. 強健的
n. 芥末
v. 畫；拖拉
Unknown
n. 取締
adv. 一起
Unknown
n. 中午
n. 甲狀腺
n. 同情心
n. 協會；聯想；合作
adj. 安全的
n. 金魚
n. 笑
Unknown
adj. 慷慨的
adj. 關鍵的
n. 肥料；促進發展者
n. 慈善團體
adj. 有激勵作用的
Unknown
prep./adv./adj. 在…之後；以後的
n. 物質
v./n. 為…祝福
n. 玫瑰
v. 談話
n./v. (一)滴；下降
n./v. 報復
n. 禁忌
n./v. 擺渡；渡輸
n. 意識形態
n. 天國；極樂之地
adj. 新鮮的
n./v. 磨坊；碾碎
n. 噸
adj. 哲學的
v. 不同於…
n. 雞肉；膽小鬼
v. 包括
n. 控制；熟練
n. 部落
n. 血清
n. 可能性
n. 鄰近地區
adj. 多雪的
adj. 出席的
n. 貨物
v. (n)使洩氣；使沮喪
n. 累積
Unknown
adj. 羞怯的
Unknown
n. 駱駝
n. 事實
v. 使變硬；使堅強
adj. 使人驚訝的
n. 銀河系
n. 公雞
n. 氣泡；泡影
n. 一批貨物
adj. 侮辱人的
v. 抓(傷)
v. 拖；拉
n./v. 吹；吹氣；打擊
adj./n.第 v. 的；秒
n. 山頂
n. 殺蟲劑
n. 假日
v. 發誓
n. 統治者
adj. 粗糙的
n. 圖解；說明?
n./v. 做手勢；手勢
n./adj. 選擇
adj. 寂寞的
Unknown
adv. 謙虛地
v./n. 打擾；煩惱
n. 精英
n. 蛋；卵細胞
n./v. 圈；圍住
n. 路
n. 鐘(聲)；鈴(聲)
n. 圖表(解)
n./adj. 未來；前途
v. 同意；認可
adj. 永久的
adj. 幽默的
n. 遠足
v./n. 爆發；爆炸
Unknown
adj. 壯觀的
n. 增加；附加
n. 銀行
n. 毛毯
n. 章，回
adj/adv./v. 堅決的；使穩固
n. 運氣
adj./n. 潛在的；僭能
adj. 不潔的；卑鄙的
v. 使位於
v. 行刺
adj. 財政的；金融的
n. 鵝；傻瓜
v. 檢查；調查
n. 黑猩猩
n. 踏板
n. 流行性感冒
adj./adv. 快速的/地
n. 喉嚨
n. 橘子
adv.  因此
Unknown
prep/adv. 在外
adj. 便宜的
v. (n)娛樂
v. 攀爬
adv. 同時
n./v. 花費；付出
adv. 並且；此外
v. 使驚訝
adj./pron. 另一個
n. 獵人
adv. 堅固地
v. 償還
n. 羽毛球
n. 攤位
n./adj. 重量級拳手；重的
adj./n. 具體的；混凝土
n./v. 旅遊
adj. 保守的；反動的
adj./n. 專業的
n. 痛苦
n. 紳士
adj. 多山的
n. 靈巧
v. 理解
n. 行星
n. 邊綠
v. 預防
n. 統一
adj. 無憂無慮的
v. 收到
n. 開業者
Unknown
n. 警察
n. 偵察機
n./v. 低語
v. 再體驗
n. 上帝；造物主
adj./n. 一百
adj. 聰明的
n. 跳蚤
adj. 波蘭的；波蘭人(語)的
n. 甜餅乾
n. 空氣；大氣；天空
n. 澡缸；沐浴
v. 任命；指派
v. 停止
v. 吃；喝
adj. 令人厭惡的
n. 錦標賽
v. 比較
v. 圍繞
n. 電話
n. 下巴
v. 喘息
n./v. 扇子；煽動
n./v. 諾言；許諾
v. 避免；躲開
n. 小麥
v. 取得
v. 修剪；夾住
adj./pron. 這些
n. 信條
n. 小蝦；矮子
n. 管子工
n. 居先；優先(權)
n. 保險
v. 決心；決定
v. 不贊成
n./v. 折扣
adj. 城市的
n. 城堡
adj. 好鬥的；積極的
n. 課程；過程
adj. 玄學的；形而上學的
n. (軍)團
n./v.  小考；考驗
n. 出席
n. 肌肉
adj. 匆忙的
v. 出版
v./n. 滑行
v. 烤
v. 妥協(方案)
n. 碎片；未完成的部分
n. 商店
