adj. 男性的；陽性的
n./v. 郵件；郵寄
Unknown
n. 拱門；拱形
n. 釣魚者
n. 植物學
n. 飢餓
n. 三月
adj. 以前的
n. 義大利麵條
adj. 整潔的
adj. 外部的
n. 社論
adj. 可怕的
adj. 吝嗇的
n. 可信性
v. 把…借給
adj. 不切題的
n. 墊子
n./v. 市場
n. 手冊
adj. 極好的
adj. 極好的；古典的
n./adj./n. 共產主義的；共產主義者
n./v. 買賣；便宜貨
n. 腰帶；帶狀物
n. 草莓
n. 視力
n. 驢
Unknown
adj. 逐步的；平緩的
v. 告訴
v. 喚起
n./v. 瘟疫；折磨
n./v. 車站；停止
adj./n./pron. 少數
Unknown
n. 抑制
n. 蟲子
n. 耽溺
n. (某一民族或社會階層中的)廣大成員
n. 褲子
v./n. 窒息；阻塞
n. 抒情詩
v./n. 傳真；傳真機
v. 低估
n. 章，回
adj. 電的
Unknown
n./adj. 鐵；熨斗
adj./v. 分開的
n. 爭吵
n. 樹籬
n. 麵團
n. 一長列
n. 加入許可；承認
v./n. 結束；完成
n./v. 行列；排隊
Unknown
Unknown
adj. 一般的；普遍的
n. 電；電流
n. 舞廳
adv. 很少；不常
v./n. 密謀；陰謀
n. 羽毛；鳥類
Unknown
v. 跑
n./v. 線條；畫線於
n. 短缺
n. 公雞
adj. 技術性的
v. 買
n. 親切
n. 腳底(板)；鞋底
v. 擾亂
v. 解釋；給…下定義
v./n. 缺少
Unknown
adv. 已經；先前
adj./v. 較低的；降下
n. 有義務
n. 危險；威脅
n. 農場主人
n. 解釋
adj.  有效率的
adj. 猜疑的
v. (n)使驚愕
n. 快樂
adj. 近視的
pron. 哪一個
n./v. 折扣
n. 獅子
n. 票
n./adj. 重量級拳手；重的
adj./advJpron./conj.  任何的；無論什麼
n. 混亂；困惑
v. 錯過；想念
adj. 悲哀的
n. 外用藥水；化妝水
conj./adv. 無論到哪裡
n. 天空
n. 到達；到達者
v. 使混合
n./v. 供應
n. 人力
n./v. 光亮
adj. 感到厭煩的
n. 力氣
n. 貓頭鷹
v. 拆卸
adv./conj. 然而
n. 與會者；議會
n. 反芻的食物
n./v. 預測；預言
adj. 薄的
n. 柏拉圖(古希臘哲學家)
adv. 智力不足的；心理有缺陷的
n. 鬼鬼祟祟做事的人
adj. 每個
v. 互動
n. 超級高速公路
adj. 完全的；絕對的
adj./adv./n./v.  後面的；背部；贊助
adv. 看樣子
n. 政策
adj. 立方的
adv./conj. 無論什麼時候；每當
v./n. 印刷；字體
n. 海岸；沿海地區
n. 甲狀腺
Unknown
adj. 惡名昭彰的
n. 名聲
Unknown
n. (未閹割的) 公牛
adj. 堅固的
n. 五月
Unknown
n. 公司；同伴
v. 打斷
n. 週
adj. 工業技術的；科技的
n. 家事；家務
n. 巧克力
n. 傾斜
v./n. 移植
Unknown
n. 甜甜圈
n. 主教
adj. 想像中的
adj. 荒唐的
n. 牛；牲口
adj. 香醇的；柔和的；老練的
adj./v./n. 破產的
n. 理由
Unknown
n./v. 發怒
v. 同情
n. 表演
n. 錨
v. 暴食
n. 後代；後裔
n. 聖歌
n.  才藝；完成
v. (n)處罰
n. 謎題
v. (使)搖動
n. 超級市場
n. 拖拉機
n. 火雞
n. 憤慨
Unknown
adj. 顯明的
adj./n. 一百
n. (源自日語)海嘯
Unknown
n. 演奏會；音樂會
n. 裝飾
v. 逗留
adj./adv. 更好的
v. 變成
n. 臉頰
Unknown
adj. 多雨的
n. 開始
n./v. 罐頭；金屬容器
n./v. 旅行
prep./adv. 在…下面
Unknown
n. 判決
v.(n. )發展
n. 創新；創造力
n.星期 v. 
adj. 試驗性的
n. 缺點
Unknown
v. 激怒
n. 作者
n. 尾巴
Unknown
n. 秋季
n. 意義含糊
n. 運送人；航空母艦
adv. 二擇一地
Unknown
prep./adv./adj. 在…之後；以後的
adj. 懷鄉病的
adj. 殖民地的
n. 監督人
n. 朝代
adj. 臉色蒼白的
n. 自由
n. 晚餐
n. 智力商數
n. 健康
n./v. 戰役
n. 大量
n. 結果；作用；影響
v. 發音
Unknown
adj. 認真的
n. 循環；流通；貨幣
n. 追隨者；擁護者
adj. 有效力的
v. 強調
v. 擊退
n. 水桶；桶狀物
adv. 精力充沛地
n./v. 偽裝
v. 似乎
v. 汲乾；使精疲力盡
n. 持有者
adv. 大聲地
n./v. 憂慮
n. 多數人的意見
n. 衛生
n./v. 要求；聲稱
n. 一條麵包；遊蕩
n./v. 索價；控告
n. 陰影
adj. 各式各樣的
n. 操場
n. 小酒館
adj. 基礎的
v./n. 希望
Unknown
v. 收到
n. 閃電；閃光
v./n. 需要
adj. 溼的
Unknown
Unknown
n. 奉獻
n. 品脫(液量名)
adj. 珍貴的
n. 水塘
Unknown
n. 廢除
n. 專欄作家
n. 胡蘿蔔
n. 個性
n. 女英雄
n. 誓約；詛咒
Unknown
adj./n. 初步的；初步行動
n.  聽寫；命令
n. 耳朵；聽力
v. 使成堆
adj./n. 第五(的)
adj. 可信的
n./v. 報酬
n. 捐贈；捐贈物
n. 臥室
v. 類得起；承擔得起
n. 對質；對抗
n. 傳教士
n./v. 花費；付出
adv. 顯著地；尤其
v. 同時共存
Unknown
n. 鏡片；眼球的水晶體
n. 晉級
n. 真誠
n. 五金器具；硬體
n. 隊長；船(艦)長
adj. 嚴厲的
adj./n. 五十
n. 海灘
n. 胡椒粉
n./v. 奶油；塗奶油於
n. 蠟
adj. 國際的
adj./n. 具體的；混凝土
n. 四輪運貨馬車
v. 圍住；把(公文等)封入
v. 烘；烤
v. 凝視；注視
n. 打字員
n. 生麵團
n. 熊；魯莽之人
n. 表情；支持
n. 父母
n. 抽屜；拖曳者
n. 廁所
n. 衛生
adj. 相似的
n. 選民
adj. 經濟上的
n. 鳥
n. 鬼；幽靈
adv. 也許
v./n. 滑行
n. 甲板
n. 扶手椅
n. 車庫
n. 犯罪
Unknown
adv. 比較地
n./v. 叉子；分岔
n. 結構
adj. 駭人的；暴虐的
adj. 特別的
n. 藝術家；藝人
n. 愛國者
n. 居民
n. 足踝
v. 抵制
n. 西洋棋
Unknown
n. 蛋糕
n. 駕駛艙；鬥雞場
adj. 城市的
adj. 貨幣的
n./v. 拇指
n. 外科醫師
adj. 先進的；高等的
n. 自然
n. 房問
n. 成見；頑念
adj. 裸的；不加掩飾的
n. 議員
n. 潰瘍
adj. 年代久遠的
Unknown
n. 蕃茄
adj. 令人激動的
n. 領巾
n. 軼事
n. 官能；技能
adj. 英勇的；大膽的
Unknown
adj. 寧靜的
v.(n. )改善
n. 郵差
n. 神祕的事物
Unknown
v. 發生
n. 領帶；領結
n. 質量
adj. 醜陋的
adj. 有激勵作用的
adj. 強壯的
n. 外觀；外表
n./v. 休息
adj. 新的
Unknown
n. 節日；歡樂
n. 頸；脖子
Unknown
v. 依賴
n. 鐵路
v. 競爭；比賽
n. 護士
n. 少年
adj. 很可能的
n. 總數
v. 沖泡；醞釀
adj. 雜亂無章的
n. 飲食；特種飲食
adv. 有時
n. 投資者
n. 可能性
n. 家庭；家人
adv. 某處
n. 物理學
n./v. 借出
adj. 明智的
n. 颶風；暴風雨
n. 講故事者；銀行出納員
adj. 省的
v. 消耗；花費
adj./n. 黑暗的
n. 慶祝
v./n. 停止；暫停
v. 使提高
Unknown
prep./adv. 沿著；一起
n. 優勝者；戰士
Unknown
n. 到來
n. 手帕；圍巾
v. 蹲伏
n. 山羊
Unknown
v. (n)使洩氣；使沮喪
adj. 很有可能的；準備前往…的
n. 歡樂
n. 討厭的事物、人、行為等
n. 危險
v./n. 打擾；煩惱
n./v. 打賭
adj. 富有的
adj. 前所未有的
adv. 漫不經心的
adj. 有影響的
n. 標準度量
adj. 正直的
adj. 忠誠的
adj. 腐敗的
v. (n)不同意
v. 觀察
adj. 可怕的
n./v. 曲調
adj. 有準備的
n. 孔；漏洞
adj. 奇妙的
n. 牆
Unknown
n./v. 贊同；偏袒
adv. 很快
v. 使挫敗
interj. 哎呀(表悲傷或恐懼)
adj. 紛亂的
v. (使)曬黑
Unknown
adj. 敏銳的
adj./n. 紫羅蘭
v.(n. ) 指派
n. 神職人員；牧師
Unknown
Unknown
n. 會話；談吐
n. 一學期
v./n. 沸騰
n. 汽油
adj. 重的
n. 比較；對照
n. 主人；雇主
adj. 整潔的
adj. 非常貧窮的
adj.  天真的；樸素的
n. 分離；啟程
adj. 令人憂心的
n. 思想
n. 安全性
Unknown
Unknown
n. 區域；範圍
n. 安置
v. 制止
adv. 獨立的
adj. 偶爾的
n. 墊；草簾
n. 尺寸
n. 運輸(系統)
n. 主義
n./v. 雲；遮蔽
n. 外套大衣
n. 松鼠
n. 精神創傷；外傷
n. 音調
n. 執行者；表演者
Unknown
v. 興旺
n. 阻礙；干預
n./v. 顏色；彩色
adj. 伶俐的；機敏的
n. 殖民地
n. 惡鬼
n. 人類
adj./n. 音樂的
n. 例外
adj. 使人不愉快
n. 牛仔；牧牛人
n./v. 壓力
n. 戰士
n./v. 結果；起因於…”
adj. 環境的
n. 馬鞍
n. 褲子
v. 稱…的重量
n. 國語
adj. 因…的結果而起的
adj./pron. 那些
n. (長筒)靴
n. 場景
n. 一把
n. 餘波
Unknown
Unknown
adj. 易於發生(不愉快事)的；有傾向的
n. 地面
adj. 反對的
n. 離了婚的女人
n. 角度；立場
Unknown
adj. 和藹的；雅致的
adj. 誠實的
n. 鄉村
v. 清理
n. 小說；虛構的事
adj. 公平的
adj./adv.  相同的
v.  允許
adj. 寂寞的
n. 十一
n. 典禮；禮儀
n. 自我
n./v. 害怕
v. 禁止；阻止
v. /n贊助(者)
n. 禁忌
v. 變化
n./v. 條紋；快速移動
v. 油炸
n. 光碟
n. 碗櫃
n. 卡路里
n. 前言
adv. 同樣地
n. 中止
adv. 在(到)國外
n. 心理學
n. 戀人
n. 蟹
n. 下巴
n. 冒險
n./adj. 黃金(色)
n. 道德敗壞
n. 調味蕃茄醬
n./adj. 常青樹(的)
adj. 奇怪的
n. 雜物；垃圾
adj. 習慣的
Unknown
adj./n. 紫色的
n. 立場
Unknown
n. 香煙；煙捲
v. 哭泣
n./v. 群；聚集
n. 聽眾
n. 浴缸
n. 活動場所(供運動、娛樂的)
Unknown
adj. 令人懷疑的
n. 機器
Unknown
Unknown
adj. 雄偉的；重大的
adj. 正式的
adj. 設想周到的
n. 支票簿
n. 發明者
n. 魔鬼
v. 想
adj. 混合成的
n. 錦標賽
n. 保留
v. 使模糊
n. 腳掌；腳爪
n. 革新
ad v. 有特色地
adj. 出席的
v. 逃走；逃離
n. 好奇心
adj./n. 十八
adj. 殘忍的
adj./n. 家庭的
Unknown
n./v. 衝；急速前進
v./n. 劃分；分歧
adj. 更適合的
n. 遺產
n. 陰蔭
v. 等候；期待
n./v. 危險
v. 任命；指派
n./v. 草稿
n. 同班同學
n. 雕塑(品)
adj. 懷孕的
n. 檔案
