n. 配給
v./n. 染料；染色
v. 爆炸
n. 監護人；警長
adj. 遠方的
v.  分配
n. 執行者；表演者
n. 主人；雇主
n. 喜劇
n. 罪過；冒犯
adj. 鮮紅色的
adv. 基本上
adj. 構成整體所需要的
n. 慰藉
v./n. 畢業；大學畢業生
n. 櫥櫃；密室
v. 承認
n. 穿過；通過
n. 刺激(物)
n. 擦除器(如橡皮擦)
n. 浴缸
adj. 勤勉的
Unknown
v. 消失
adj. (=cozy)溫暖舒適的
v. 競爭；比賽
adj. 美味可口的
v. 預防
n. 爸爸(非正式)
n./v. 發抖
v. 漠視
adj./v. 向前；今後
v. 使傾覆；推翻
v. 有…的傾向　
n. 城市
adj. 異性戀的
n. 噴射機
n. 結構
v. 保持
n. 餘波
n. 主意；觀念
adj./n. 第五(的)
v. 增加
Unknown
n. 科學家
n. 教導；指示
n. 付費高速公路
n. 獎品
n. 馬戲團
Unknown
v./n. 臉紅
n. 謠言
n. 寓言；虛構的故事
n. 少女
n. 動物
n. 不舒適
n. 詩節
v. 使再循環；使回收使用
n. 領帶；領結
adj./n. 算術的
v. 給；送給
n./v. 美味；喜愛
n. 工商人名錄
n. 治療專家
n. 礦工
n. 支撐物
n. 報導；某事所包含的範圍
n. 演講者
adj. 有系統的
v. (n)使捲入
v. 聽；聽從
Unknown
n. 機車
n. 細查
v./n. 劈；肋排肉
n. 流行性感冒
interj. 歡呼聲
n./v. 皮膚；剝…的皮
adj. 勇敢的
n. 山頂
n. 王國；王權
n./v. 膠水；黏牢
adj. 前所未有的
n. 卡通；連環漫畫
n. 大量
adj./adv. 硬的；艱難的
n. 青蛙
adj. 附加的
Unknown
n. 意義含糊
adj. 侮辱人的
v. 給與動機
v. 忽視
v. 侵略；侵犯
adj./n. 第三
v. 震動
adj. 單數的
n. 玫瑰
n. (日、月)蝕
n. 飲料
n. 行動；作用
adj./n. 西方世界
n. 對話
v./n. 撥號；刻度盤
n. 水族館
n. 工作室
n. 思想
n. 碎片；未完成的部分
adj./n. 七
n. 夜
n. 聖歌
adj. 陽光充足的
v. 藐視
adj./n. 九十
adj. 年代久遠的
adj. 害怕的
adv. 憑藉
v./n. 接受
n./v. 藥品；毒品
adv. 並且；此外
adj. 面部的；表面的
v. 比較
adv. 兩次
adj. 吝嗇的
n. 海洋
n. 收入；工資
adj. 適合的
n. 宇宙
n. 蜜蜂
adj. 謙虛的
n. 玉米花
n. 智慧；情報工作
n. 赤字
n./v. 勝利；戰勝
adj. 必需的
n. 象
n. 同伴
n. 罐；罈；瓶
adj. 明顯的
n. 離合器；緊握
adj. 最低程度的
n./v. 休息
n. 律師
v. 噹食；瀏覽
adj./n. 水晶的
n. 原木
n. 安全性
n. 帳篷
n./v. 吠叫；咆哮
v. 解釋
v. 摩擦
v. 參加
v. 準備
n. 姪兒；外甥
n/adv. 那裡
n. 鞋帶；花邊
n. 自治(權)
adj. 太陽的
adj. 有彈性的
adj./n. 商業的
n. 能力；才能
n. 面紗
n. 悲劇
n. 果醬；堵塞
n. 時鐘
n. 歧視；區別
n. 證書
n. 樑；光束
Unknown
n. 懷疑
v. 噴；濺散
n./v. 經驗
n. 剪；切斷
n./v. 喻快
n. 理髮師
adj. 可理解的
v. 操勞過度
n. 隊
adj. 小的
v./n. 看一眼；瞥見
n. 自助餐；快餐
v. 意味著
v. 鎮壓
adj. 虛弱的
n./v. 鼓；打鼓
n. 清潔工(劑)
v. 想起
n. 限制
adj. 種族的
pron./conj. 什麼
n. 主教
adj./n. 棕色的
n. 達到
adj. 密封的
adj.  有效率的
Unknown
n. 微波
v. 期望
n. 人行道
n./v. 面具
n./v. 油漆；顏料
v./n. 聊天
n. 女管家
n. 鞋
n. 股息
n./v. 信任
adj. 以…為基礎的
adj. 高興的
n. 承認
adj. adj. 原住民的
n. 解放
n. 墮胎
adj. 執行的
v. 發怨言
n. 望遠鏡
n. 傳說
n. 側面像；輪廓
n. 貢獻；捐獻
v. 放棄
n. 選民
n. 收到；收據
n. 瓷器
adj. 社會的
n. 五角形
adv. 漫不經心的
adj. 易變的
v. 毗連
n. 鈾
n. 豬肉
n. 補償
n. 新聞記者
n. 回憶
n./v. 叉子；分岔
n. 旋轉
n. 善良
n.  鴿
adj. 患歇斯底里症的
adj. 波蘭的；波蘭人(語)的
n. 真誠
n. 復興
n. 長袍
prep. 儘管
Unknown
n. 缺口；峽谷；隔閡
n. 終點；總站
n. 行為
n./adv. 這裡；在這裡
adj. 健談的
n. 冰箱
adj. 有教養的
n. 女主席
n. 電報
v. 證實
n. 獵人
v. 隔離開
n./ v. 輕搖；慢跑
v. 打算
n. 頁
v./n. 展示
adv. 甚至；連
n. 頻率；頻緊
v. 遞送
n. 贊助人
v. 復活
adj. 幽默的
prep./adv. 靠著…旁邊
adj./adv./n. 許多的
n. 儀器；樂器
adj. 懷孕的
n. 競爭者
n. 家事；家務
adv. 大體上
n./v. 許可
n. 自助餐；快餐
v. 假裝
n. 口渴
Unknown
n. 觀眾；聽眾
v. 亂砍
v. 描述
n. 疼痛
n./v. 主人
n. 趨勢
prep. 取道
v./n. 發光；發熱
v. 除去
n. 學徒
n./v. 受傷
n. 混亂；困惑
n. 航空郵件
adj. 奇怪的
v. 屈辱
adj. 有爭議的
n. 碎片
adj./n. 潛在的；僭能
n. 遊行
n. 十
n. 哲學家
v. 戰勝
v. 趕走
adj. 溼的
adj./n. 仙女
adj./adv. 最大程度地
n. 體育館
n. 櫃檯；籌碼
n. 頑固分子
n. 多數
adj./adv. 最好的
v. 悲傷
n. 海洛英
n./v. 炸彈；轟炸
adj. 未料到地
n. 洋娃娃
adj. 城市的
v. 變成
n. 悲觀(主義)
n. 收藏者
adj/adv. 平坦的
n. 民主
v. 解釋；給…下定義
v. 坦承
v. 漏
n. 主旨
n. 畢業；畢業典禮
n. 香草
n. 海灣
n. 塞子
n. 拍賣
n. 區域；範圍
adj. 可動的
n. 信；字母
v. 安慰
v. 使開化
adj. 優雅的
n. 圖畫
n./v. 難題；困惑
n. 頜；顎；下巴
n./v. 壁爐；磨碎
n./v. 下降
n. 抑制
n./v. (=draft)草圖；草擬
n. 遺產
n. 甜點；餐後點心
n./v. 級別；評分
n. 假設
n. 九月
adj. 傑出的；卓越的
n. 山
n. 錢
n. 追趕
adv. 無論如何
n. 記錄
v. 預備
