n. 講演者；講師
adj. 意味深長的
v. 消失
n. 詩人
n. 沙漠
n. 蟋蟀
adj. 最近；最遲
n. 動亂
n./v. 地租；承租
adj./adv./pron. 兩者皆
adj. 習慣的
v./n. 崩塌
n./v. 交叉；越過
n. 外套大衣
adj. 野心勃勃的
n. 很多
n. 男生殖器
adv./conj. 但是；仍然
adj. 大的
n. 代理機構；仲介
Unknown
n. 立法者
n. 巧克力
n. 精通數種外國語言者
n. 不滿
n. 襯衫
adj. 重大的；嚴肅的
adj. 狂怒的；猛烈的
v. 俯視
adv. 除此之外
Unknown
adj. 使人覺醒的
n. 粉末
v. 類得起；承擔得起
v. 獲得；到達
n. 稻草；麥桿
v. 鞏固
n. 危險
n./v. 收穫
Unknown
n. 復活節
n. 堆
n./v. 請求；要求
n. 私生子；令人討厭的人
adj. 不具名的
n. 紀念碑；紀念館
v. 誤會
n. 宣布；聲明
n. 養育
adj. 完美的
n. 角色
n./v. 關心；涉及
n. 藝術；藝術品
Unknown
v. 邁大步走
n. 大學
adj. 波蘭的；波蘭人(語)的
n. 下水道
n. 縮語
adj./adv. 生病的
v. 慫恿
n. 飲料
n./v. 錄音帶
n. 組成部分
n. 馬鞍
n./v. 偽裝
conj. 因為
n. 變換
n. 鋼鐵
adj. 關鍵的
n./v. 壁爐；磨碎
n. 護民官
adj. 仔細的
n. 破布
n. 侵蝕
Unknown
adj. 精確的
adj. 多雪的
adj. 活躍的；積極的
n. 人性；人文學科
v. 欣賞；感激
v. 收集；聚集
adj./n. 棕色的
n. 家事；家務
n./v. 住宅
n. 披肩；海角
n./v. 小河
n. 方面；觀點
adj. 無恙的
n./v. 要求；聲稱
n. 傳教士
adj. 戶外的
v. 使安心
n./v. 灰塵；打掃
n. 恭喜
n. 池塘
n. 孫子；外孫
adv. 與其不如
v. 妨礙；打擾
adj./n. 本國的
v. 毀滅；死亡
v. 回答
Unknown
adj. 有病的
v. 吐露
n. 小馬
n. 威脅
n. 疫苗
n./v. 俱樂部；募集
n. 手足
adj. 醫學的
adj./n. 有魔力的；魔法
v. 拒絕；否認
n. 刺激(物)
n. 拒絕
n. 馬拉松賽跑
n./v. 使集中；核心
n. 圓盤；唱片
n. 衛生
n. 牛；牲口
n. 事實
v. 認為；考慮
Unknown
v. 檢查；調查
adj. 可怕的
v.(n. )使興奮
adj. 想像中的
adj./adv./n. 二分之一的
n. 造反
n. 火爐
v. 重建
n. 問題
n. 復興
n./v. 拖把
n. 法令
adj. 生氣的
n./v. 形狀；做成
v. 消滅；排除
n. 氧化(作用)
Unknown
v. 接著發生
adj. 各式各樣的
n. 正式大會；立法機關
n. 精力
n. 差異
v. 懸掛；吊死
v. 通知
n. 珍珠
adj./n. 同伴的；伙伴
n. 天堂
n. 優待券
n. 魅力
n. 山谷
adj. 緩慢的
prep. 像；和·一樣
adj. 可聽頻率的
n. 傷害
n. 攤位
v. 讓與
v. 溝通
adj. 血腥的
n. 中間；媒介
n. 對～有癮的人
n. 捕捉者
n. 圖書館
adj. 閃爍的
n./v. 提及
adj. 老的；舊的
n./v. 拖延
adj. 相似的
n. 悲痛
v. 違抗
adj. 行星的
Unknown
adj. 焦慮的
Unknown
n. 成見；頑念
adj. 外國的；陌生的
n. 浴缸；盆
n. 散文；論說文
adj. 加強的
adj. 小心的
Unknown
adj./adv. 單獨的
v. 合併
adj. 類似的
n./v. 草稿
adj./pron. (兩者之中)任一的
n. 公報；新聞快報
n. 門檻；開端
n. 達到
v. 投降
adj. 美感的
prep./conj. 直到
adj. 遙遠的
adj. 致命的
adj./v.  輪流的
n. 杜松子酒
nJv. 魅力；使陶醉
n. 鄰居
adj. 令人信服的
Unknown
adj. 保守的；反動的
prep./adv./conj./n.  曾經；一旦
adj. 連續的
n. 天花
Unknown
n. 圖表(解)
n. 體育館
Unknown
n./v. 羞辱
v. 批評
n. 應用；申請書
n. 便利設施；方便
n. 身分證
adj. 歡樂的
n. 宗教
n. 資訊
n./v. 使混亂；騷亂
adj. 傳染性的
adj. 繁榮的
n. 文具
v. 我想…；也許…
v. 增加
adj. 終生的
n. 機車
n. 耳朵；聽力
adj. 朦朧的
adj. 未加工製造的
pron./adv./conj.  那時；什麼時候
v. 賺取；贏得
adj. 理論(上)的
n. 控制；熟練
n. 勤勉
n. 季節
v. (使)窒息而死
n. 主意；觀念
n. 嬰兒；寶貝
n. 紀念品
n. 飢餓
v. 逃走；逃離
n. 薪水
Unknown
n./v. 梳子；梳頭
n. 西洋棋棋盤
n. 推測
n. 拖鞋
n. 乘客
n. 海關；習慣
adj. 視聽的
n./v. 鑽頭；鑽床
n./v. (=draft)草圖；草擬
n. 劑量
n/adv. 那裡
n./v. 扔；擲
n. 假設
v. 照亮
n. 馬具
adv. 節約的
n. 協助
Unknown
pron. 誰的
n. 泥
n. 種植園
n. 日光
adj. 小的
n. 適應；改編(本)
adj./n./pron. 少數
n. 歌曲
n. 日記
Unknown
n. 診所
v. 強化
n./v. 導致；原因
n. 閣樓
n. 一部分
n. 口號
adj./adv. 正的
adv. 向束
n. 廚房
adj. 無知的
n. 司法官
n. 秘書
v. 克服
n. 貧窮
n. 蜂蜜
n. 愚蠢的錯誤
n. 黃瓜
adj. 沒有察覺到的
Unknown
n. 降雨
v. 使暴露於
adv. 也許
adj. 不貴的
v. 使孤立
n. 裝置
n. 孔；漏洞
n. 救生員
n. 商業；交易
n. 聯合(體)
n. 元素
n. 修女；尼姑
n./v. 舞蹈
n. 意識形態
adj.  裸體的
prop./n. 澳洲
n. 程序
n. 材料
n./v. 封面；遮蓋
v. 噴；濺散
Unknown
v. 插入
n./v. 等級；並排
n. 帳單；鈔票
n. 暴風(雨、雪)
n. 分析家
n. 赤字
n. 誓約；詛咒
adj. 負責的
n. 治療專家
adv./conj. 然而；雖然
n. 理解力
adj. 有效力的
adj. 苛責的
n. 盤子
n. 回憶
n./v. 閃耀
n. 估算
n./v. 細繩
n. 頑固分子
adj. 陽光充足的
adj. 持久的
adj./adv./n. 西方的
adj. 不做事的
n. 漁民；漁夫
n. /v閃爍；燈光
n. 圖書館員
Unknown
n. 天賦
n. 電視機
n. 球；球狀體
n. 熟人
adj. 惡兆的；不祥的
v. 包括
adj. 有益的
n. 腫瘤
Unknown
n./v. 行動；表演
n. 生態學
v. 使瀕臨危機
adj. 一些
n. 線索
n. 梨
n. 草莓
adj. 偶然的；意外的
v. 花費
n. 潛在性
v. (使)變寬
