n./v. 烤肉
n. 社論
adj. /n八
n./v. 草稿
adj. 不合理的
n. 混亂；困惑
v. 推測；投機
v. 用力投擲
n. 旅；隊
v. 刺入
adj./n. 古怪的(人)
adv. 武斷地
v. 懷疑
adj. 適合的
n. 信念；信條
n. 口渴
adj. 修長的；苗條的
adj. 全部的
conj. 雖然；然而
adj. 可以理解的
n. 火箭
adj. 歷史上著名的
n. 熟人
n. 內衣
n. 狂熱的崇拜
n. 驗證；示威運動
n. 背景
n. 平底鍋
n./v. 表；把…編列成表
n. 任務
n./v. 地方；放置
v. 關上
adj./adj. 緊的；緊緊地
n. 通行費
n. 壞運氣；不幸
n. 魔鬼
adj. 尖銳的
n. 有利條件；優勢
n. 蒙羞
n. 協定；公約
n./v. 優雅
n. 孫子；外孫
adv. 完全地
adj./n. 九十
n./v. 等候
adj. 虔誠的
n. 劑量
Unknown
adj. 奇怪的
v. 恭喜
adj. 機械的
Unknown
n. 捕捉者
v. 使不快
n. 語錄
n. 被提名人
adv. 驕傲地
adj. 狂熱信仰的
n. 保險套
v. 使驚駭
n. 灰燼；骨灰
adj. 有才藝的
n. 氯(氣)
n./v. 接近；著手處理
adj. 全球的
adj. 有熱忱的
adj. 重大的；嚴肅的
n. 衣服；覆蓋物
adj. 年代久遠的
n. 事實
n. 結果
adj. 立刻的
Unknown
n. 路邊
adj./n. 個別的；個人
n./v. 毀滅
n. 樣式
adj. 前所未有的
n. 甲狀腺
adj. 熟練的
n./v. 眼睛
v. 分配
adv./adj. 進一步地
n. 職業；占用
adj. 可取代的
n. 噴泉；噴水池
v. 橫越
n. 姊妹
n. 香檳
n. 指示者
n. 持續
adj. 有毒的
adj. 廣大的
interj./n. 再見
v. 禁止；阻止
v. 澄清
n. 目錄
adj. 多雨的
ad v. 在昨夜
v. 構成；制定
n. 乳酪；乾酪
adj. 心胸寬闊的
n. 烈火；光輝
n. 香草
n. 模型；模範
v. 追捕
adv. 與其不如
n. 入侵
n. 偽君子
adj. 醜陋的
n. 終點；總站
adj. 感謝的
n./v. 擴展
adj./n./v. 平均的
n. 卡通；連環漫畫
v. 激怒
v. 使驚恐
n. 繁殖者
n. 比較；對照
v. 使困惑
n./v. 時間
v. 預言
adj. 大有希望的
n. 領帶
n./v. 霜；凍
n./v. 共計；總數
v./n. 打鬥；爭吵
n. 失敗
n. 無能
n. 一生
v. 詮實
n. 主題
v. 劫取
n. 圖表(解)
n./v. 財政
adj. 自大的
n. 冠軍稱號；錦標賽
n. 朋友
adj. 理性的
adj. 污穢的
n./v. 齒輪；搭上齒輪
n. 方法；態度
n./v. 溢出；濺出
n. 菱形花紋(布)；尿布
v. 升起；復活
n. 主流
adj. 缺席的
adj. 令人厭煩的
v. 影響；使感動
v. 發現
Unknown
adv. 完全地
n. 火山
adj. 生動的
v. 依賴
n. 法庭
v. 鎮壓
adj. 感謝的
adj. 溫和的；順口的
v. 聽；聽從
v. 得到
n./v. 舐；(火)蔓延
Unknown
v. 召喚
v. 避免；躲開
adj. 歷史的’
adv. 有意地
n. 空想；幻想
n. 復原
adv. 反而
n. 出版社(者)
n./v. 打破；破曉
Unknown
adj./n. 象徵的；例子
n. 力學；機械學
n. 身分；同一性
