adj. 有毒的
v. 主持
n. 教學大綱
v. 接受；經歷
n. 惡意
adj. 任何的
n./v. 郵件；郵寄
n. 不滿
n./v. 副本；拷貝
Unknown
n. 成見
n. 池塘
n. 盤尼西林
n. 大量
Unknown
adj. 無數的
n. 荷爾蒙
adj. 令人洩氣的
v./n. 撥號；刻度盤
v. 統一
adj. 公共的
adj. 有用的
n. 少女
adj. 固執己見的
n. 油輪
n./v. 停留
adj. 偶然的；碰巧的
n. (親戚)關係
n. 乾草
v. 解釋；給…下定義
n. 幽默感
Unknown
n. 海岸；沿海地區
n./v. 石頭
ad v. 在昨夜
n. 方法
n. 母馬；母驢
v. 建造
n. 腳；足
n. 牧地；草原
v. 競爭；妥善處理
adj. 腐敗的
n. 會計學
adj. 順從的；孝順的
n. 精製品
adj./adv. 接近的
n. 收藏品；收集
n./v. 捲軸；捲；蹣跚
adj. 〔數〕二項式
v./n. 憎恨
v. 拖曳
n. 保釋(金)
n. 視力
Unknown
v. 冒犯；觸怒
Unknown
n. 焦慮
Unknown
adj. 有天賦的
v. 徘徊(於)
n. 恐怖
n. 生計
n./adj. 平均重量以下；不重要的人
n./v.使者；宣布 v. 之將臨
n. 探險(隊)
v. 使散開
v. 居住
n. 公雞
adj. 愚蠢的
adj./n./v. 主要的；主修
v. 拷打；折磨
n. 蘇打水
adv. 看樣子
adj./v. 較低的；降下
adj. 世界性的
n. 演講者
adv. 兩次
v. 興旺
adj. 硬的
n./v. 匙；用匙舀
v. 使驚慌
n. 慶祝
n. 同輩
Unknown
n. 法令；條例
adj. 懷鄉病的
adj. 尊重的
v. (n)使失望
v. 懷疑
adj. 虔誠的
n ./v. 交易；處理
v. 追上
prep. 在…下面
Unknown
n. 公民科
n. 後代
adv. 神奇地
n. 王子
n. 吉普車
n. 藥膏
v./n. 攻擊
v. 延伸
adj. 以前的
n./v. 請求；要求
adj. 糟透的
adj./n. 綠色的
v. 殘留
Unknown
n./v. 受傷
v. 勸告；忠告；通知
n. 噸
n. 愉快
n. 毛皮
prep. 在…當中
n. 女主人
adv. 完全；非常
Unknown
adj. 太陽的
n. 重要性
n. 甜瓜
n. 小雞；少婦
adj. 可聽頻率的
n. 玉蜀黍薄片
n. (美)元
v. 使適應
adj. 短暫的
adj. 可怕的
n. 品脫(液量名)
n. 窗玻璃片
n. 浴缸
n. 克制
v. 包括
v. 跪下
v. 出版
Unknown
n. 駱駝
v. 使給予活力
n. 腰
v. 警告
n. 患病；身體不適
v. 散開
adv. 勉強地；露骨地
n. 雷雨
n. 腿
n. 獨裁者
n./v. 細節
Unknown
v. 洶湧向前
n. 噴泉；噴水池
adj. 遠離的
n. 帝國；王權
v. 使朝向東方
n. 星期日
v. 侵蝕
n. 白癡
n. 牧師之職；內閣
adj. 禿的
adj. 緩慢的
n./v. 論述；評論
adv. 笨拙地
adj. 殘酷的
n. 儲存
n./v. 簾；給…裝上簾子
n. 選舉
n. 事實
n. 環境；圍繞
adj. 光榮的；輝煌的
n. 貓頭鷹
n. 表面
v. (n)不同意
adj. 可愛的
n./v. 共計；總數
n. 誓言
n. 罪犯
adj. 感到厭煩的
n./v. 實驗
adj.  負有責任的
adj. 有同情心的
n. 文明
n. 出口；出路
n. 口袋
n. 不滿
adj. 相似的
v. 咳嗽
n. 鳳梨
prep. 每
n. 飲料
n. 叢林
n./v. 人群；擠滿
n. 火車
n./v. 籠子；監牢
n. 永久居留地
v. 描繪
n. 襯衫
n. 缺口；峽谷；隔閡
n. 科學
v. 捐獻；貢獻
v. 借入
n. 共嗚
prep./adv. 關於
prep./adv. 沿著；一起
adv. 明顯地
n. 郵差
n./v. 害怕
v. 信賴
adj./prop. 如此的
v. 限制
n. 馬鞍
n. 小馬
n. 冠軍稱號；錦標賽
v. 類得起；承擔得起
n./v. 顏色；彩色
v. 猛衝
n. 本文
n. 生產力
n. 爸爸(非正式)
n. 扶手椅
n. 家庭；家人
n. 演奏會；音樂會
adj./n. 主要的；首都；資本
adj. 文化的；教養的
n. 工業技術；(一門)科技
adj. 新奇的
v. 蹲伏
n. 補充
n. 恢復
n./adj. 侏儒；矮小的
v. 使出糢
adv. 總是；永遠
v. 擴大；誇大；誇獎
