n./v. 輕蔑；鄙視
adj. 陶器(藝)的
adj. 獨特的
n. 無能
n. 類型
n. 緊急
adj. 正直的
v. 使旋轉
n./v. 羞辱
adj. 多霧的
n./v. 證據；物證
n. 活動；活動力
Unknown
n. 照料小孩
adj. 使人興奮的
Unknown
5adj. 男女之問的
n. 武器
adj. 慣例的；協定上的
adj. 馴∣服的
adj. 敏感的
n./v. 輪廓；綱要
n. 聯結；契約；債券
n. 超級高速公路
n./v. 圈；圍住
n. 爹地
adj. 吝嗇的
adj. 軍事的
adv. 無論如何
n. 自由
n. 乳酪；乾酪
n. 財產
adj. 明顯的
v. 拖；拉
n. 救生艇
n. 載貨卡車
n. 青蛙
v. 敵發
adj. 令人信服的
adv. 清楚地
Unknown
n. 段落
adj. 合作的
n. 地理學；地形
v. 使暴露於
n. 港
v. 發射
n. (日、月)蝕
n./v. 手；交給
n. 漁民；漁夫
n. 克制
Unknown
Unknown
v. 蹣跚
n. 雕塑(品)
v. 把…歸咎(於)；指控
Unknown
v. 避免；躲開
n. 餐巾
n. 骨骸
v. 使瀕臨危機
adj./adv./pron. 任何的；若干
n./v. 滑倒
n. 頻率；頻緊
n./v. 面具
n. 六月
adv.  在∼以前
n. 警察
adj. 個別的
n. 新來者
n. 高貴；高尚
n. 意義含糊
n. 障礙物；棚欄
n. 主旨
adj. 有罪的；內疚的
adj. 精巧的；複雜的
n. 含酒精的飲料
adj. 不切實際的
n. 老虎
adj. 任何的
v. 修剪；夾住
n. 網際網路
v. (使)終止
n. 胃口；食慾
n. 財產；資產
adv. 主要(地)
n. 手段；方法
n. 花瓶
n. 日落
adj. 精確的
n./v. 點頭；打瞌睡
n. 作文；合成物
n. 蠟
n. 蛋白質
adj. 可理解的
adj. 溫和的；順口的
v. 悲悼
n. 鏟
adj. 地理學的
n. 狀態
n. 污染
n. 州長；主管
n. 藥丸
n./v. 寵物；愛撫
n. 殖民地
adj. 穩定的
n. 學位證書
n. 年代
n. 肥料；促進發展者
v. 捆；綁
adj. 盡責的
adj. 關鍵的
n. 箴言；座右銘
n. 教堂
adj. 基礎的
n. 樂觀；樂天
n. 商業；交易
n. 大門；柵門
n. 迷信
Unknown
adj. 諷剌的
n. 智慧；情報工作
adj. 好奇的
adj. 適合的
n. 不關心
n. 稻草；麥桿
v./n. 弄碎；壓碎
n./v. 利益；興趣
adj. 不可預測的
v. 應得
n. 不屈不撓
v. 參加
adj./n. 好的；利益
n./v. 片語；用語言表示
v. 使驚恐
v. 修改
adv. 堅固地
n. 很多
v. 結合
n./v. 呻吟
v. 激怒
n. 一批貨物
v. 意識到；使覺醒
v. 包括
n. 交際
n. 一套唱片；相簿
n. 補充
adj. 電的
n. 黏土；泥土
n. 願望
n. 微波
n. 老闆
Unknown
adj./n./v. 相反的；反轉
n. 前進；擢升
n./adv. 這裡；在這裡
n./v. 味道；調味料
Unknown
v./n. 撥號；刻度盤
Unknown
n./v. 歡呼；激勵
n. 慣例
v. 使犧牲
n. 漢堡
n. 散發
adj./n. 水晶的
n. 浴室
adj. 必需的
n. 批准
adj. 相容的
n. 加入許可；承認
n./v. 強迫；力量
adj. 驚奇的
n./v. 飛行員；駕駛
adj. 傳統的
v. 陪同
n. 孤兒
v. 遷移
adj. 異常的
n./v. 妓女；出賣(名譽等)
n./v. 冰鞋；溜冰
v. 花費
v. 獲得；到達
v. 參與
n. 珠寶
n. 航程；飛機
v. 擅長
n. 最低限度；極小
n./v. 讚美；祝賀
n./v. 益處；使用
adj./n. 目前的；潮流
Unknown
adv. 完全；總而言之
v. 派遣；發送
adv. 永遠
Unknown
adj. 可選擇的；隨意的
n./v. 碼頭
v. 挑選
adj. 哲學的
v. 欺騙
n. 決心
v. 低估
v. 繼續進行
n. 鹽
n. 社會學
adj. 虛偽的
n. 音調
Unknown
adj./n. 九個
n. 優待券
adv. 充足地
v. 強化
n. 決定
Unknown
n. 鸚鵡
adj. 輕微的
n. 侵略
prep./adv. 向上地
n. 組織；團體
n./v. 地租；承租
adj. 加強的
n. 會議
n. 親切
v. 超越
n./v. 同意
v. 出價；吩咐
adj. 防護的；保衛的
n./v. 拘留所
n. 散文
Unknown
n. 擴音器
n./v. 船；坐船旅行
n. 復興
n. 意圖
adj. 如期的；準時的
adj./n. 經典的；名著
Unknown
n. 禮節
n./v. 果皮；剝皮
adj. 無效力的
n. 故事
Unknown
v. 概述；總結
v. 開(樂方)
n. 蜘蛛
n./v. 旗子
n. 月臺
adj. 仔細的
n. 立場
v. 消失
n. 守門員
n. 灌木叢
v. 認為；考慮
n. 困難
n. 涼鞋
adj. 試驗性的
adj. 迅速的
n./v. 哀傷；遺憾
n. 胸膛；箱子
v. 用餐
n. 侍者
n. 警告
v. 制止
n. 外貌；顯露
adj. 無效率的
Unknown
v./n. 腐敗；腐朽
adj. 外國的
n. 講故事者；銀行出納員
n./v. 關心；照顧
n./v. 步；踱步
n. 象
n./v. 獎品；珍視
n./v. 睡眠
v. 競爭；比賽
n. 與會者；議會
adj./n. 青春期的；青少年
adj. 靜止的
n. 紙張
v. 使目眩
n. 商人
v./n. 劃分；分歧
n. 保留
adj. 光榮的；輝煌的
adj./adv. 靜止的；仍然
n. 圖解；說明?
Unknown
adj./adv. 遙遠的
Unknown
n. 城堡
n. 空位
adj. 確信的；積極的
n./v. 火焰；燃燒
n./v. 車站；停止
n. 所愛的人
v. 使聽寫；命令
n. 保齡球
n. 醜聞
adv. 耐心地
n. 疼痛
adj./pron. 這些
adj. 公平的
n. 假期
v. 使發出聲
adj. 顯著的
adj. 漂亮的
adj. 外面的；肉體的
v.(n. ) 裝上；附加
n./v. 擴展
n. 形勢
n. 失敗者
Unknown
n. 騎兵(隊)
v. 讓與
Unknown
n. 母音
v. 報復
adj. 坦白的
n. 軍艦
Unknown
n. 葡萄園
v. 刺入
n. 說教；佈道
adj./v. 完全的；完成
n. 籃子；簍子
adv. 激烈地
n. 二月
n. 房間；室
n. 一點(撲克牌)；能手
adj. 感情上的
n./v. 扳機；引發
n. 服務員
n./v. 損害；傷害
n. 驢
n. 沙
v. 打斷
n. 困境
n./v. 騎；騎乘
adj. 守本分的
adj./n. 幾個的；幾個
n. 輟學者
n. 雷雨
adj./n. 空白的
adj. 可交換的
adv. 已經；先前
v. 保護
n. 製造者
n. 文法
adv./n. 明天
n. 方法；態度
n./v. 刷子；刷
n./v. 運動；鍛鍊
v. 耕(地)
n. 派
v. 增加
adj. 懷孕的
n. 前提
n. 溼氣
Unknown
n. 有禮的舉止
Unknown
v. 把…借給
n. 豬肉
n. 矛盾
adj.  天真的；樸素的
v. 露出
n. 骨頭；骨質
n. 收藏者
n. 女演員
n. 反派角色
n. 男人
prep./adv. 橫越
n./v. 爭吵
adv. 急忙地
n. 宴會
n./v. 飛澱(聲)
v. 漠視
n. 性(別)
n. 義大利麵條
n./v. 封面；遮蓋
n. 儀器；樂器
v./n. 逮捕；拘留
n. 酬金；服務費
adj. 快樂的
n. 灰燼；骨灰
n. 起居室；會客室
v. (使)變寬
n. 村莊
adj. 長久的
n. 胡蘿蔔
adj. 理論的
n. 小旅館；客棧
n. 財產；好運
v. 使想起
v. 通勤
adj. 世俗的
v. 使困惑
n. 車輛
prep./adv. 關於
n./v. 聲音；表達
Unknown
n./v. 網；用網捕
v. 吸引；引誘
n. 總統(校長)的職位
v. (n)雇用
adj. 令人恐懼的
v. 奮鬥
Unknown
adj. 活著的；有活力的
n. 花(叢)
adj. 羞怯的
n. 表情；表示
n. 藤條；甘蔗
n. 門廊；休息室
adj. 有用的
v. 主持
n. 互動
n./v. 電纜；有線電視
n. 身分證
n. 吐司
Unknown
n. 警察
n./v. 玩具；玩弄
n. 髮型
n./v. 舉起
Unknown
adj./pron. 無論哪個
n./v. 要求
v. 懷疑
v. 存在；生存
n. 模特兒
n. 調查
n. 路線
n. 出席
v.(n. )給∼提供娛樂
v. 激怒
n. 收音機
v. 呼吸
v.灌 v.注 v. 倒
