n. 諺語
v. 恐嚇
v. 預防
adj. 滿意的
n./v. 容易；減輕
n. 決定
adj. 韻律的
adj. 徹底的
v. 使傾覆；推翻
n. 出席
n. 威脅
adj. 生氣的
Unknown
n. 製造者
n. 抱負；志向
v. 冒犯；觸怒
n. 想像力；創造力
Unknown
v. 扣押
adv. 漫不經心的
v. 保持
n. 粉刺；面皰
v. 執行；演出
n. 人性；人文學科
Unknown
adj. 民主的
n./v. 尖端；持向
Unknown
v. 轉換
adj. 幸運的
n. 贖金
prep. 在…期間
n. 廁所
n. 灰燼；骨灰
Unknown
v. (n)吸引；聘雇；訂婚
n. 障礙；缺點
n. 雜貨店
v. 摒棄
adj. 遙遠的
n. 衣服
adv. 除此之外
n./v. 芽；發芽
adj. 流暢的
Unknown
adj./nJv. 頂端的；頂部
adj. 有病的
n./v. 靶子；對·瞄準
n. 材料
n. 增加；附加
adj. 地(面)下的；祕密的
adv. 在旁邊；除…之外
v. 使發出聲
adj. 課外的
n. 例子
n. 詞彙
adj. 實驗性質的
adj. 適用的
v. 符合；通信
n./v. 受傷
adv. 其問；同時
n. 花生
adj. 敏銳的
n./v. 塞子；輕敲
n. 彈藥
adj. 防護的；保衛的
n. 標籤
adv. 再一次
n. 一巴掌
n. 反抗者
v. 送
v./adj. (使)變冷；寒冷的
n. (儀式的)活動
n. 混亂；困惑
n. 運動員
n. 小囚房；細胞
n. 廚房
n. (日、月)蝕
adj./n. 否定的
adj. 全球的
Unknown
v. 為…保險
adj./n. 男性的；雄的
Unknown
n./v. 住宅
adj./adv./pron. 各個
n. (=logotype)標識；商標
n. 億萬富翁
n./v. 刺；戳
Unknown
v. 期滿
adj. 最近；最遲
n. 三月
n. 長頸鹿
adj. 低於…的
n. 理由
n. 主人；雇主
n. 吉普車
n. 肉體
n./v. 休假；許可；離開
adj./adv. 筆直的
adj. 口頭的
adj. 各式各樣的
n. 豬肉
n./v. 廣播；播放
adj. 古代的
n. 郵資
adj./n. 羅曼蒂克的
n. 圓盤；唱片
adj. 閃爍的
n. 小學生
adj./n. 十六
adj. 愚蠢的
Unknown
n. (大學的) 校園
n. 心不在焉／抽象概念
v. 使失去能力
n. 三明治
n./v. 筆記；注意
n. 全神貫注
n. 火雞
Unknown
adj. 能；有能力的
Unknown
n. 攝影術
n. 環形花狀
prep. 像；和·一樣
n. 橡樹
n. 欺騙
Unknown
Unknown
adj. 先進的；高等的
n. 起居室；會客室
n. 肺結核
n. 束西
n. 玩伴
n. 舞者
Unknown
n./v. 穿；戴
n. 委託
v. 重覆地說(做)
n. 洗潔劑
n./v. 記號；簽字
Unknown
n. 長板凳
n. 態度
n./v. 報酬
n. 組織
n./v. 鏈條；束縛
n. 愚蠢的錯誤
n. 改組
v. 犯(罪)；把…託交給…
n. 玉米花
n. 阿斯匹靈
n. 氮
n. 警告
adj. 保守的；反動的
n. 小牛
n. 儲存
n./v. 打滑
n./v. 飛澱(聲)
n. 葡萄
v. 延期
n. 姪兒；外甥
adj. 睡著的
adj. 公共的
v./n. 出口
v. 打算
adj./n. 喝酒醉的
n. 軍隊；團體
Unknown
v. 獲得；到達
n./v. 眼睛
adj. 使人不愉快
v. 自吹自擂；誇耀
adj. 低的
adj./n. 盡頭的；極限
v. 使枯竭
Unknown
n. 技能
adj. 公正的
adv. 和諧地
n./v. 滾動
adj. 過份的
n. 交際
n./v. 軟片；電影
v. 統治；治理
adj./adv./n. 南方的
adj./n. 四方的
n. 勤勉
n. 汽車
adj. 無效率的
prep./adv. 關於
Unknown
n. 一部分
n. 獵人
n. 獨裁者
n. 自治(權)
adv. 大部分
n. 題目
n. 失敗
n./v. 雲；遮蔽
Unknown
n. 移民
Unknown
n. 冰
n. 種姓(制度)
adj. 猜疑的
n. 大轎車；酒館；交誼廳
adj. 有禮貌的
n. 王后
Unknown
v. (使)挨餓
n. 長袍
v./n. 抓住；支撐
n. 被提名人
n. 計畫
Unknown
n./v. 封面；遮蓋
Unknown
Unknown
n./v. 熱度；加熱
adj. 緊張的
n. 流行
adj.  有趣的；有魅力的
v. 使混合
n. 乒乓球
n. 蓮；忘憂樹
adj./pron. (兩者之中)任一的
Unknown
prep./adv. 向上地
Unknown
v./n. 抓住；捕獲
n./v. 現金
n. 檢查
n. 骨骸
n./v. 微笑
n. 果
n. 代名詞
n. 螺栓；閃電
n. 披肩；海角
adj. 對…不感興趣
v. 證實
v. 拖曳
adj. 嚴格的
Unknown
n. 捐贈者
n. 橘子
adj./v. 完全的；完成
n./v. 報告；述說
n. 活塞
adj. 帝國的
prep. 不像
adj./adv. 一週一次的
v. 自稱
n. (一群)工作人員
v.(n. )改善
n./v. 皮膚；剝…的皮
n./v. 諾言；許諾
n./v. 搶救
v. 中途阻止
v. 避免；躲開
adj. 可以理解的
n./v. 時間
n. 策略
n./v. 藉口；原諒
adj. 不誠實的
n./v. 玩笑
n. 機車
v. 減輕(痛苦)
n. 青少年
Unknown
v. 屈辱
n. 會話；談吐
n. 空軍
n. 投資者
v. 蹲伏
Unknown
adv. 如何；多少
Unknown
v. 解釋；給…下定義
adj. 令人愉快的
v. 準備
n. 歷史
adj. 傲慢的
Unknown
Unknown
n. 童年時期
v. 推測；投機
n./v. 香料；加香料於
n. 日本人
n./v. 計算
v. 紡織
Unknown
v. 插入
n. 蚊
n. 哩數
adj. 有激勵作用的
adj. 壯麗的
n. 迪斯可舞廳/音樂
n. 玻璃器皿
v. 鼓舞
Unknown
n. 講演者；講師
v. 給；送給
Unknown
n./adj. 黃金(色)
n. 安排；佈置
Unknown
n. 音調
n. 古柯鹼
n. 領土
n. 鄰居
adj. 有毒的
ad v. 幾乎不
n. 歷史學家
n. 工商人名錄
adj. 飢餓的；渴求的
adj. 黏的
n. 手足
n. 鈉
adv. 同樣的
n. 肺
adj. 完全的；絕對的
n. 財富
n. 酒吧主人
n. 碎片
adj./v. 較低的；降下
v. 眨眼；漠視
n. 音量
Unknown
v. 擦掉；抹去
n. 蝴蝶
n. 鋼琴
v. 用力投擲
n. 角色
v. 限制
Unknown
n. 孤兒
adj. 堅韌的
adj. 極有趣的
n. 胡說
adj. 單調的；遲鈍的
adj. 促使
adj. 懶散的
n./v. 實驗
n. 觀察
n./v. 小河
adj. 較高的
adj. 健忘的
adj. 家庭的；國內的
v. 限制；使侷限
n./v. 郵件；郵寄
v. 抑制
adv. 極其
adj. 抽象的
Unknown
n. 烈火；光輝
n. 悲劇
n. 林蔭大道
n. 香檳
n. 禮品；天賦
n. 麵條
n. 家畜
adj./v. 清楚的
n. 油；石油
n. 惡性腫瘤；癌症
adj. 身體的
n. 糖尿病
n. 外套大衣
n. 事件
n. 最低限度；極小
adj./adv./n. 東方的
n. 火車
n./v. 藥品；毒品
n ./v. 交易；處理
Unknown
n. 櫃檯；籌碼
n. 陸軍中尉
n. 證書
v. 把…括除
v. 借入
v. 保存
n./v. 擁抱；抱住
Unknown
n. 針
n. 報導；某事所包含的範圍
n./v. 價值；估價
adj./n. 中問的；中部
v. 編纂
Unknown
n. 鞋
n. 缺點
adj. 軍事的
Unknown
adj. 貧窮的
v. 類得起；承擔得起
n. 猴子
n. 交誼
n. 湯
n. 記錄者
adj. 可愛的
adj. 博識的
adv./adj./n. 在城市的商業區；鬧區
n. 路
n. 研究
adj. 想像中的
adj./prop. 如此的
n. 星期四
n. 傳教士
adj. 自然的
n. 馬具
n. 判決
n. 國家；民族
v. 投降
n. 出納員
Unknown
Unknown
n. 持有者
n. 鬚
Unknown
adj. 使人興奮的
n. 意義含糊
n. 文化；教養
n. 男女合校的教育
adj. 惡名昭彰的
n./v. 電話
v. 珍惜
v. 招致
n. 長襪
n. 碟；菜餚
adj. 很可能的
n./v. 帽子；覆蓋
n. 燕子
adj. 穩固的
adv. 因此
n. 截止期限
n. (總稱)珠寶
n. 追趕
adj. 滑稽的
v. 估算；推算
n. 女繼承人
Unknown
Unknown
n. 鋸
n. 一餐
adj. /n八
Unknown
adj./n. 至上的；最高統治者
adv. 其他；另外
v. 校正
n. 社會學
v. 使縮短
n. 接縫
n. 爆炸；劇變
n. 變化
adj. 自大的
n. 主題
n. 聽眾
n. 信念；信條
adj. 高興的
n. 丑角式人物
Unknown
Unknown
n. 障礙；不利條件
n. 錄影帶
n./v. 表；把…編列成表
adj. 有趣的
adj. 熱切的
Unknown
Unknown
n./v. 裂縫；(使)裂開
n. 牧師之職；內閣
n. 汽油
n. 父母
prep./adv./adj.  在…上面；優於，勝過
n. 短缺
n. 解釋
adj./n./adv. 親愛的
n./v. 毀滅
adj. 更適合的
adj./n. 個別的；個人
n./v. 修理
adj. 古怪的
n. 接收
n./v. 地點；散布
n. 宴會
adj. 多采多姿的
n. 障礙
v. 損害
v. 報復
n. 會議
v./n. 集合；開玩笑
n. 長沙發；睡椅
Unknown
n./v. 挑戰
n. 甘藍菜
n./v. 霜；凍
Unknown
n. 形勢
adj. 建設性的
adv. 謙虛地
n. 女管家
n. 檢查；付款退租
n./v. 齒輪；搭上齒輪
n. 期限
v. 駕駛
n. 香草
n./v. 戰役
n. 幽默感
adj. 理性的
n./v. 吹；吹氣；打擊
adj. 看不見的
adj. 頻繁的
n. 原稿
Unknown
n. 黑板
n./v.  想要
n. 誤解
n./v. 急忙
adj. 突起的
v. 使模糊
v. 取消
v. 分開
adj. 沉重的
adj. 洲的；大陸的
n. 吉普賽
Unknown
n. 鎮靜劑
adj. 完成的
v. 猜想
v. 發誓；保證
Unknown
adj. 模糊的
n. 臀部
v. 完成
n. 統治者
Unknown
adj. 缺席的
v. 毀滅；死亡
adj. 可食的；食用的
Unknown
n./v. 危險
n. 方法
n. 法庭
n. 重建(物)
Unknown
v. 徘徊(於)
n. 乘船遊覽
n. 競爭者
Unknown
v. 勸阻
n. 卡路里
n. 捐贈；捐贈物
adv. 這樣
adj. 空的
Unknown
Unknown
n. 喉嚨
n. 骨頭；骨質
Unknown
adj. 疲倦的
v. 陪同
Unknown
adj./v. 涼爽的；使冷卻
adj. 相比而言的
n./v. 打噴嚏
v. 同意；認可
adj. 有影響的
n. 巧克力
n. 靈感
v. 使大吃一驚
v. 使…座落於
Unknown
v. 影響；使感動
Unknown
v./n. 漂流；漂浮物
n. 海灣；深淵
Unknown
n./ v. 輕搖；慢跑
n. 起源；細菌
n. 小徑
n. 環境
n./V. 私語
v. (n)需求
n. 新鮮人
n. 帶子；樂團
n./v. 舞蹈
n. 胡蘿蔔
Unknown
adj. 美感的
v. 提議
adj. 安全的
v. 回答
v. 捐贈
adv. 非常
adj./v. 心煩的；使生氣
n. 毛線衫
n. 蜥蜴
Unknown
n. 蜘蛛
n./v. 躺臥
n. 一批貨物
Unknown
n. 備忘錄
adj. 令人信服的
n. 項目
n. 地區
n./adj. 批發；大批的
adj. 支配的
n./v. 嫌惡；使厭惡
n. 終點；總站
Unknown
Unknown
Unknown
n. 職業
n./v. 地租；承租
Unknown
n. 理由
n. 分隔間
n./v. 抵達
n./v. 暫停
n. 揭露
n. 果醬；堵塞
n. 冰箱
n. 動機
n. 天花板
v. 計算
v. 裝備
n. 平民；文職人員
Unknown
n. 拍賣
Unknown
v. 生產
n. 天賦
n. 堅果；瘋子
Unknown
v.(n. )使移動；使感動
adj. 堅固的
v. 美化
adv. 在戶外
n. 拳擊
Unknown
Unknown
n. 藍圖
Unknown
adj. 電子的
v. 比·多
n. 胃口；食慾
v. 使暴露於
n. 沙漠
n. 稻草；麥桿
adj. 相關聯的
adv. 專門地
n. (被)起訴
n. 電池
n. 容器
adj./n.  牙齒的；齒音(的)
n. 星期日
adj./adv. 位於兩地中途的
v. 想出
n. 自助餐；快餐
n./v. 監視器；監控
prep./adv. 在…之上
adj. 聽覺的
Unknown
n. 膽固醇
n. 缺席；缺少
adj./adv. 正的
n. 穀倉；牲口棚
adj. 有毒的
adj. 最後的
n. 點心
adj/n/v. 適合的
n. 家禽(肉)
n. 舞廳
n. 回答
Unknown
adj./adv./n. 足夠的
n. 衣領；項圈
n. 悲傷
n./v. 法官
n. 銀行
n. 停車
Unknown
v./n. 禁止通商
n. 一套唱片；相簿
n. 同班同學
n. 毛蟲
n. 大水罐；投手
adj. 逐步的；平緩的
adj. 陰曆的；月亮的
n./v. 買賣；便宜貨
n. 繩子
n. 行為
adj./adv./n. 西方的
v. 堅持
n. 綠洲
n. 事情；事件
adj./n. 複雜的；情結
n. 海洋
v. 照亮
v. 融化
adj. 反常的
v./n. 發射；投擲
n. 目的地
adj. 膽小的
n. 建立；基金會
n. 評論
v. 關聯
n. 煤礦；煤塊
adv. 模糊地
n. 小圓甜麵包；髮髻
v. 似乎
v. 興旺
Unknown
n. 櫃檯；籌碼
n. 作曲家；調停者
v.(n. )鋪(用於被動)
adj./n. 黑的
v. 想像
v./n. 撥號；刻度盤
n. 段落
prop./n. 烏托邦
n. 演講
v. 當心
Unknown
adv. 憑藉
n. 衛生設備
n. 基督教
Unknown
n. 首相
n. 海軍將官
n. 旅館；飯店
adj. 不適當的
n. 袋子
v. 概述；總結
n./v. 損害；毀壞
v. 壓倒；淹沒
n. 抽屜；拖曳者
n./v. 預測；預言
adj. 意識形態的
adj. 反對的
n. 物理學
n. 職業
n./v. 分擔；分配
n. 累積
n. 農場主人
n. 鎳
n. 說明文字
n. 過程
n. 三月
n. 氣候；風氣
v. 減少
adj. 小的
n. 騎兵(隊)
n. 朝聖者
n./v. 氣體；瓦斯
n. 地震
n. 欽佩
v. 拘留；耽擱
adj. 不潔的；卑鄙的
v. 沖泡；醞釀
n. 純潔
n. 海豹；印章
adv. 向前
Unknown
n./v. 負擔；加負擔於…
n./v. 口水；吐
adj. 自由的
adj. 持久的
n. 潛在性
n. 補足物
v. 擊退
n./v. 詭計；欺騙
n. (食用的)肉
v. 伸開四肢躺(坐)
n./v. 雨
n. 信條
adj. 驚奇的
n. 收音機
Unknown
Unknown
n. 存在
n. 一打；十二個
n. 重力；萬有引力
Unknown
n. 戰場
n./v. 石頭
n. 擴音器
v./n. 移植
n. 隨身聽
Unknown
Unknown
n. 公報；新聞快報
n. 鏡片；眼球的水晶體
n. 麻疹
Unknown
v. 取回
Unknown
v. 承包伙食
adv. 附帶的
n. 行星
adj./n. 幾個的；幾個
v.(n. )鼓勵
n. 蘇打水
adj. 長久的
n. 對稱(性)
n./v. 英吋
adv./n. 今晚
n. 住所
n./adj. 化妝品；美容的
adj. 聖經的
n. 測量儀表；公尺
n. 蜜蜂
v. 耕作；培養
adv. 永不
n. 結構
Unknown
n./v. 偽裝
adv. 有系統地
v. 統一
adj. 更動
Unknown
adj. 到期的
Unknown
n. 降落傘
v./n. 拖
n. 夥伴；伴侶
n. 家庭主婦
n. 標準
n. 外用藥水；化妝水
adj. 不合常規的
n. 暴行
v. 產生；引起
v. 使驚慌
n. 皇室成員
pron. 哪一個
v. 提交
v. 合併
v. /n贊助(者)
n. 幽默感
v. 洗澡；沐浴
Unknown
n. 樣品
n. 復興
n. 超級高速公路
v. 畫；拖拉
adj. 偶然的；意外的
adj. 關鍵的
adj. 卓越的
n. 事實；實例
adj. 易變的
n./v. 火焰；燃燒
Unknown
n. 保留
v. 增高
adj. 輕率的
n. 雇主
n. 海洋
v. 發誓
n./v. 探望
n. 環境；圍繞
n. 女主人
n. 午餐；午宴
n. 商人
Unknown
adj./n. 算術的
v. 使混亂
adj. 美味可口的
n. 技術人員
adv. 向下的
v. 強姦
n. 義大利文
Unknown
n./adv. 住家；家庭
adj. 重大的；嚴肅的
n. 記號
n. 主旨
n. 薪水
Unknown
adj. 在內的
n. 斜坡
adj. 未觸動過的
n/v. 治療；治癒
n./v. 救助
n. 電；電流
v. 使複雜化
adj. 不禮貌的
v. 貶值
v. 我想…；也許…
Unknown
Unknown
n. 房問
adj. 敏銳的
adj. 怪物的；恐怖的
n./v. 洗滌
n./v. 使混亂；騷亂
v. 驅逐
Unknown
adj. 簡單的
n. 飢餓
v./n. 再檢查；複習
adj. 靜態的
n./v. 運動；鍛鍊
n./v. 素描
Unknown
n. 粉末
Unknown
Unknown
adj/adv. 平坦的
Unknown
