adj. 可愛的
adj./adv. 快速的/地
v. (n)雇用
n./v. 驚訝；使驚奇
adj. 毀滅性的
n./v. 急忙
Unknown
adj. 可怕的
v. 劫取
n. 財產
n. 報導；某事所包含的範圍
adj./n. 一百
n. 七月
n. 街道
n. 代數
adj. 真的
n. 椅子
n. 誠實
n. 接受者
adj. 神學(上)的
n. 日落
n. 蠟燭
n. 態度
n. 城鎮
n. 暗房
v. 激怒
v. 廢除
v. 扭傷
n. 問答比賽
v. 符合；通信
n. 回憶
n. 立體聲；立體音響器材
n. 鈉
v. 喚起
Unknown
v. 中途阻止
n. 多樣化
v. 概述；總結
v. 奮鬥
n. 可能的機會
v. 混和
n. 幼稚園
n./v. 打盹
Unknown
n. 旅行者
adj. 環境的
n./v. 問題；詢問
n. 櫃檯；籌碼
n. 提名；任命
adj. 地(面)下的；祕密的
n. 傳統
adj./n. 四
n. 真空；空虛(感)
n. 前夕
n. 危害；淘氣
v./n.  尋找；得到
Unknown
conj/n. 當…的時候
n. 小說家
v. 跑
n. 裝置
n. 白堊；粉筆
adj. 實驗性質的
n. 事實
n. 社區；共同體
n. 報紙
n. 棲木；高而安全的地位
n. 海灣；深淵
n. 小冊子
n. 成年人
n. 成年；男子氣質
v. 期望
n. 服裝；戲服
n. 氮
adj. 極有趣的
Unknown
n. 火車
n. 會員(資格)
n. 褲子
v. 吐露
n. 禁忌
adj. 苛責的
n. 危險；威脅
n. 承諾
v. 復活
n. 朝聖者
adj. 緊張的
n. 馬刺；激勵
adj. 自暴自棄的
n. 成見
adj. 社會的
v. 收到
Unknown
n. 吐司
adj. 無意義的
n./v. 點；打點於
n. 記錄
n. 光譜
v. 生產
n. 果汁
v. 加深
adj./n. 軍事的；軍隊
n. 表演
adv. 自然地
adj. 心理(上)的
v. 增加
n./v. 花園；從事園藝
n. 五月
n. 公雞
adj. 城市的
adj. 不朽的
n. 蟑蚣卜；油蟲
n. 廚房
adj. 社會學的
v. 使犧牲
n. 意義；重要性
n. 開始
adj. 遠離的
n. 相似之處
v. 決心；決定
adj./adv. 一週一次的
v. 堅持
ad v. 慷慨地
n. 一分錢
n. 停火協定
n. 精神科醫生
Unknown
adj. 多雪的
n. 發動機；引擎
n./v. 匙；用匙舀
n. 雨傘
n. 腦袋；智力
n. 中間；媒介
adj. 有理由的；合理的
n. 肢體殘障者
n. 障礙；不利條件
n. 航程；飛機
n. 箭
v. 指導
n. 變化
adv. 在(到)國外
adj. 敏感的
v. (n)不同意
Unknown
n. 公平；正義
adj. 令人恐懼的
v. 裝飾
adj./adv. 接近的
n. 照料小孩
n. 大陸；大洲
n. 管理；限制
n. 效率
v. 跛行
n. 票
n. 羊肉
n./v. 恥辱
adj. 受過教育的
n./v. 箱，盒；把…裝箱
adj. 近視的
n./v. 通行許可；經過
adj. 的鐵釘
n. 氣球
n. 解放
n. 竹子
n. 粉末
n. 友誼
n. 理由
n./adj. 侏儒；矮小的
adj. 不潔的；卑鄙的
Unknown
v. 減少
n. 討論
v. 治癒
Unknown
adj. 生理學的
adj./n. 四十
n. 卡通；連環漫畫
n./v. 危險
n. 拳頭；支配
adj. 明智的
adj. 慢性的
n./v. 誘餌；引誘
adj. 多霧的
n./v. 避難所
n. 衣架；絞刑執行者
adj./adv./n. 許多的
n. 睡衣褲
n. 同意；認可
Unknown
n. 炊具
adj./n. 相同的
adj. 中古的；中世紀的
adj.  冷颼颼的
n. 傾斜
n./v. 水壩；築壩於…
n. 慷慨
v. 美化
adv. 在將來某個時候
v. 指責
n. 成見；頑念
n. 山谷
adj. 哲學的
Unknown
n./v. 小船；划船
n./v. 手；交給
n. 連接；關聯
adv. 可能
adj./n. 空閒的
v. 偷
interj./n. 再見
n. 詞彙
n. 高貴；高尚
n. 馬拉松賽跑
n. 申請人
n. 外交
n. 知更鳥
n. 歷史學家
Unknown
n. 球；球狀體
n. 繆思女神；詩興
n. 動機
n. 路
Unknown
adj. 失業的
n. 殘存
Unknown
n. 頭痛
adj. 充滿希望的
n. 橫切
n./v. 監視器；監控
n. 捕捉者
n./adj. 酒精飲料；含酒精的
n. 箴言；座右銘
n. 可惜
n. 一月
n. 鈾
v. 使凝結(濃縮)
prep. 在…下面
v. 丟失
n. 侵蝕
v.(n. )使興奮
n. 哲學家
n. 位置；郵局
v. 關上
n./v. 過程；加工
adj./n. 初步的；初步行動
adj. 殘酷的
n. 民主主義者
n./v. 旅行
n. 桌子
prep./adv. 在…下面
v. 主持
adj. 不舒服的
Unknown
n. 湯
Unknown
n. 傻瓜
n. 蜻蜓
n. 外用藥水；化妝水
n. 法律
v. 選舉
adj. 由選舉產生的
adv. 如何；多少
n. 蓋子；眼瞼
n. 死亡
n. 迎賓員
n. 期望
n. 前言
v. 使屈服
adj. 有耐心的
n. 預防措施
n. 同情心
n. 准許
adj. 糟透的
adj. 難忘的
Unknown
v. (使)繃緊
n./v. 簾；給…裝上簾子
adj. 貨幣的
adj. 榮譽的
n. 拳擊
adj. 愛國的
n./adj. 選擇
n. 殖民地
n. 龍蝦
n. 十億；大量
adj. 立刻的
n. 爪子；鉗；贅
n./v. 讚美；稱讚
n. 忠誠
v. 通知
n. 流行性感冒
n. 腳後跟
n. 引語
n. 尺寸
adj. 睡著的
v. 編輯
v. 邀請
n. 協助
n. 攤位
n./v. 陳列
adj. 自由的
n. 鰻
Unknown
adj. 各式各樣的
v. 壓；擠
n. 佛教
adj./adv. 較小的
v. 接受；經歷
n./v. 目標；瞄準
adj. 嚴肅的
n. 泥
adv. 立即
n./v. 皮膚；剝…的皮
n. 小說；虛構的事
n. 一套衣服
n./v. 景色；看
n. 狗
n. 耽溺
n. 樣式
n. 通道
adj. 緊張的
n. 軍人
v. 使工業化
adj. 適用的
adj. 純淨的
n. 狐狸
n. 公園
n. 策略
n. 接縫
n. 子句；條款
n. 戲院
v. 扣押
n. 珍珠
adj. 完全地
adv. 遲疑地
n. 不關心
n. 鳳梨
v. 懸掛；吊死
n./v. 市場
v. 恐嚇
adj./v. 較低的；降下
v. 逃走；逃離
n. 螞蟻
adj. 外面的；肉體的
adj. 複雜的
n. 監獄
n. 教堂
n. 書桌
n. 作物
n. 乘客
n. 偶像
n. 禮堂
adj. 空的
n. 穩定性
v. 預言
v. 聲稱
n. 污染物
n. 同輩
adv. 個別地
n. 民意調查
n. 使者；信差
adj. 感情上的
n. 厚塊
n. 公司
n. 復原
n. 人行道
n. 刺激(物)
n./v. 飛行員；駕駛
adv./adj. 進一步地
adj. 看不見的
v. 行刺
adj. 非直接的
n./v. 魚類；釣魚
adj. 關鍵的
adj. 龐大的
n. 根
adj. 感到抱歉的；感到遺憾的
v. 道歉
n. 束西
