adj. 各種各樣的
n. 圖畫
adj. 不平的；粗魯的
v. 使重疊
v. 一瞥；掃視
n. 農場主人
v. 裝船；從事
n. 學生
n. 困境
n. 可樂類飲料
v. 深思
n. 秋季
n. 傷害
v. (使)變寬
n. 抗體
n. 動物
n. 束西
n. 聖歌
n. 孫女；外孫女
n. 差異
v. 作曲；組成
adj. 次要的
adj. 理論的
n. 電扶梯
adj. 意味深長的
n. 粉刺；面皰
n. 首相
n. 收藏者
n. 收入；工資
Unknown
adj. 具有因果關係的
n. 數量
Unknown
n. 民主主義者
adj. 想像中的
n. 筷子
n./v. 比率；評估
n. (食用的)肉
n. 欺騙
Unknown
Unknown
n. 衛生
n. 法令；條例
n. 態度
n. 主廚
prep./adv. 在(船、飛機、車)上
n. 實驗
pron. 本身
n. 慶祝
n. 腳底(板)；鞋底
n. 公民投票
n./v. 線；穿線於
adv. 一起
n. 捆；包裹
adj. 熱(量)的
n. 娛樂；玩笑
n. 大道
n. 協調
Unknown
adj. 親切的
adj. 純粹的
n. 舌」鬍刀
v. 證實
n./v. 接觸；聯繫
adj. 安全的
adj. 典型的
n. 應試者
v. 參加
adj. 附加的
n./v. 請客；對待
n./v. 芽；發芽
n. 姓
v. 欺騙
n. 儲存
n./v. 塊；障礙物；堵住
n. 腳趾
adj./n. 西方世界
n. 生態學
n. 指導者；教練
v. 調解
v. 達成
adj. 真心誠意的
n./v. 銹；生銹
v. 增高
n. 奉獻
n. (=logotype)標識；商標
adv.  在～以前
adj.  有效率的
n. 主教
n. 嗜好
interj./n. 再見
n. 運氣
n. 財產；資產
n. 彈藥
v. 我想…；也許…
v. 編織；接合
n. 大蒜
n. 統治者
adj./adv./n. 正確的
n. 家事；家務
v. 面臨；對抗
v. 想像
n. 私生子；令人討厭的人
v. 攀爬
n. 檔案
adj. 活的
adj. 情報的
n. 黏土；泥土
v. 使驚訝
adj. 可獲利的；賺錢的
n. 精神；心靈
adj./adv./n./v. 兩倍的；雙重地
n. 精製品
v. 採取；收養
adj. 奇特的；奇數的
adj./adv./n. 許多的
adj. 馬虎的
v./n. 打擾；煩惱
n. 友誼
pron./conj. 什麼
n. 抑制
adj./n. 音樂的
n. 噴泉；噴水池
v. 預言
n. 關聯
n./v. 喊叫(聲)
adj. 有教養的
n. 地板
adj. 最低程度的
n. 航空(學)
n. 物體；目標
n. 貢獻；捐獻
n. 地域
adj. 各式各樣的
n. 人
n./v. 擁抱；抱住
n. 配置
adj. 死去的；無效的
n. 偽君子
n. 財產；好運
n. 蒙羞
adj. 堅固的
n. 顧客
v./n. 護衛(者)
n. 韁繩；統治
n./v. 架構
Unknown
adj. 安全的
Unknown
adj. 中等的
v. 準備
Unknown
adj. 致命的
n. 人行道
n. 邀請
n. 殖民地
prep./adv./adj. 在…之後；以後的
adj. 該注意的
n. 演講者
n. 浴缸；盆
adj./n. 四方的
n. 公布
n. 餐巾
v. 做不正當的事
n. 群
n. 書架；書櫥
v. 跟隨
n. 週末
adj. 完全的；絕對的
adv. 遲疑地
adj. 受過教育的
adj. 精確的
n. 菠菜
Unknown
n. 小丑
adj./v. 自己的
n./adj. 侏儒；矮小的
v. 開(樂方)
n. 電話
adj./n. 有資格的
n. 宮殿
adv. 向束
n. 記號
adj. 有耐心的
n. 米
n. 黃瓜
n. 行為
adj. 新的
n./v. 玩具；玩弄
adj. 合作的
n. 距離
n. 一擊
adv. 在哪兒
n./v. 外套；覆蓋
n. 偽君子
n./v. 火；開火
n. 征服
v. 部分重疊；部分相同
adj. 實踐的
n. 少女
adj. 戰後的
adj. 吝嗇的
adv. 據推測
n. 意圖；目的
adj. 龐大的
adj. 紛亂的
n. 置物架
n. 萬靈藥
n. 專欄作家
adj. 局部的
Unknown
n. 陸標
n. 主意；觀念
n. 刀
n. 玫瑰
v. 照亮
n. 外交官
n. 樹
n. 路
n. 衛生設備
n. 百萬
n. 正式大會；立法機關
adj. 充滿希望的
v. 爆發；發生
v. 歸屬於
n. (美、加等國)元
v. 保持
n. 新來者
n. 識別；身分證明
adj. 快的
n. 慣用語
n. 聯合
n./v. 損害；傷害
n. 牧地；草原
n. 行李
adj. 受震驚的
n./v. 霜；凍
