v. 採取；收養
adj. 無知的
adj. 的鐵釘
v. 發射
n. 蠟筆
n./v. 水
adj. 多才多藝的
n./v. 電話
n. 售貨棚
n. 英畝數
n./v. 關心；涉及
n. 災難
n. 導師
v. 傷害
adv. 永遠
n. 善良
n. 精緻
adj. 幽默的
v. 批准
adj. 粗心大意的
adj. 易變的
n. 鵝；傻瓜
n. 股息
adj. 好爭吵的
v. 允許；讓
n. 收音機
n. 玉蜀黍薄片
n. 劑量
v. 遵守
n./v. 裂縫；(使)裂開
adv.  在∼以前
v. 花費
n. 開始
n. 期限
n. 髮型
v. 使驚慌
n. 劍
adv. 非常
n. 說謊的人
adj. 令人滿意地
n. 牙科醫師
n. 服務員
v. 解放
n. 不一致
adj. 心理(上)的
adj. 多重的
n. 識字；讀寫能力
adv. 刺耳地；嚴厲地
n./v. 魚類；釣魚
v. 創造
adv. 很好地
v. 揭露
v. 裝備
pron. 誰
n. 監管
adv. 一起
adj. 被俘虜的
n. 超級市場
n. 紅衣主教
n. 柏拉圖(古希臘哲學家)
n./v. 植物；種植
Unknown
n. 睡衣褲
n. 墓地
v. 激怒
n. 餐廳
Unknown
n. 馬達；原動力
n. 恃強凌弱者
n. 會議
n. 公民科
n. 應試者
adj. 污穢的
v. 克服
adj./adv./n. 額外的
n./v. 監視器；監控
n. 懸崖
Unknown
v. 做太多或過份
n. 民謠
n. 可口可樂
Unknown
n. 噴射機
v. 眨眼；漠視
n. 離了婚的女人
n./v. 獎品；珍視
adv./conj. 但是；仍然
n. 手錶
n. 頑固分子
n. 甜餅乾
prep./adv. 在…下面
adj./adv./n. 東方的
n. 謠言
n. 一批貨物
n. 領袖
n. 馬鈴薯
n./v. 評論
n. 無記名投票
n. 瓦解
adj. 輕微的
v. 輕視
n. 水道；渠道
n. 工業
n. 同事
n. 三月
adv. 總是；永遠
v. 做；到達；獲得
prep./adj./adv./n./v. 在…下方；下面的
n./v. 躺臥
Unknown
n. 實驗室
v. 發射
adj. 客觀的
adj. 有病的
adj. 脆弱的
v. 當心
n./v. 郵票；跺腳
n. 白天
n. 詩
v. 重新開始
adj./n. 官方的；官員
Unknown
n. 輟學者
n. 謹慎
n. (市內)有軌電車
n. 題目
adj. 主要的
n./v. 貨車；載運
n. 意圖
v. 使全神貫注
adj. 美麗的
adj.  潮溼的
prep. 向
adj. 整潔的
n. 抽屜；拖曳者
adj. 有趣的
n./v. 輕跳；略過
n. 西元前
n./v. 星；明星
n. 週年紀念
adj. 文法上的
v. 領導
n. 惡性腫瘤；癌症
n. 邏輯
n. 麵團
n. (源自日語)海嘯
n. 雜誌；期刊
n. 下午
n. 豆子
n. 手套
n. 日記
n. 電影
n. 剪刀
n. 偵察機
adj. 通常的
n. 動機
n. 岸；濱
n./v. 支票；檢查
n. 隔離
v. 噴；濺散
n. 懇求
n. 童年時期
n. 馬夫
n./v. 車站；停止
n. 亞麻布製品
n. 情感；激動
n. 客人
v./n. 咀嚼；深思
n./v. 痕跡；記號
n./v. 嘆息
v./n.  尋找；得到
n./v. 榮譽；使…增光
n. 縮語
n. 重要性
v. 興旺
v. 使分離
adj. 合作的
v. 打瞌睡
v. 完成
n. (外)孫子／女
v./n. 滑行
n. 口譯者
prep./adv. 在(船、飛機、車)上
n. 判決
n./v. 女裝；打扮
n. 技巧
n. 攝影者
n. 音樂
n. 紳士
Unknown
n. 牙膏
n. 扶手椅
adj. 地方性的
n./v. 網；用網捕
n. 治療
n. 朝聖者的旅程
adv. 更好地
adj. 寧靜的
n. 質量
n. 海灣
adj. 荒唐的
v. (n)建立
v. 凝視；注視
v. 分開
adj./n. 家庭的
prep./adv. /conj 如同；當…時；雖然
n. 打字機
adv. 也許
v. 摩擦
v. (n)娛樂
n./v. 滾動
n. 身分；同一性
v. 模仿
v. 使惱怒
adj. 遠離的
n. 考古學
n. 修女；尼姑
adv. 有效地
n. 處罰
n. 龍
n./v. 貿易
prep./adv. 在…下方
n. 一窩
v. 應用；申請
