v. 驅散
n. 星期四
n. 離了婚的女人
n. 韁繩；統治
n. 羽毛球
n. 揭露
n. 手冊
Unknown
adj. 華麗的
adj. 明確的；實質的
n./v. 時尚；風氣
n. 保險
n. 謠言
adj. 很可能的
n. 接縫
v. 殘留
Unknown
prep./adj./adv./n./v. 在…下方；下面的
Unknown
n. 來源
n./v. 搖動
n. 獵人
n. 駱駝
n./v. 證據；物證
n. 扶手椅
n. 甲狀腺
Unknown
Unknown
n. 倫理
v. 承認
v. 重覆地說(做)
adv. 這樣
adj./n. 黑暗的
v.(n. )發展
adj. 完全的；絕對的
v. (n)使驚愕
v. 描繪
n./v. 舞臺；上演
n. 化學；化學作用
n./v. 信任
adj. 悲哀的
n. 一窩
n. 旋律
v. 使現代化
n. 蠟
Unknown
v. 使困惑
v. 歌唱
n. 花瓶
Unknown
n. 河流
Unknown
v. 將…奉獻給
adj. 異常的
adj./adv. 接近的
n. 蓄水池
n. 侍衛
v. 誇大
adj. 工業的
n. 燕子
adj. 理論(上)的
n. 舞者
n./adj. 未來；前途
n. 蓋子；眼瞼
n./v. 味道；調味料
adv. 大部分
n. 害蟲
n./v. 恥辱
v. 跟隨
v./n. 發光；發熱
n. 本質；精華
n. 檔案
Unknown
Unknown
n. 青蛙
Unknown
adj. 以…為基礎的
adj. 懷鄉病的
n. 政策
adj. 理性的
n. 技術
adj. 視覺的
n./adj./n. 共產主義的；共產主義者
n. 公事包
v. 解釋；給…下定義
n. 貨物
v. 關聯
v. 進入；看穿
n./v. 接近；著手處理
n. 豌豆
n./v. 罪惡
adv. 最後
v. 為…穿衣
n. 維他命
n. 障礙物；棚欄
v. 出版
adj./pron. 這些
adj. 戰後的
v. 教導
Unknown
n./v. 哀傷；遺憾
Unknown
n. 木瓜
n. 青少年
adj. 羞怯的
adj. 滿的；完全的
n. 盤尼西林
n. 累積
n. 阻礙；干擾
adv. 離開；不在
n. 池塘
n. 甜點；餐後點心
n. 出口；出路
n. 健康
n./v. 震驚
v. 浸泡
adj. 令人厭煩的
n./v. 芽；發芽
Unknown
n. 上帝；造物主
n. 板
n. 邏輯
n. 沮喪
n. 大水罐；投手
adv. 無疑地
n. 門
v. 使驚訝
adj. 清醒的
n. 島
adj. 免除的
n. 漁民；漁夫
v. 期滿
n. 加入許可；承認
n. 腳掌；腳爪
adj. 堅韌的
Unknown
n. 鵲子
n. 最大限度
n. 咖啡店；咖啡
v. 克服
v. (使)窒息而死
n./v. 微笑
n. 鋼鐵
adj. 仔細的
n. 永恆
n. 監獄
pron. 無論是誰
n. 植物學
n. 活力
adj./adv. 附近的
v. 漏
n. 拖鞋
adj. 薄的
v. 滿意
n. 旅館；飯店
adj. 家常的
n. 生氣
v./n. 憎恨
adj. 聰明的
adj. 厚的
n./v. 自豪
adv. 立即
v. 派…為代表
v. 抑制
adj. 不誠實的
adj. 保守的；反動的
n. 少年
n. 菱形花紋(布)；尿布
n. 女主席
Unknown
n. 交叉口
v. 使變黑
n. 建造物；建設
Unknown
adj. 可愛的
adv. 激烈地
adj. 不好的；有害的
n. 樑；光束
prep./adv. 在(船、飛機、車)上
n. 腳後跟
adj./n. 黑的
n. 訃聞
adj. 憤慨的
adj. 可怕的
adv. 自然地
n. 建立；基金會
adj. 低度開發的
adj. 垂直的
n. 僧侶；修道士
n. 狗
v. 清理
n. 椰子
n. 發達
n. 農舍；小屋
adj. 環境的
adj./n. 年齡較大的
n. 例子
adj./adv./n. 西方的
n./v. 要求
n. 綽號
adj. 未料到地
adv. 如何；多少
n./v. 市場
n. 摘要
n. 技術人員
n. 世代；產生
v. 保證
v. 蒸發
n. 五金器具；硬體
n. 細繩；粗線
n. 錄影帶
Unknown
n./v. 圈；圍住
adv. 和諧地
n. 銷售員
n. 裝飾；裝溝
n. 消費
n. 法令
n. 路邊
Unknown
adj. 經濟上的
n. 男生殖器
v.(n. ) 安排
adj./n. 熟練的；專家
n. 一套衣服
n. 伸長；延期
Unknown
adv. 向下的
v. 奉獻
n. 魅力
adj. 哲學的
n. 恐怖
Unknown
n. 大學肄業生
n./v. 擺渡；渡輸
v. 描繪
n. 難民
n. 小巷子；小徑
Unknown
n. 枕頭
n. 保釋(金)
Unknown
n. 觸鬚；天線
n. 禁忌
n. 疾病
n. 狀態
adj./n. 公眾的；大眾
n. 船
n. 劍
Unknown
n. 灰泥
n. 黏土；泥土
n. 恭喜
v. 堅持
adv. 二擇一地
adj. 黏的
adj. 傲慢的
n. 衛星
n. 親切
n. 鬼；幽靈
n. 公告
adj. 可協商的
n. 教學大綱
adj. 同一的
n. 增加；附加
n. 宇宙
adj. 明確的
adj. 極好的；嚇人的
n. 同意；認可
n. 中間；媒介
n. 雨傘
adj. 熱帶的
n. 敵意
n. 氣泡；泡影
Unknown
n. 一束；一群
n./v. 分開；部門
n. 卡通；連環漫畫
n. 鼠；滑鼠
Unknown
v. 當心
v. 遭受
adj. 有抱負的
adv. 全體一致地
v. 坐
adj. 活著的
Unknown
n. 無記名投票
adj./adj. 緊的；緊緊地
n. 薪水
n. 節日；歡樂
n. 孫子；外孫
v. 諂媚；奉承
Unknown
n. 領帶
n. 接收
n. (陸)龜
n. 結論；推論
n. 一絲光線
adj. 不安全的
n. 權貴
adj./v. 空的
v. 照亮
adj./adv./n. 足夠的
n. 舌」鬍刀
Unknown
v. 創立
n. 小學生
v. 使具有資格
n./v. 女裝；打扮
v. 使滿足
v. 沖泡；醞釀
Unknown
v./n. 愛；喜歡
n. 毛蟲
n. 盤子
n. 故障
n. 殺蟲劑
n. 絲
adj. 充足的
v. 伸開四肢躺(坐)
n. 繁殖者
n. 護送(車隊)
n./v. 憂慮
Unknown
adj. 突然的
n. 記號
n. 點鐘
n. 電影
n. 葡萄
n. 午餐
adj. 次要的
n. 文化；教養
adj./n. 灰色的
adj. 令人鼓舞的
n. 虛張聲勢
Unknown
n. 冒險(行為)；投機
n. 牙科醫師
Unknown
n./v. 保證；擔保品
adj./n. 十六
adj. 鮮紅色的
n. 共嗚
v. 錯過；想念
n. 元首
adj. 結構上的
n. 碎片；未完成的部分
adj. 崎嶇的
v. 使變硬；使堅強
adj. 有益的
adj. 相關聯的
n. 肺
n. 運河
n. 組織；團體
n. 藥丸
adj. 親密的；熟悉的
Unknown
n. 成員
adj./n. 八十
v. 使孤立
n. 一長列
adj. 口渴的
adv. 很好地
n. 雜誌；期刊
adj. 有彈性的
Unknown
n. 腿
n. 例子；樣品
adj./v. 安靜的；使安靜
v./n. 聊天
Unknown
v. 不滿
v. 妨礙
n. 局；處；署
n. 噴射機
adj. 慢性的
adj. 暫時的
n. 陸軍中尉
n./v. 牛奶
v. 見到
n. 乘船遊覽
n./v. 搖籃；撫育
n. 職業；占用
adj./adv. 更多的
n. 創造力
n. 蛇
n. 鳥
n./v. 缺點；錯誤
n. 意識；察覺
interj. 歡呼聲
n. 私生子；令人討厭的人
v. 修理；校準
Unknown
adj. 高興的
n./v. 妓女；出賣(名譽等)
adv. 正直地
n. 氣色
adj./n. 二
n./v. 怒吼
adj. 極大的
adj./n. 塑膠
n. 緊急情況
v. 學習
adj. 白尊的
v. 同情
adv. 深切地
n. 能力；才能
n./v. 拖把
n. 貓頭鷹
n. 群
n. 望遠鏡
adj. 害怕的
n. 洗髮(精)
n. 情緒
adj. 被俘虜的
v. 吸收；理解
n. 白堊；粉筆
v. 相信
prep./adv. 在…下方
n. 修辭學
n. 毛巾
Unknown
n. 隆隆聲；景氣
n. 結果；作用；影響
adj. 武斷的
n. 分鐘
n. 共和國
n. 慈善團體
v. 踢；反衝
adj. 最近；最遲
n. 議價
n. 木板；牌子
adj. 徹底的
v. 隔離開
adj. 憲法的
n./v. 低語
n./v. 瘟疫；折磨
v. 擾亂
n./v. 手指；指出
n. 聖歌
adj. 易接近的
n. 一角硬幣
n. 小麥
adj. 貪婪的
n. 結合
adj. 惡名昭彰的
adj. 外國的
v. 專心
n. 困境
adj. 經濟的；節儉的
v. 作曲；組成
Unknown
adj./n. 算術的
Unknown
n./v. 害怕
n. 住房建築
adj./n. 相反的
v. 教育；教導
n. 鈾
v. 建議
v. 出現；顯露
n./v. 齒輪；搭上齒輪
v. 推斷
v. 支配
adj. 各種各樣的
v. 中途阻止
n. 顧問；諮詢者
Unknown
adj. 有用的
n./v. 嘆息
n. 支撐物
v. 妨礙；打擾
Unknown
n. 危機
n. 眼鏡
v. 溝通
n./v. 偶然；機會
n./v. 水
n. 簽字
n. 束西
adj./v. 向前；今後
n. 騎士；爵士
n. 判決
n./v. 喻快
n./V. 私語
n./v. 瓶子；把…裝瓶
n. 重量
adj. 令人洩氣的
n. 力氣
n. 岩石
n. 音調
n. 成見
v. (n)使失望
v./n. 捕獲；獲物
Unknown
v. 損害
adj. 令人恐懼的
n./v. 榮譽；使…增光
v. 弄醒
adj./n. 第三
n. 迪斯可舞廳/音樂
adj. 令人欽佩的
v. 想像
prep./adv. 向上地
v. 拯救
adj. 孤立的
n./v. 提及
nJv. 杯子
adj./n. 七
adj. 困難的
adv./adj. 進一步地
n. 姪兒；外甥
n. 考慮；動機
n. 馬具
n. 麵包
Unknown
n. 行李；裝備
n. 小河
v. 悻存
v.(n. ) 裝上；附加
v. 取回
n. 工廠
n./v. 警報；驚恐
n. 宗教
n./v. 睡眠
n. 聖歌
Unknown
Unknown
adj. 吝嗇的
n. 司法官
n. 保險套
n. 紙張
v. 吃；喝
v. 污染物
adj. 生氣的
n. 資質
n. 申請人
n. 伯父
v. 把…歸咎(於)；指控
n./adj. 業餘從事者；業餘的
n. 姊妹
n. 芭蕾舞
n. 調查者
n. 大使；使節
v. 使…座落於
adj. 潮溼的
n. 主考人；審查員
n./v. 小費
v. 應得
n./v. 片語；用語言表示
n. 球；球狀體
v. 遷移
v. 期望
n. 正式大會；立法機關
n. 小孩
adj. 身體的
n. 故事
n. 學者
adj. 多雲的
n./adv. 這裡；在這裡
n./v. 程序；編製程序
Unknown
adj. 低於…的
adj. 值得注意的
Unknown
v. 拿(走)
adj. 統計(學)的
Unknown
n. 詞彙
adv. 清楚地
n. 流行
n. 九月
n. 雨衣
n. 母音
n. 黎明
n. 分配；配給物
n. (下巴上的)鬍鬚
adv. 故意地
Unknown
v. 妥協(方案)
n. 阿斯匹靈
Unknown
adv. 有系統地
n. 大陸
n. 協調
adj. 工業技術的；科技的
n. 午夜
n./v. 打盹
Unknown
adj. 酸的
adj. 男性的；陽性的
n. 女兒
adj./adv. 快速的
n. 學位證書
n. 管理；限制
n. 幽默感
n. 女管家
adj./n. 三
adj. 非正式的
