n. 節日；歡樂
n. 短襪
n. 棗；棗椰樹
n. 自傳
n. 手錶
n. 父母
n./v. 地方；放置
adj./n. 四
n./v. 魚類；釣魚
adj. 寧靜的
n. 護照
n. 腳；足
adj. 寂靜的
adj. 嚴密的
n. 片刻
n. 缺點
n./v. 比率；評估
adj. 博識的
n./v. 地點；散布
n./v. 吻
nJv. 魅力；使陶醉
n. 海岸巡邏隊
n. 怪物
v. 參加
n. 青草；草地
n./v. 衝動；催促
n. 暴風(雨、雪)
n. 追隨者；擁護者
adj./n. 紫羅蘭
adj. 過早的
v. 不顧；忽視
n. 青蛙
n./v. 汗水；出汗
n./v. 人群；擠滿
n. 廣告業
n. 精神；心靈
adj. 相容的
v. 翻譯
adv. 有點
adj. 緊急的
v. 推斷
v. 隱約的或威脅性的出現
v. 追捕
v. 達成
adj. 腐敗的
v. 操勞過度
n. 穀倉；牲口棚
adj. 頻繁的
n. 悲痛
v. 毗連
adj. 新的
n./v. 要求；聲稱
adj. 基本的；初級的
n./v. 原諒
n./adj. 選擇
conj. 是否
n. 代名詞
n. 角；號；喇叭
n. 流行
n. 搬行李工人
v. 愛撫
v./n. 歡呼；歡呼聲
n. 天花板
n. 光線
n. 玻璃；玻璃杯
n./v. 彎曲
adj. 變老的
adv. 大部分
n. 壓；按
n. 地板
n. 選定路線
n. 智慧；情報工作
prep./adv. 各處；大約
adv. 法律上
adj. 著名的
adj. 過時的
n. 蜂蜜
n. 方面；觀點
adj./adv. 正的
n. 衛星
n. 氣質
n. 甘油炸藥
v. 躡手躡腳地走
v. 區分
adj. 敏銳的
n. 腫瘤
adj. 健康的
n./v.  間諜；秘密監視
n./v. 水壩；築壩於…
v. 慶祝
n. 謹慎
n./v. 害怕
v. (n)使驚愕
n. 管理；限制
adj. 具有因果關係的
adj./n. 較小的；次要的
v. 實現
n. 海豚
n. 新鮮；新奇
adj. 活躍的；積極的
adv. 急忙地
adj.  裸體的
adj. 尖銳的
