adj. 優雅的
n. 總統(校長)的職位
adj. 孤立的
v. 弄醒
n. 大量
n. 物理學家
n. 動量；動向
n./v. 地址；致詞
adv. 已經；先前
n. 繁殖者
n. 登陸
n. (某一民族或社會階層中的)廣大成員
n. 窗玻璃片
adj. 一般的；普遍的
adj. 更動
n. 喋喋不休的人
adj/adv. 平坦的
v. 討論
n. 邊綠
adj. 不合常規的
adj. 可食的；食用的
adj./n. 家庭的
n. 糖尿病
n. 小孩子
v. 暴食
n. 環形花狀
n. 教導；指示
v. 賭博；投機
adj. 神祕的
n. 欽佩
v./n. 逃跑；逃避
adj. 陽光充足的
v. 不滿
v. 引用
n. 流行性感冒
n. 太太
n. 閃電；閃光
n. 總數
n. 耐心
adj. 堅韌的
n. 持續
n./v. 分擔；分配
n./v. 接觸；聯繫
v. 毀滅；死亡
n. 二月
n. 養育
n. 電梯；升降機
Unknown
