n. 錄影帶
n. 乞丐
v.(n. ) 安排
adj. 提供忠告的
n. 情況；詳情
v. 轉換
n. 公司
v. 達成
adj. 內部的
n. 海灘
n. 亞麻布製品
v./n. 抓取；奪取
n./v. 微風；和風
n. 緊急
adj. 易於發生(不愉快事)的；有傾向的
n. 陌生人
adj. 感到驚奇的
n. 颶風；暴風雨
n. 節；瘤
adj. 驚奇的
adj. 結果的
adj./v.  輪流的
adv./pron./conj.  為什麼
v. 歌唱
adj. 可能的
adj./n. 一百
v. 拖曳
n./v. 齒輪；搭上齒輪
adj./n. 無效的
n. 豆腐
v. 超越
n. 一部分
n. 鋼琴家
adj./v. 心煩的；使生氣
n. 洞穴
n. 政治活動
n. 不舒適
n. 鋁
n./v. 煙；抽煙
v. 彎腰
n. 山羊
n. 旅舍
n. 住所
adj. 精巧的；複雜的
conj. 是否
