n./v. 爭論
n. 長袍
adj. 對…不感興趣
Unknown
adj. 理論(上)的
n. 愛國者
n. 護照
Unknown