n. 教室
adj./n./v. 相等的
n. 成就；表演
n./v. 筆記；注意
n. 人
n. 天賦
n./v. 價值；估價
n. 村莊
adj. 老的；舊的
n. 秋季
adj. 寂寞的
v./n. 崩塌
n. 暴行
n./v. 瞪眼
n./v. 一口之量；咬
n. 偽造
adj./n. 較小的；次要的
Unknown
v. 吐露
adj. 民主的
n. 白天
n./adj. 批發；大批的
n. 意圖；目的
n/v. 公告；注意；通知
n. 學費
adj. 維持生命所必需的
n. 狗
n./v. 現金
n./v. 頭腦；注意；留意
adj./adv./n. 二分之一的
adj. 不公平的
n. 泥
adv./adj./n. 在城市的商業區；鬧區
adj. 有療效的
n. 週年紀念
n./v. 尊敬
v. 愛撫
n. 釣魚者
adj./n. 六十
n. 果凍
n/v. 付錢
n. 立場
v./n. 撥號；刻度盤
adj./n. 青春期的；青少年
n./v. 強迫；力量
n. 補償
adj. 有爭議的
v. 低估
n. 短襪
adj. 巨人似的；龐大的
n. 武器
n./v. 彎曲
adj. 歪曲
adv. 幽默地
n. 氣球
n. 雙子座
v. 侍候
v./n. 結束；完成
n. 腦袋；智力
adj. 社會的
n. 自助餐；快餐
n. 救生員
adv. 神奇地
n. 革新
n. 過程
v. 諂媚；奉承
v. 推測；投機
v. 用力投擲
Unknown
adj. 易變的
adv. 很快
v./n. 哭；叫喊
adj. 相似的
n. 頭
adj. 修長的；苗條的
n. 治療專家
Unknown
n. 活動；活動力
n. 取締
v. 恐嚇
n. 元帥
adj. 未觸動過的
adj. 該注意的
v. 侵蝕
adj./n. 本國的
n./v. 切
n. 月
n. 飛機副駕駛
n. 外科醫師
Unknown
n. 聯合
adv./prep. 從…以來
adj. 惡兆的；不祥的
n. 隔離
v. 復活
adj. 不禮貌的
n./v. 罪惡
n. 神學家
v. 發生
n. 日光
n. 喉嚨
n. 議程
Unknown
n. 長板凳
n. 風格
adj. 有暴風雨的
adj. 中古的；中世紀的
adj./n. 軍事的；軍隊
adj. 極大的
adj./n. 第五(的)
n./v. 塞子；輕敲
v. 違背；侵犯
n./v. 聲音；表達
v. 冒犯；觸怒
n. 袋鼠
adj. 羞怯的
n. 黏土；泥土
adj. 制度(上)的
n. 喪失；遺失
ad v. 有特色地
n. 不滿
Unknown
n. 會計學
n. 葡萄園
adj./n. 六
n. 檸檬
adj. 強烈的
v. 出版
n. 不一致
n./v. 刺；戳
n./v. 經驗
n. 目的
n. 護送(車隊)
Unknown
Unknown
v. 後悔
n. 含酒精的飲料
n. 照相機
v./n. 測量
n. 玉米花
n. 糖尿病
n. 控制；熟練
adj. 首先的
n. 少數
Unknown
n./v. 開始
n. 住房建築
n. 與會者；議會
adj. 明確的；肯定的
v. 發射
v. 愚弄；嘲弄
n. 基督教
n./v. 喊叫(聲)
n. 錢
n./v. 信號
n. 發行數；版本
n./v. 拖延
n. 馬拉松賽跑
adj./adv./n./pron.  最後的；最近的
n. 印刷業從業人員
adj. 年代久遠的
adj. 文化的；教養的
adj./n. 潛在的；僭能
v./n. 再檢查；複習
n. 紅利
n. 偽君子
v. 清楚的表達
adj. 極好的
adj. 廣闊的
adj. 文法上的
adj. 武斷的
n. 鎳
n. 麵粉
n. 光譜
v. 踢；反衝
adj. 成熟的
adj. 生物(學)的
n. 移居
v. 取消
v. 歸還
v. 推斷
adj. 感到羞恥的
n. 公布
adj. 可愛的
n. 資本家
