v. 解釋；翻譯
n. 演奏會；音樂會
n. 材料
n. 品脫(液量名)
n./v. 扳機；引發
v. 使瀕臨危機
v. 討論
n. 燕子
adv. 主要(地)
n. 棕櫚；椰子
n. 動機
n. 六月
adj. 試驗性的
v. 誤導
adj. 瘋狂的
n. 野兔
n. 大理石
adj. 適合的
n. 巴士
n./ v. 飲料；喝
v. 反抗
n. 重力；萬有引力
adj. 多山的
n. 女管家
n. 大蒜
n. 證書
adj./n. 化學的
v. 殺死；使終止
adj. 先前的；從前的
n. 氣壓；氣氛
adj. 家庭的；國內的
n. 腫瘤
adj. 確信的
adj./n. 後面的；後半的
adj./adv. 較小的
n. 終點；總站
adj. 安全的
n. 介紹；引言
n. 細繩；粗線
n. 阻礙；干擾
v. 使想起
n./v. 車程；駕駛
v. 蒸發
n. 廢物；垃圾
n. 連接；關聯
adj./n. 音樂的
adj. 寂寞的
n. 小孩子
n./v. 衝擊；產生影響
n. 膽固醇
n. 現代化
adv. 可能
adv. 很快
n./v. 佣金；委託
adj. 學校的
n. 西元前
n. 劑量
n. 惡少幫；阿飛黨
n. 反對
n. (藥物等的)一劑
adj. 贊同的；適合的
v. 主持
n. 效率
v. 從…卸下(貨物)
n. 恃強凌弱者
adj. 不法行為
adj./advJpron./conj.  任何的；無論什麼
n. 油脂
adj. 侮辱人的
adj. 慢性的
adj./n. 攝氏(的)
n. 繼績
