n. 香草
adj. 視覺的
n. 權力；當局
n. 小牛
Unknown
adj. 嚴密的
v. 統一
v. 通知
n. 名聲
n./v. 跳躍；舞
n. 小雞；少婦
n. 記錄
n. 磅
n./v. 法官
n. 君主統治時期
Unknown
adj. 適合的
adj. 小心的
n./v. 敲擊；打敗
v. 從…卸下(貨物)
n. 混合物
n. 章，回
adv. 模糊地
n. 夜鶯
adv. 永不
adv. 除此之外
adj./pron. (兩者之中)任一的
adj./n. 一般的
n. 探訪者
adj. 技術性的
Unknown
n. 羅曼蒂克
n. 模特兒
adj. 家庭的；國內的
n. 冒險
Unknown
adj. 易於發生(不愉快事)的；有傾向的
n. 一窩
adj. 神智清醒的
adj./n. 好的；利益
adj. 法律上的
adj. 黑暗的
n. 書籍
adj. 飢餓的；渴求的
n. 顧問
v. 使散開
n. 控制者
v. 打瞌睡
v./n. 露齒而笑
adj. 行蹤不明的
adj. 金色的；貴重的
adj. 極大的
Unknown
n. 生產力
n. 語調
v. 歡迎
n. 錢包
v. 裝船；從事
n. 森林
v. 嘔吐
v. 遷移
adv. 不知怎麼地
Unknown
n. 脾氣
n. 父母
Unknown
adj. 值得讚揚的
n. 接受
n. 胡椒粉
n. 獨裁者
Unknown
n. 鎳
n. 出口；出路
n./adj. 較年少者
n. 水族館
adj. 認真的
n. 星期六
Unknown
adj. 幽默的
n. 八月
adj. 不須負責任的
Unknown
adj. 敵人的
n. 名詞
n. 印象
Unknown
adj. 戶外的
n. 對手
adj.  裸體的
n. 宗教
adj. 順時針方向的
n. 四輪馬車；運輸
adj./n. 人類的
n. 建築師；設計師
v. 使枯竭
n./v. 證據；物證
v. 取消
n. 化學；化學作用
n. 侵蝕
n./v. 連結；環結
Unknown
n. 標準
n. 月
n. 介紹；引言
v. 讀
n. 生麵團
Unknown
adj. 機密的
n. 配偶
n./v. 時間
n. 人
n. 設計師
v./n. 窺視；偷看
adj./v. 安靜的；使安靜
n. 地板
Unknown
n. 糖
adj. 移動的
v. 咳嗽
Unknown
prep./adv. 遍及
adj. 複雜的
v. 把…倒置
adj./n. 三十
n. 女兒
n. 短缺
n. 雜物；垃圾
n./v. 擁抱；抱住
n. 剪；切斷
n. 天使
n. 橡樹
n./v. 扳機；引發
n. 分離；啟程
n. 表面
n. 旅行
n. 水桶；桶狀物
adv. 幾乎
adj./pron. 這些
n. 貴夫人
n. 鴨子
v./n. 打鬥；爭吵
v. 醒來
Unknown
v. 慶祝
n. 反對
adj. 有激勵作用的
n. 肋骨
Unknown
n. 熊；魯莽之人
n./v. 保衛；守衛
Unknown
adj. 守本分的
v. 猛衝
n./v. 諾言；許諾
n. 氣泡；泡影
adj. 清白的；無知的
n. 議程
v. 偷
n./v. 燃料；加燃料
n. 青蛙
adj./n. 祕密的
n./v. 經驗
adj. 準確的
v. 花費
n. 黏土；泥土
adj. 負責的
adj. 虛弱的
n. 合夥
n. 嬰兒；寶貝
n. 莊重
n. 學院院長；主任牧師
n. 藤條；甘蔗
Unknown
n. 馬鈴薯
adj. 結構上的
Unknown
adj. 致命的
n. 立約人
n. 生物
n. 毛髮；頭髮
n. 梯子
n. 檢查；付款退租
Unknown
n. 惡意
v. 滿意
n. 管理；限制
n. 背景
v. 伸開四肢躺(坐)
Unknown
v. 凝視；注視
adv. 漫不經心的
n. 推斷
adj. 外面的；肉體的
Unknown
adj. 正常的
v. 美化
n. 危險
v. 防守；防衛
adj. 固執的
v. 增高
adj. 裸的；不加掩飾的
adv. 有系統地
n. 物質
n. 政治家
n. 保險
n. 成熟；完成
adj. 急躁的
n. 墮胎
n. 粉末
n. 大量
n. 手錶
n. 金髮白種人
n. 安全
Unknown
n. 義務；稅
n. 智力商數
adj. 種族的
v. 報…之仇
n. 付費高速公路
n. 果醬；堵塞
v. 停止
n. 電梯；升降機
n./v. 週期；循環
n./v. 英吋
v. 取回
Unknown
Unknown
Unknown
adj. 哲學的
n. 外交官
Unknown
n./v. 志願者；自願
adj. 可愛的
adj. 多雨的
adj. 各種各樣的
v. 不同於…
n./v. 情節；圖謀
adj. 自私的
adj. 操作的；管理的
n. 頭盔；安全帽
adj. 殘忍的
adj. 極大的
n. 工商人名錄
Unknown
adj./n. 二十
adj./n. 特有的；特性
adj./adv. 最大程度地
adj. 習慣上的
n. 一絲光線
n. 生長；發育
adj./n. 有資格的
n. 嘴唇
Unknown
n. 象徵
n. 好奇心
v./n. 看一眼；瞥見
n. 詩
v. 消耗；花費
v. 發誓
Unknown
Unknown
Unknown
v. 原諒
n. 通勤者
v. 保護
n. 期刊
Unknown
Unknown
adj. 軍事的
adj. 勇敢的
n. 悲劇
Unknown
adv./conj. 無論什麼時候；每當
n. 總統(校長)的職位
n. 工程
v. 急忙
adj. 文雅的
n. 牙齒
n. 說教；佈道
n. 行為；功績
v. 趕走
n. 虛張聲勢
n./v. 報復
Unknown
v. 使不和
n./v. 支持
n. 掃除
adv. 自動地
n. 洩漏
n./v. 謀殺
n. 緊張
n. 蟋蟀
n. 香檳
n. 圖解；說明?
n. 進入
v. 劫取
adj. 危險的
v. 取得
v. 做太多或過份
n. 板
v. 介紹；提出
Unknown
adj./adv./n. 額外的
n. 保持
adj. 強烈的
v. 把…括除
v. 找回
v. 清楚的表達
adj. 勤奮的
n. 白癡
Unknown
n. 公爵
n. 葉子；一張或一頁
n. 選擇權；選擇力
n./v. 點；打點於
n. 小酒館
adj. 非直接的
adj./adv. 快速的/地
n. 計程車
adj./adv./n. 正確的
n. 智慧；情報工作
v. 推斷
n. 殺蟲劑
n. 活動場所(供運動、娛樂的)
n. 海洛英
n. 姊妹
adj. 好管閒事的
Unknown
v. 收集；聚集
n. 攻擊
n. 社會
n./v. 暫停
ad v. 在昨夜
interj. 歡呼聲
v. 使凝結(濃縮)
n. 懸崖
n. 保護
adv./conj. 然而
v. 打(鐵等)
adj./n. 商業的
n. 吉普賽
n. 慈悲
adj. 首先的
n. 簽字
Unknown
adj. 定期的
n. 釣魚者
v. 使成為必要
adj. 很可能的
n. 松樹
n. 洞穴
v. (n〕實施
Unknown
n./v. 破片；拼合
n. 路
Unknown
n. 小羊
n. 工作日
n. 長板凳
v. 組成；存在於…
v. 作證
v. 孵蛋；策劃
n. 監護人；警長
n./v. 小河
n. 一巴掌
adj./adv. 深的
prep./adv. 關於
n. 獵人
n. 氧化(作用)
n. 書店
n. 戰神；火星
n. 乘船遊覽
n./v. 共計；總數
v. 使悲傷
adj. 便宜的
n./v. 微風；和風
Unknown
v./n. 排水
n. 抗生素
v. 使分離
v. 摧毀
Unknown
adv. 這樣
adj. 有教育意義的
v. 參加
adj. 強大的；偉大的
n. 小旅館；客棧
adj. 工業技術的；科技的
n./v. 保證；擔保品
adj. 遠古的
adj. 富裕的
n. 月臺
n. 自負
Unknown
adj. 試驗性的
adj. 陡峭的
n. 分鐘
n. 島
n. 腿
n. 珠寶
Unknown
n. 遺跡
adj. 清醒的
n. 圖書館
n. 安置
n. 單身漢；學士
n./v. 跳，躍；使反彈
n. 沙發
n. 結合
n. 酒吧主人
n. 收入
n. 幼稚園
n. 燕子
adj. 立方的
adj. 有吸引力的
n. 診斷(法)
n/adv. 那裡
n. 氣球
adj. 反常的
n. 文學
n. 耐力
n. 技巧
n. 象徵
adv. 刺耳地；嚴厲地
n. 代理機構；仲介
v./n. 臉紅
v. 隔離開
adj. 終生的
n./v. 女裝；打扮
n. 精通數種外國語言者
n. 香蕉
v. 重覆地說(做)
Unknown
n. 樸素
Unknown
adj. 肌肉的
n. 統治者
n./v. 霜；凍
adv. 專門地
n. 補償
n. 器具；裝備
n. 棺材
n./v. 暴風雨；猛烈攻擊
n. 花瓶
adj. 便攜的
n. 地毯
n./v. 責備；歸咎於…
v. 追上
v. 預備
n. 胡說
v. 召喚
n./v. 打賭
n. 提名；任命
n. 馬達；原動力
adj. 口頭的
n. 物理學
n./v. 樹枝；分支
n./v. 睡眠
n. 作文；合成物
n. 外科醫師
v./n. 餵食
n. 咖啡
n. 氧
n. 英國人
n. 高度；層；水準
Unknown
adj. 親切的
n. 沙拉
n./v. 頭腦；注意；留意
adj. 有尖角的
adj. 筋疲力竭的
adj./n. 盡頭的；極限
n. 山崩
n. 乳酪；乾酪
adj. 自由的
v. 高興
v. 給與動機
n. 恭喜
adv. 的確
n. 鍵盤
v. 循環；流通
n. 氣壓；氣氛
n.／v. 法令
prep./adv./conj./n.  曾經；一旦
n. 毫克
n. 財產；好運
v. 猜想
n. 雜誌；期刊
Unknown
n. 海軍
n. 人類
n./v. 地點；散布
n. 威脅
adj. 最低程度的
n. 夾克
n. 羊
n. 銷售員
v.(n. )使移動；使感動
n. 堆
adv. 在將來某個時候
adj. 嚴格的
n. 魅力
Unknown
n. 溼氣
adj. 堅持的
n. 混亂
Unknown
v. (使)搖動
n./v. 市場
n. 生物學
adj./n. 潛在的；僭能
Unknown
n./v. 喻快
adj. 非常小的
adv. 寂靜地
v. 面臨；對抗
Unknown
v./n. 皺眉；表示不滿
n. 地震
n./v. 難題；困惑
n. 瓦解
n./v. 估計；預計
n. 統治者；皇帝
Unknown
n. 手套
adj. 精神的
conj. 除非
n. 紙
adv./conj. 所以
n. 子句；條款
n. 女同性戀者
n. 水手
n. 感覺
n./v. 哨子；吹口哨
n. 暖氣機
n. 園丁；花匠
v./n.  尋找；得到
adj. 顯著的
n. 成就；表演
n. 洗潔劑
n. 聖歌
Unknown
n. 廁所
v. 談話
n. 結論；推論
v. 和…相似
adj. 昂貴的
n. 鐵路
v. 根除
adj./adv.  相同的
n. 天賦；天才
n. 配給
Unknown
n. 一把
v. 使現代化
n./v. 輕跳；略過
n./v. 鎖
n. 大容器
n. 突擊
n. 糖尿病
n. 鰻
n. 平底鍋
n. 微波
n. 音樂
n. 知更鳥
v. 攀爬
n. 肌肉
n./v. 偽裝
n. 外觀；外表
n. 評述
adj./n. 素食者
n. 謹慎；謙遜
Unknown
n. 回憶
v. 跑
n. 靈感
adj. 城市的
pron. 我們
n. 前夕
n. 牙膏
Unknown
Unknown
v. 承認
v. 校正
n. 流行性感冒
n. 創立者；締造者
n. 排練；複述
n. 稻草；麥桿
n. 護送(車隊)
n./v. 痕跡；記號
v. 回復
Unknown
v. 消失
n. 哩數
adj. 偶然的；碰巧的
adj. 處事務實的
n. 伯父
n. 薪水
n./v. 震驚
v. (n)管理
v. 發音
n./adj./n. 共產主義的；共產主義者
v. 集合
v. 互動
n. 暴風(雨、雪)
n. 心臟；中心
adj. 熟悉的
adj. 有彈性的
n./v. 彎曲
n./v. 鈕扣；按鈕
n. 陶器
n. 字典
v. 不滿
n./v. 解放
n. 關閉
n. 政治集團
n. 水道；渠道
n. 母音
Unknown
v. 使出糢
Unknown
n. 少女
v. 處理；配置
n. 客人
adj. 輝煌的
n. 理髮
n./v. 磨坊；碾碎
Unknown
adj. 不合常規的
adj. 可協商的
n. 貧窮
n. 蠟燭
adj. 空白處的；邊際的
Unknown
n. 菠菜
Unknown
v./n. 腐敗；腐朽
n. 棉
adj. 國家的
n. 溼氣；水份
n. 危險；威脅
n. 科學家
n. 耽溺
v. 埋
n. 戰場
v. 認為；構想
n./v. 鼓；打鼓
n. 冰
v. 使麻痺；使癱瘓
n. 運動
v. 應得
adj. 貪婪的
v. 深思
v. 使再循環；使回收使用
n./v. 細繩
n. 麵條
n. 長袍
adj. 強健的
n. 股息
n. 網球(運動)
Unknown
v. 呼吸
v. 恭喜
adj. 狂熱信仰的
Unknown
v.(n. )給∼提供娛樂
n. 壞運氣；不幸
ad v. 快樂的
n. 男孩；少年
n. 糾葛
adj. 看得見的
Unknown
n. 抱負；志向
adj./n. 羅曼蒂克的
n. 學生
n. 課程；過程
n./v. 偶然；機會
n./v. 寵物；愛撫
n. 社會主義
n. 草稿；手稿
n. 彩虹
Unknown
adj./n. 官方的；官員
n. 恐龍
n. 雕塑(品)
n. 警告
n. 食物
v. 執行；演出
adj. 無知的
n. 法律
v. 知道
n. 點鐘
n./v. 關心；涉及
v. 召喚
Unknown
n. 螞蟻
Unknown
adj. 滿足的
adj. 外國的；陌生的
n. 選舉
adj. 朦朧的
n./v. 存款；押金；放置
n. 木板；牌子
v. 漠視
adj. 保守的
n./prop. 北京
adj. 核子的
n. 程序
v. 調查；研究
Unknown
n. 乾旱
n. 事情；問題
adv. 時常
prep./adv. 各處；大約
v. 達成
n. 意義含糊
adv. 大膽地
v. 裝飾
Unknown
Unknown
Unknown
n. 裝飾；裝溝
adj. 不公平的
n. 上帝；造物主
Unknown
adj./adv. 遙遠的
adj./adv./n. 南方的
n. 觀眾；聽眾
adj. 非正式的
n. 膝部
v. 聲稱
n. 抑制
n. 災難
n. 大學肄業生
Unknown
n. 航行
n. 客戶
v./n. 劃分；分歧
adj. 極好的；嚇人的
n. 血液
n. 餘波
adj. 無意義的
n. 腳掌；腳爪
v. 建造
n. 豆腐
adj. 民主的
n./v. 級別；評分
n. 育嬰室
v. 證明
v. (使)碎成細屑
adj. 繁榮的
adj. 高興的
n. 硬幣
adv. 以後
n. 果汁
n. 獨立
adj. 貨幣的
n. 光線
n. 啦啦隊隊長
n. 灰燼；骨灰
n./v. 土壤；弄髒
Unknown
v. 關上
n. 蟑蚣卜；油蟲
n. 孤兒院
n. 公牛
n. (大學的) 校園
n. 品脫(液量名)
n. 蛋；卵細胞
Unknown
n. (重量單位)克
n. 小路；巷弄
Unknown
Unknown
adj. 優雅的
n./v. 信任
v. 使複雜化
n. 領土
Unknown
n. 結果
n./v. 車站；停止
adv. 也許
v. 用力投擲
n. 陽臺；樓座
v. 運輸；傳遞
n. 家事；家務
n. 想像力；創造力
n. 汽車
n. 立體聲；立體音響器材
v. 發強烈的光
n. 吹風機
v.(n. )投資；投入
n. 肢體殘障者
adj. 合作的
adj. 謙虛的
n. 尊嚴
Unknown
v./n. 發射；投擲
v. 低估
n. v. 清掃；打掃
n. 甲板
n. 不關心
v. 結合
n. 棒球
n. 工業
v. 開始
adj./n. 七十
n./v. 同意
adj. 連續的
n. 椰子
v. 洗澡；沐浴
n. 自我
v. 使標準化
v. 選擇
n. 慣用語
n. 方面；觀點
n. 武器
n. 乳品店
adj. 廣闊的
n. 馬刺；激勵
v. 修剪
adv. 大部分
adj. 孩子氣的
n. 備忘錄
adj. 真的
n./v. 低語
v. 進入；參加
n. 錯綜複雜的事物
n. 岩石
adj. 有學問的
v. 鞏固
adj./n. 邪惡的
n. 威嚴；王權
n. 小說家
v. 污染
adj./v. 狹窄的；限制
n. 美人
adj. 困難的
v. 起因於…
n. 創新；創造力
adj. 面部的；表面的
v. 預言
adj./n./v. 假的；偽造
adj. 建設性的
Unknown
adj. 迷人的
n. 可能的機會
n. 麵團
Unknown
n. 銀河系
n./v. 跳躍
adj. 怪物的；恐怖的
adv. 有意地
n. 茉莉
Unknown
v./n. 滑行
n. 尺寸；範圍
adj. 不幸的
Unknown
n. 鏟
adj. 有能力的
n. 獎章；紀念章
n. 鳥
adj. 工業的
n. 降雨
adj. 先前的；從前的
Unknown
n. 目錄
n. 驢；蠢人
v. 克服
Unknown
n. 氯(氣)
n. 枕頭
adj. 奇妙的
n. 清白；無知
n. 斧頭
n. 獅子
n. 市長；鎮長
n. 拒絕
n. 會話；談吐
n. 領帶
n. 藥房
v./adj./n. 豁免(的)；被免除義務者
n./v. 切
adj./n. 黑暗的
v. 禁止
n. 識別；身分證明
adv. 完全；非常
n. 領帶
