n. 墓地
v. 讓與
adj./adv./n. 南方的
n. 降落傘
adj. 明顯的
v. 產生；引起
n./v. 估計；預計
v. 符合；通信
n. 請願(書)
n. 一段時問
n. 控訴
n. 詩人
adj. 友善的
n./v. 灰塵；打掃
adv. 在室內
v.(n. ) 指派
n./v. 購買
n. 訴訟
v. 召喚
v./n. 呻吟(聲)
n. 船
n. 血液
adj. 偶爾的
adj./n. 似象牙的；象牙(質)
v. 生產
n. 資本家
adj. 隨之而來的
v. 拖；拉
n./adj. 常青樹(的)
interj. 乾杯
n. 氧
