adj. 可選擇的；隨意的
n. 經濟衰退
v. 決定
adj. 武斷的
adj. 單一的
n. 吉普車
n. 南瓜
n. 事件；插曲
n. 獎品
v.(n. )給～提供娛樂
adj. 戰後的
n. 大學肄業生
n. 邊界；市郊
v. 想出
Unknown
n. 宇宙
v. 反應
n. 種植園
n. 聯合
n. 大廳；走廊
n. 假期
n. 管子
Unknown
n. 細枝
adv. 其問；同時
v. 居住
n. 政治家
n./v. 味道；調味料
v. 諂媚；奉承
v. 投降
v. 修剪
n. 破壞
prep./adv. 在(船、飛機、車)上
adj. 過份的
n. 冠軍稱號；錦標賽
v.(n. )改善
adj. 無窮的
n./v. 船；坐船旅行
v. 使暴露於
n. 衛生
adv. 寂靜地
n. 高度
prep./n./adj. 加
v. 不贊成
v. 興旺
n. 公民；市民
n. 皮革
n. 友誼
n. 叢林
n. 衛生設備
adj. 重的
v. 錯過；想念
n. 庇護(所)
n. 邊綠
v. 清理
n./v. 橋樑；艦橋
n. 降雨
n. 多數
v./n. 聊天
adj. 少年的
adj. 合作的
v. 隔離開
n. 差異
n. 牧地；草原
n. 衛星
n. 價值；長處
n. 氣球
ad v. 慷慨地
v. 期滿
adj. 野心勃勃的
n. 烏鴉；雞啼聲
n. 酒精
v. 使不快
n. 夥伴；伴侶
n. 裙子
v. (使)高興
n./v. 榮譽；使…增光
n. 慈悲
adv. 有意地
v. 欽佩；欣賞
adj. 幽默的
n. 僧侶；修道士
n. 策略
n. 煙草
adj. 數字的；表示數量
v. 報…之仇
n. 宣言；聲明
n./v. 擺渡；渡輸
v./n. 畢業；大學畢業生
prep/adv. 在外
