n. 電扶梯
n./v. 讚美；稱讚
v. 克服
n. 一套衣服
n. 畫家
v. 偷
adj. 飢餓的；渴求的
adv. 同時
n./v. (=draft)草圖；草擬
adv. 不知怎麼地
n. 上帝；造物主
n./v. 戰役
ad v. 快樂的
n. 鬼；幽靈
n. 補償
n. 禮貌；習俗
Unknown
adj./n. 七十
n. 自治(權)
n./adj. 史詩(般的)
n. 障礙
n. 天資
adj. 僅僅的
adj. 無家可歸的
adj. 歡樂的
n. 蜘蛛
n./v. 衝動；催促
n. 腳掌；腳爪
n. 外科醫師
n. 美國州議會大廈
n. 飛機
Unknown
adj. 現代的
n. 牆
v. 監禁
n. 事件
Unknown
n. 屋頂
adj. 道德上的
adj. 中問的
adj. 有幫助的
adj. 陰曆的；月亮的
adj./n. 最初的；原著
v. 使驚慌
n. 百合花
adj. 無知的
adj. 逐步的；平緩的
adj./n. 紀念的；紀念品
n. 早晨
v. 決心；決定
n./v. 顏色；彩色
Unknown
n. 一部分
adj. 善於交際地
adj. 有療效的
n. 小酒館
n./v. 級別；評分
n./v. (繩等的)結
n. 警察
n. 乞丐
n. 藥膏
n. 裝飾；裝溝
n. 協助
n. 勇敢；勇氣
n./v. 報復
adv. 堅固地
adj./n. 三
n. 論文
v. 欽佩；欣賞
n./v. 堆；疊
n. 月亮
v. 運輸；傳遞
Unknown
n. 主人；雇主
v. 使再循環；使回收使用
adj. 滑稽的
n. 長禮服；長抱
v. 識別
n. 岩石
v. 融化
n. 豬肉
v. 反射
n./v. 時間表
adj./n. 至上的；最高統治者
n. 角色
n./v. 吐司；烤；烘
v. 耕作；培養
adj. 可信的
v. 拖
adj. 先進的；高等的
n. 月
n. 晚餐
adj. 仁慈的
v. 策劃
n. 自負
n./v. 刻痕；作訊號
Unknown
n. 腦袋；智力
v./n. 希望
adj. 同一的
v./n. 露齒而笑
n. 訴訟
n. 刺激
v. 解答
n./v. 衝擊；產生影響
n. 本質；精華
n. 假設
v. 壓迫；壓制
n. 乳酪；乾酪
v. 等候；期待
n. 說服
adj. 潮溼的
n. 壟斷；專利
v. 歸納
n. 偽君子
v. 來到；甦醒
Unknown
v. 使勁關閉
n./v.使者；宣布 v. 之將臨
Unknown
n. 腰
n. 毫克
v. 召喚
adj. 醜陋的
n. 帆布
n. 盤尼西林
v. 敵發
adj. 做為…後果的
adj. 紫外(線)的
adj. 好奇的
n./v. 輪子；旋轉
n. 技術人員
n. 修辭學
v. 追上
n. 傷亡者
n. 計算
v. 烤
adj. 的鐵釘
n. 熱心
n. 成功
Unknown
prep./adj./adv./n.  在外面；外部的
n. 牛仔褲
v. 運送；攜帶
n. 責任
v. 堅持
n. 老套
n. 一陣疾風
adj./n. 慣常的
n. 碗櫃
n. 肺結核
adj. 著名的
adv. 反方向地
n. 糾察隊員
n./v. 灰塵；打掃
Unknown
adj./n. 肥胖的
adj. 寬廣的；概括的
v. 鼓掌
v. 傾倒
n. 冰
n. 葡萄(藤)
v. 閃爍
n./ v. 輕搖；慢跑
v.(n. )使興奮
n. 公平；正義
n. 超級市場
adj./prep. 過去的
Unknown
n. 夥伴；伴侶
adj.  愚蠢的
Unknown
Unknown
n. 黑猩猩
Unknown
n. 百科全書
v. 引用
n. 能力
n. 港
n. 罐；罈；瓶
v. 取得
n. 偏離
Unknown
n. 君主統治時期
adj. 令人激動的
n. 善良
v./n. 展示
adj./v. 向前；今後
n. 緊張
n. 謹慎；謙遜
n. 慰藉
Unknown
Unknown
n. 鈾
Unknown
n. 菠菜
Unknown
n./v. 壁爐；磨碎
n. 想像力；創造力
n. 宣布；聲明
Unknown
n. 緊急情況
n./v. 共計；總數
n. 海軍
n./v. 光榮；驕傲
n./v. 尖叫聲；尖叫
n. 膝蓋
Unknown
adj./n. 空白的
adj. 充滿希望的
n. 哩數
n. 帳戶；描述
adj./adv./n./pron.  最後的；最近的
v. 編織；接合
adj. 悲哀的
n. 車費；伙食
n. 出版社(者)
adj. 地理學的
n. 聯盟
n./v. 電子郵件
Unknown
v. 承認
n. 存在
Unknown
v. 遇見
n. 胸部
Unknown
n. 海灣；深淵
v. 詮實
n./v. 美味；喜愛
n. 靈感
v. 處理
adj. 累積的
v. 安慰
n. 軼事
n. 天國；極樂之地
Unknown
v./n.  尋找；得到
n./v. 拓荒者；開拓
n. 辦公室
n. 分娩
n. 標準度量
v. 把…歸因於
n. 蒙羞
v. 興旺
n. 樂觀；樂天
adj. 朦朧的
n. 雷雨
n. 混亂；困惑
n. 長壽
n./v. 衝；急速前進
adj. 各式各樣的
adj. 便宜的
n. 枕頭
n./v. 優雅
v. 愚弄；嘲弄
n. 個性
n. 堆
n. 小孩
n. 教育；教育學
n. 隊
n. 保護
n. 大道
n. 陽臺；樓座
v. 領導
n. 颱風
n. 皇室成員
n. 對話
n. 推斷
n. 品脫(液量名)
n. 蔬菜
Unknown
n. 拍賣
n. 總數
v. 吐露
n. (報紙的)標題
v. 偷聽；無意中聽到
adj. 慣例的；協定上的
adj./adv. 早的
n. 航程；飛機
v. 使單純
adj./n. 化學的
adj. 各種各樣的
Unknown
Unknown
Unknown
Unknown
n. 門外漢
Unknown
n./v. 暗示
n. 收入
n. 藥片
n. 打字員
adj. 可協商的
v. 發怨言
v. 跌倒
n. 雇員
adj./n. 邪惡的
v. 堅持
v. 震動
n. 地主
v. 發射
n./v. 蒸汽
v. 使不快
adj. 局部的
adj. 特大號的
v. 暴食
n./v. 地圖
n. 男生殖器
n./v. 玩笑
v. 暗示
pron. 哪一個
adj. 因…的結果而起的
adj. 粗糙的
n. 玩伴
n. 書店
n. 材料
adj./v. 正確的；更正
v. 把…括除
n. 謠言
n. 星期日
Unknown
Unknown
adj. 獨居的
n. 鉛筆
adj. 多重的
v. 為…穿衣
n. 征服
v. 慫恿；引誘
v. 作曲；組成
n. 角；號；喇叭
v. (n)需求
v. 解散
n. 演化(論)
n. 新聞
n. 標點(法)
Unknown
n. 喇嘛
n. 大學；學院
n. 決心
Unknown
v. 徘徊(於)
adv. 因此
adj. 傑出的；卓越的
v./n. 拖
n. 檢查
adj. 高貴的；貴族的
n. 大容器
n. 墮胎
Unknown
v. 變成
n./v. 震驚
adj. 閃爍的
adj. 相關聯的
n. 化學家
Unknown
v. 檢查
v. 清理
n. 一擊
Unknown
adj./v./n. 破產的
n. 教學大綱
n. 細查
adj. 流暢的
adj. 科學的
adj. 沉默的
adj. 吝嗇的
n. 恭喜
v. 移居於
adj. 尊重的
adj. 重大的
Unknown
n. 望遠鏡
n. 踏板
v. 描寫
Unknown
v. 開始；使入會
n./v. 喻快
n./v. 平衡
Unknown
v. 使麻痺；使癱瘓
n./v. 責備；歸咎於…
n. 肌肉
n. 海豚
n. 信；字母
n. 六月
n./v. 表演；展現
n. 婚禮
n. 位置；郵局
n. 櫻桃
n. 火雞
n. 女同性戀者
n. 萬靈藥
adj. 愛說話的
n. 姓
adj./n. 使暗；使不明顯；暗的；不明顯的
adj. 友善的
n. 女英雄
prep./adv. 通過
n. 顧客
n. (重量單位)克
n. 儀式
adj. 光輝的；傑出的
v. 估算；推算
n. 裝備；用具
adj. 多雪的
v. 學習
n. 瀝青
n. 星期四
v. 消化
Unknown
n. 麵條
n. 領袖
Unknown
n. 進入
n./v. 地方；放置
Unknown
v. (n〕滋養
n. 蝴蝶
n. 街道
n. 螺栓；閃電
adj. 移動的
n./v. 樹枝；分支
Unknown
n. 蠟筆
n. 不利之條件
prep./adv./adj.  在…上面；優於，勝過
adj. 坦白的
adj. 小的
n./v. 廣播；播放
n. 委任
n. 泥
adj. 玄學的；形而上學的
Unknown
n./v. 裝載；負擔
v. 似乎
n. 船
n. 差事；任務
adv. 明顯地
n. 大袋子
Unknown
n. 禮節
Unknown
n. 家事；家務
n. 元首
n. 出席
n./v. 提倡者；擁護
n. 重新結合；聚會
Unknown
Unknown
v. 分配
n. 侍衛
adj/n/v. 適合的
n. 爆炸；劇變
n. 宮殿
n. 偵察機
v. 逃走；逃離
v. 認為；考慮
v. 停止
adj. 勇敢的
v. 有關
n./v. 步；踱步
v. 面臨；對抗
n. 幽默感
n. 配偶
n. 孤兒
n. 通風孔
n. 背景
adj. 長久的
n./v. 十字鎬；挑選
n. 光線
adj. 使人不愉快的
n./v. 雲；遮蔽
adj. 順時針方向的
adj. 有能力的
adj. 陡峭的
n. 假設
n. 道歉
adj. 被俘虜的
Unknown
adv. 在室內
n./v. 藉口；原諒
v./n. 逮捕；拘留
n./v. 郵件；郵寄
prep./adv. 沿著；一起
n. 莊重
n. 結合
n./v. 研究
adj.  潮溼的
Unknown
n. 旅舍
Unknown
adj. 不同的
n. 虛偽
adj./v. 瞎的；使看不見
v. 藐視
v. 抑制
Unknown
n. 乾旱
n. 脾氣
n. 礦工
v. 深思
adj./n. 十九
adj. 甜的
Unknown
n. 敵意
n./v. 旗子
n. 好萊塢
adj. 感到厭煩的
adj. 疲倦的
adj. 準確的
n. 陽光
n. 甲狀腺
n./v. 喇叭；鼓吹
adj. 使人驚訝的
n. 床
adj./n./adv. 親愛的
n. 腹部；胃
adj. 迷信的
adv. 在·前面；領先
n. 提議
adj. 維持生命所必需的
n. 十億；大量
n. 蜥蜴
adj. 外面的；肉體的
n. 教堂的庭院(墓地)
adj. 殘酷的
adj. 學校的
n. 氣泡；泡影
n. 段落
n. 無記名投票
n./v. 舐；(火)蔓延
n./v. 偶然；機會
v. 使發出聲
Unknown
n. 繼承人
v. 放棄
adj. 謙恭的
n./v. 刷子；刷
adj. 正常地；普通地
n. 獵人
adv. 很少；不常
n./v. 情節；圖謀
v./n. 沸騰
n. 西洋棋棋盤
n. 女主人
n. 同伴
Unknown
n. 喋喋不休的人
n./v. 缺點；錯誤
adj. 極好的；古典的
n. 外交
n. 機器
n. 檔案
v. 使大吃一驚
n. 海盜
adj. 更適合的
n. 事情；問題
n./v. 拖把
adj. 單數的
n. 永久居留地
n. 對稱(性)
n. 駱駝
adj. 羞怯的
adj. 模糊的
adj./n. 第三
n. 樹脂；口香糖
adj. 可選擇的；隨意的
n. 生氣
n. 反對
v. 入伍
n. 謎題
n. 說謊的人
n. 日記
adj./v. 直接的；指向
adv. 永遠
adj. 啞的；愚笨的
v. 娶；嫁
n. 復原
adj. 正常的
n. 意圖；目的
n. 抗體
adj. 每個
n. 監獄
adv. 大膽地
Unknown
n./v. 過程；加工
n. 代理機構；仲介
n./v. 保衛；守衛
n. 雙子座
adj./n./v. 主要的；主修
Unknown
n./v. 爆烈聲；裂開
n. 結果；重要性
v. 決定
n./v. 監視器；監控
n./v. 住宅
adj. 世俗的
n. 航空太空(包括大氣層內外)
n. 男孩；少年
adj. 通常的
n. 惡意
adj./n. 家庭的
adj./n. 數字式的
n. 為了…的利益；代表
v. 使有尊嚴
adj./n. 第五(的)
n. 議價
Unknown
v. 知道
n./v. 收穫
adj. 幽默的
n./adj./adv. 零售；零售的(地)
Unknown
n. 信念；諾言
adj. 令人驚訝的
n./v. 會見；面試
adj. 可愛的
n./v. 箱，盒；把…裝箱
n. 降雨
n. 小巷子；小徑
n. 噸
n. 最低限度；極小
v. 埋
v. 妨礙
n./v. 等候
v. 除去
n. 豆腐
n. 電梯；升降機
v. 使富裕
n. (藥物等的)一劑
n. 錢包
adj./pron. 無論哪個
adj. 品德高尚的
adj. 易接近的
adj. 使人憶起…的
n. 救生員
n. 導師
adj. 不切實際的
adj. 令人洩氣的
adj. 可有可無的
v. 跌價
n./v. 夢；做夢
v. 使旋轉
n. 梯子
n./v. 貨車；載運
v. 應用；申請
v. 削弱
adj. 低於…的
n./v. 腳步；走
n. 豌豆
v./n. 臉紅
v./n. 撥號；刻度盤
v. 使銘記
n./v. 購買
v./n. 窺視；偷看
n. 簽字
Unknown
n. 診所
n. 領土
n. 疫苗
v. (n)退休
