n. 自殺
n./v. 罷工；猛然攻擊
adj. 實驗性質的
adv. 有效地
n. 晚餐
n. 海洋
adj. 因…的結果而起的
n. 礦工
v./n. 畢業；大學畢業生
adj. 陰曆的；月亮的
adj./adv./n. 東方的
n. 骨頭；骨質
n. 報紙
adj. 無窮的
v. 前往
n. 小麥
n. 有利條件；優勢
n. 繃帶
adj. 粗心大意的
n. 力學；機械學
Unknown
n. 主人；雇主
n./v. 點；打點於
n. 生物學
n. 大猩猩
n. 排水系統
v./n. 滑行
n. 孔子
n./adj. 選擇
n. (源自日語)海嘯
adj. 以…為基礎的
adv. 無論如何
n. 因素；代理人
Unknown
v./n. 劈；肋排肉
n. 抱負；志向
v. 發生
n. 小偷
Unknown
adj. 獨特的
n./v. 休息
n./v. 貨車；載運
Unknown
n. 失業人數
n. 同班同學
v. 減少
n. 期望
adj. 重大的；嚴肅的
n. 警察
adj. 被俘虜的
n. 檸檬水
adj. 徹底的
n./v. 進口
adj. 寂寞的
adv. 時常
n. 事實
adj. 纖弱的；雅緻的
adj./n. 六十
Unknown
adj. 粗糙的
n. 相等；平等；均等
n. 描寫；說明?
Unknown
prep./adv. 在…之上
n. 冰
adj. 酸的
n. 緊急情況
Unknown
n. 種姓(制度)
n./v. 尖端；持向
n. 隧道
n. 優勝者；戰士
n. 噴射機
n. 火雞
Unknown
n. 愛國者
n./v. 刺；戳
Unknown
v. 接受；經歷
Unknown
n./v. 火焰；燃燒
n./v.  間諜；秘密監視
v./n. 追捕；打獵
adj. 侮辱人的
v. (n)處罰
n. 香味；香水
n. 顧客
adj./n. 綠色的
n./v. 手；交給
Unknown
n. 調查者
adj. 流行的
adj./adv. 靜止的；仍然
adv. 智力不足的；心理有缺陷的
v. 編織；接合
adj. 運動的
Unknown
n. 髮型
n./v. 擴展
v. 賺取；贏得
n. 堅果；瘋子
n. 現象
Unknown
n. 人性；人文學科
n. 技能
adv. 一起
v. 問候
v. 俯視
ad v. 後來
n. 睡衣褲
adj. 使人興奮的
n. 光碟
n. 暴動
n. 考古學
Unknown
n. 文化；教養
interj. 歡呼聲
n. 存在；生物
n. v. 游泳
n. 禁忌
v. 使全神貫注
n. 對～有癮的人
adj. 被動的
n. 週末
n./v. 小河
n. 釣魚者
adj. 紫外(線)的
v. 追捕
v. 類得起；承擔得起
n. 扶手椅
v. 採取；收養
n. 發燒；狂熱
adj. 難過
n. 帳篷
adj./n. 數字式的
Unknown
adj. 古怪的
v. 信賴
n. 監管
n. (重量單位)克
n./v. 地點；散布
adj./n. 複雜的；情結
n./v. 解放
adj./adv./pron. 任何的；若干
n./v. 浪費
n. 蛋白質
Unknown
n. 晉級
n. 隊長；船(艦)長
n. 刺激
n. 連接；關聯
n. 政治集團
adj./adv./n. 二分之一的
adj. 精通的
n. 劇作家
n./v. 貿易
adv. 似是而非地
n. 工商人名錄
adj. 有爭議的
n. 咖啡店；咖啡
n. 自由；獨立自主
n. 下降
n./v. 太陽；曬太陽
n. 活動；活動力
n. 材料
n. 晚上
n. 象徵
Unknown
n. 電影
n. 甜瓜
n. 外科醫師
n./v. 循環；畫圓圈
v./n. 劃分；分歧
n. 區域
Unknown
n. 蕃茄
adj. 近視的
Unknown
n. 發達
adj. 朦朧的
adj. 一些
n. 公報；新聞快報
n. 南極或北極
adj. 現在；今日
n./v. 痕跡；記號
v. 妨礙；干預
n. 庇護(所)
adj./n. 家庭的
n. 典禮；禮儀
adj. 白尊的
adj. 低度開發的
v. 飄浮；搖擺
n. 旅館；飯店
n. 辭職；辭呈
n. 樣式
n. 袋鼠
n. 吉普車
n. 郵資
Unknown
n. 論文
n./v. 保衛；守衛
n. 螞蟻
n. 野獸
n./adv. 住家；家庭
v. 診斷
n. 分鐘
n. 角落
adj. 嚴密的
Unknown
adj. 戶外的
adj./n./adv. 親愛的
n. 情況；詳情
adj. 貧窮的
adj./n. 空白的
n./v. 拇指
Unknown
n. 反對
n. 表面
Unknown
n. 社論
Unknown
n./v. 關心；涉及
n./v. (一)滴；下降
n. 實驗室
n. 食物
n. 經濟學者
n. 健行
adj./n. 巨人；巨大的
n. 壓；按
n./v. 解除；免談
v. 轉換
n. 潮汐
n./v. 玩笑
adj. 絕望的
n. 一絲光線
n. 沉思；冥想
n. 早晨
v. 埋
n. 研討會
n. 回憶
n. 年代
n. 鹽
n. 新鮮人
Unknown
n. 高貴；高尚
n. 不穩定
n. 公事包
n./v. 扔；擲
n. 油；石油
n. 女管家
n. 一束；一群
v./n. 搜尋
n. 甘蔗
v. 使枯竭
v. 抑制
adj./n. 二十
n. 打字員
adj. 令人恐懼的
Unknown
Unknown
n. 縮語
n. 不屈不撓
n. 狀態
Unknown
adj. 糟透的
n./v. 交叉；越過
Unknown
adj./adv. 公平的
adj. 課外的
n. 歷史
n. 七月
n. 洗禮
n./v. 氣味；聞
adj. 卑劣的
n. 天文臺；氣象臺
adv./adj. 進一步地
n. 死亡
v./n. 落下
adj. 可怕的
n. 學校
n. 公民投票
adj. 公正的
adv. 如何；多少
interj. 歡呼聲
n. 缺點
n. 原木
n./v. 吹；吹氣；打擊
Unknown
v. 深思
Unknown
v. 派遣；發送
v. 通知
n. 粉末
n. 公告
n. 問題
n./v. 接近；著手處理
n. 克制
n. 四月
v./n. 停止；暫停
adj. 殘酷的
adj. 視覺的
v. 清楚的表達
Unknown
n. 行動；作用
n. 租約
n. 證書
adj. 確信的
adj. 隨之而來的
adj./n. 個別的；個人
n. 同意；認可
n. 獨立
Unknown
adv. 很好地
v. 教育；教導
n. 汽車旅館
adj. 整潔的
Unknown
n. 聖歌
adj. 經濟上的
adj./adv. 那時
v. 使朝向東方
n. 蠟筆
adj. 優雅的
adj. 革命(性)的
n. 承認
n./v. 副本；拷貝
n. 備忘錄
v. (n)使驚愕
v. 作證
n./v. 釘子；指甲
Unknown
n. 日光
adj./adv./n./pron.  最後的；最近的
Unknown
n. 香蕉
adj. 聰明的
v. 包含
n. 誓言
n. 憎恨；敵意
n. 助理
n. 穿過；通過
v. 生產
n. 語錄
n. 拍賣
adv. 無意識地
n. 大規模購物中心
Unknown
adj. 患歇斯底里症的
v.(n. )鼓勵
n. 貢獻；捐獻
n. 橫切
v. 持續
v. 猜想
v. 跪下
n. 乘船遊覽
n. 化學；化學作用
adj. 類似的
n./v. 野餐；去郊遊野餐
n. (儀式的)活動
Unknown
adj. 親切的
n./v. 植物；種植
n. 油脂
n. 繼績
n. 眼鏡
v. 預防
n. 冰山
n. 咖哩食品
adj. 值得稱讚的
n. 村莊
Unknown
adj. 無盡的
n. 作物
n. 香檳
v. 為慶祝
n. 少數
n. 研究
n./v. 密碼；法典
v. 關聯
n./v. 衝突
v. 使沮喪
adj. 工業的
n./v. 汗水；出汗
n. 修正
n. 馬達；原動力
n. 拒絕
n. 陸軍中尉
adj. 視聽的
n./adj. 釘書針；主要的
n. 厚塊
n. 長沙發；睡椅
v. 制止
Unknown
n. 郵差
Unknown
n. 音節
adv./adj./n. 樓下
adj. 兇猛的
n. 鋼鐵
n. 難民
n./v. 冰鞋；溜冰
n. 軍隊；團體
n. 社會主義
n. 使節團；使命
n. 收藏者
n./v. 衝動；催促
adj.  喜歡的；愛好的
v. 耕作；培養
n. 很多
v. 使驚訝
n. 洗潔劑
adv. 渴望地
adj. 可以理解的
n. 賜福；同意
Unknown
Unknown
Unknown
adj./adv. 分開的
n. 猴子
v./n. 再檢查；複習
adj. 極好的
adv. 其問；同時
n. 鱷魚
adj. 困難的
n. 相似之處
n. 角色
n. 鯨
n./v. 勝利；戰勝
n.  原著居民
n./v. 舞蹈
v. 報…之仇
n./v. 閃爍
v. 居住
n. 羅曼蒂克
n. 可口可樂
n. 追趕
n. 股息
n. 月
n. 航行
n. 乞丐
n. 期盼
n. 慷慨
v. 興旺
adj. 笨拙的
adj. 競爭的
v. 跛行
adj. 不禮貌的
n. 男女合校的教育
n./v. 扳機；引發
v. 實現
n. 胡椒粉
n. 精神；心靈
v. 回復
adj. 愛說話的
v. /n贊助(者)
n. 區域
adv. 如何；多少
adj. 傑出的
n. 分類
n. 教堂的庭院(墓地)
adj./pron. 另一個
n. 能力；才能
n./v. 調查；審視
n. 中午
n. 水道；渠道
n. 行政官員
v. 重建
v. 消耗；花費
n./v. 恥辱
n. 一把
adj. 仁慈的
conj.  如果
n. 勸告；消息
adj. 無數的
adj. 免除的
adj./adv. 兼任的
Unknown
adj. 無恙的
v. 發怨言
n. 地平線；眼界
n. 墓地
n. 收音機
adj./n. 一百
adv. 同樣地
n. 教科書
v. 鼓掌
adj. 好戰的
n. 閃電；閃光
n. 手段；方法
n. 先生
v.(n. )發展
n. 環形花狀
n. 海灣；港灣
n. 踏板
v. 使複雜化
v./n. 舉起；上漲
n. 星期三
n. 前提
v. 決心；決定
n. 青少年
n. 殺人者
n./v. (繩等的)結
n. 智力商數
n. 會員(資格)
n. 太太
n. 美國州議會大廈
n. 螺栓；閃電
adj. 自發的
n. 綠洲
adj./adv. 早的
n. 歷史學家
n. 金屬
v. 下沉
Unknown
Unknown
Unknown
n. 夥伴
v. 承認
n. 虛偽
n. 理解力
n. 自負
n. 屏幕
v. /n授予；獎品
prep./adj./adv./n./v. 在…下方；下面的
Unknown
n./v. 敲擊；打敗
n./v. 價值；估價
adj. 地(面)下的；祕密的
Unknown
v. 借入
n. 透視(畫)法
adj. 殘忍的
n./v. 索價；控告
n. 獵人
v. 指定；任命
n. 臉頰
n. 鼻；嗅覺
n. 電子學
v./n. 爭論
v. 反抗
Unknown
n. 顧問
n. 一部分
n. 獎品
adj./n. 邪惡的
adj. 連續的
adj. 內部的
n./v. 擺渡；渡輸
v. 使加入；註冊
n. 朝代
n. 截止期限
v. 高興
n. 抑制
n./v. 分擔；分配
v. 輕視
n./v. 程序；編製程序
n. 旅行者
adv. 自負地
Unknown
adj. 好奇的
n./v. 摺疊；交疊
n. 消費
adj. 很可能的
v./n. 減少
n. 毛蟲
adj. 加強的
n. 傷亡者
n. 同輩
n. 忠告
n. 便利設施；方便
adj./n. 商業的
adv. 自動地
adj. 值得考慮的
n. 葡萄園
n. 結合
n. 適應；改編(本)
n. 果醬；堵塞
n. 耳朵；聽力
v. 使安心
Unknown
n. 新聞
v. 誤導
v. 有…的傾向　
n. 診所
n./v. 震驚
adj. 覺得可疑的
adv. 私下地
n. 櫃檯；籌碼
n. 朝聖者
n. 巧合
v. 入伍
n. 通風孔
n. 耽溺
v. 展開；擴大
Unknown
Unknown
adj./v./n. 破產的
v. 談判
n./v. 益處；使用
n. 衣架；絞刑執行者
n. 表情；支持
n. 保險
n. 腳趾
Unknown
prep. 包含·在內
v. 修剪；刪除
n. 目的
n./v. 功能；運行
n./v. 捲軸；捲；蹣跚
v. 提煉
n. 細枝
n. 音樂家
n. 害蟲
v. 推測；投機
n./v. 聲譽
Unknown
adj. 可笑的
n. 天國；極樂之地
Unknown
n. 活塞
n./v. 監視器；監控
n. 腳後跟
n./v. 設計
n. 成年；男子氣質
adj. 患歇斯底里症的
n. 部門；系
n. 技巧
adj. 光榮的；輝煌的
adj. 不合常規的
n. 行人
n. 佛教
adj. 不平的；粗魯的
Unknown
v. 諂媚；奉承
n. 度數；學位；等級
n. 珠寶
n. 清償
adj. 空白處的；邊際的
n. 城市
n. 物理學家
n. 兒子
n. 護送(車隊)
adj. 熱的；熱情的
n. 開業者
adj./n. 第五(的)
n. 毛線衫
v. 敵發
pron. 誰的
n./v. 容易；減輕
n. 雙子座
n. 語言
v. 不遵守交通規則而穿越馬路
adj./n. 公眾的；大眾
n. 起居室；會客室
n. 政治家
Unknown
n. 作者
n. 小丑
v./n. 打擾；煩惱
n. 製造者
v. 提升
n./v. 誘餌；引誘
v. 填塞
n./v. 穿；戴
adj./n. 塑膠
