n. 噪音
adj. 機密的
adj.  有趣的；有魅力的
adj. 可怕的
v. 使發出聲
n. 地下室
n. 節日；歡樂
adj./n. 同伴的；伙伴
v. 不信任
v. 擦掉；抹去
n. 虛張聲勢
n. 殘存
adj. 安全的
Unknown
adj. 敏感的
n. 犯罪
n. 航空太空(包括大氣層內外)
n. 理由
n. 事故
n. 一段時問
n. 花(叢)
Unknown
n./v. 玩耍；玩
n. 金魚
v. 破壞
n. 診所
n. 隊長；船(艦)長
n. 作者
n. 鎮靜劑
v. (使)終止
n. 物體；目標
n. (某一民族或社會階層中的)廣大成員
ad v. 痛苦地
adj./n. 巨人；巨大的
n. 滿意
v. 埋
adj./prep. 過去的
v. 使朝向東方
n. 手提箱
n./v. 肩膀；肩負
n. 記錄者
n. 石油
adj. 逐步的；平緩的
n. 喜劇
v. 前往
adj. 熱情的
v. 解釋；給…下定義
n. 小說；虛構的事
n. 熊；魯莽之人
n./v. 授課
adj. 很可能的
n. 技能
n./v. 使厭煩
Unknown
n. 物質
n. 葡萄柚
n. 拖鞋
n. 衣服袖子
adj. 龐大的
n. 恃強凌弱者
adj. 昂貴的
Unknown
n. 偶像
n. 士氣
n. 派對
n. 麵粉
n. 鬥士；戰鬥機
v.  累積
n. 喉嚨
n./v. 光榮；驕傲
n. 人類
n. 征服
n. 天賦；天才
n. 巧合
n. 彈藥
n. 火箭
n. 分隔間
prep./adj./adv./n.  在外面；外部的
Unknown
Unknown
n. 廣告業
n./adj. 獨唱；單獨的
adj./n. 三十
n. 請願(書)
n. 劑量
n. 生物
adj. 終生的
n. 暢銷品
n. 情緒
n. 鼻；嗅覺
Unknown
Unknown
n. 裝飾；裝溝
n. 證據
adj. 機械的
n. 詩人
n. 實驗室
adj. 很有可能的；準備前往…的
n./v. 封面；遮蓋
adj. 身體的
v. 使驚慌
n. 美髮師
adj. 有益的
adj. 傑出的
Unknown
n. 牆
n./v. 形狀；構成
v. 禁止
n. 背景
adj. 理論的
adj./n. 十七
Unknown
n. 籃子；簍子
n./v. 簾；給…裝上簾子
n. 衛星
n. 養育；教養
n. 突破
adj. 未料到地
n./v. 擁抱；抱住
n. 電影
v. (n〕滋養
adv. 神奇地
n./v. 碼頭
adj. 老的；舊的
adj./adv./n. 足夠的
v. 亂砍
n./v. 圖表
n./v. 吐司；烤；烘
n. 好奇心
n. 溫室
Unknown
n. 可能性
n. 控制者
Unknown
v. 脅迫
n./v. 樹枝；分支
n. 珠寶
Unknown
n./v. 情節；圖謀
Unknown
n. 肥皂
n. 花瓶
n. 觀光業
adv. 武斷地
adj. 粗俗的
n. 雞肉；膽小鬼
n./v. 急忙
n. 焦慮
adj. 類似的
n. 疾病
Unknown
Unknown
adj./n. 特別喜愛的
v. 診斷
adv. 兩次
Unknown
n. 藥房
adj. 非直接的
n. 一套衣服
n./v. 地租；承租
v.灌 v.注 v. 倒
n./v. 早餐
n. 忠告
n. 對手
n. 僕人
Unknown
n. 學位證書
n. 改組
n. 女英雄
v. (n)處罰
v. 賠償
adv. 幽默地
n. 野獸
Unknown
n. 大赦
n. 五金器具；硬體
n. 選擇權；選擇力
v. 污染
n./v. 抗議
n. 大量
v. 摒棄
n./v. 洗滌
Unknown
n. 油脂
n./v. 損害；毀壞
n./v. 避難所
n. 互動
n. 合唱隊
n. 假設
n. 污物；泥土
v./n. 密謀；陰謀
adj. 殘酷的
v. 使開化
n. 火車
v. 加寬
v. 教育；教導
n. 相似
n. 五月
n. 重力；萬有引力
n. 丑角式人物
n. 門
n. 沙
adj. 過時的
n. 木匠
n. 嘴唇
n./v. 開始
Unknown
v./n. 抓取；奪取
v. 賺取；贏得
Unknown
adj. 有苦味的；痛苦的
v. 反抗
n. 炊具
v. 允許；讓
v. 勸阻
n. 祖國；家夠卜
adj. 幸運的
n./v. 扔；擲
v. 屈辱
adj./n. 象徵的；例子
v. 珍惜
n. 道歉
n. 嘉年華會
Unknown
v./n. 愛；喜歡
adv./pron./conj.  在哪裡；哪裡
n./v. 鞦韆；搖擺
adj. 能；有能力的
n./v. 限制
n. 精神病學
adj. 有效力的
n./v. 擴展
n. 聖歌
v./n. 落下
n. 牧師之職；內閣
n./v. 幫助
Unknown
n. 謹慎
n. 墳
v. 擴大；誇大；誇獎
n. 廚房
adj. 幽默的
n./v. 塊；障礙物；堵住
adv. 儘管
n. 候選人
n./v. 汗水；出汗
n. 四輪馬車；運輸
n. 墊子
n. 橡膠
adj. 卓越的
v. 傾斜；倚靠
v./n. 追捕；打獵
n. 圖書館員
v. 相信
n. 與會者；議會
v. 使挫敗
n. 攻擊
n. 妻與前夫(或夫與前妻)所生的孩子
adj. 可以接受的
v. 把…歸因於
Unknown
n. 學生
adj. 輝煌的
Unknown
adj. 文雅的
adj./v. 乾燥的；使變乾
n. 水蒸氣
adj. 垂直的
v. 找回
n./v. 毀滅
adj. 純粹的
adj. 謙虛的
n. 總統(校長)的職位
adj. 溫和的；順口的
n. 意識；察覺
n./v. 氣味；聞
v. 使入迷
n./v. 錄音帶
n. 競賽；競爭
v. 合作
n./v. 舞蹈
n. 心理學家
n. 自由；獨立自主
n. 腳底(板)；鞋底
n. 頭盔；安全帽
v. 欺騙
adj. 憑經驗的
n./v. 地點；散布
Unknown
adj. 試驗性的
v. 打算
n. 說教；佈道
v. 畫；拖拉
n. 涼鞋
adj. 擁擠的
adj. 滑溜的
n. 身分；同一性
adj. 設想周到的
Unknown
n. 氣泡；泡影
n. 動機
n. 自我
v./n. 劈；肋排肉
v. 遵守
adv. 附帶的
adj./n. 相反的
n. 音調
v. 解放
n./v. 磨坊；碾碎
v. 翻譯
Unknown
Unknown
v. 不遵守交通規則而穿越馬路
n. 錨
n. 標準
n. 九月
Unknown
Unknown
Unknown
n. 代理機構；仲介
n. 月
n./v. 刺；戳
n./v. 花費；付出
v. 描繪
n. 拖拉機
n. 大量
n. 太太
n. (一)對
n. 麵條
n. 果
n. 客艙
n. 登記手續
n. 立方體
Unknown
adj. 年長的
n. 禁忌
n. 肥料；促進發展者
n. 木板；牌子
Unknown
n. 通風孔
n. 精英
pron./conj. 什麼
adj./n. 潛在的；僭能
n. 感覺
n. 關閉
adj. 清白的；無知的
v. 歌唱
adj. 有吸引力的
n. 綜合(體)；合成
Unknown
adj. 合作的
n. 投資者
Unknown
adj./n. 前面(的)
Unknown
v./n. 緊握；理解
Unknown
adj./v.  鎮靜的
n. 組織；團體
adj. 非常貧窮的
v. 驚叫
n. 象徵
n. 單調
prep./adv. 各處；大約
adj. 有幫助的
n./v. 衝動；催促
n. 遊行
v./n. 懷疑；疑點
n. 分娩
n. 蛋糕
adj./n. 較小的；次要的
Unknown
n. 差事；任務
n. 公牛
n./v. 敲擊；打敗
adj. 豐富
v. 提交
n. 瓦解
n. 細枝
n. 補償
v. 影響；使感動
Unknown
n. 懷疑
n./v. 人群；擠滿
n. 微兆；預兆
n. 顏料
n. 親切
Unknown
adj./v. 清楚的
adj. 虔誠的
adj. 令人厭煩的
Unknown
Unknown
n. 預言
adj. 惡意的
v. 呼吸
adj. 沉重的
Unknown
n. 修女；尼姑
Unknown
v. 沖泡；醞釀
adj./n. 紫羅蘭
adj. 到期的
n. 傑作；名著
n. 白堊；粉筆
n. 島
Unknown
n./v. 軟片；電影
adv. 充分地
adj. 猜疑的
adj./n. 藍色的
n. 英國人
Unknown
n. 應試者
n./v.  小考；考驗
v.(n. ) 安排
adj./n. 具體的；混凝土
adj. 野心勃勃的
n. 觸鬚；天線
v. 忽視
n. 耽溺
n. 客戶
n. 目的地
v. 摩擦
n. 伸長；延期
v. 使目眩
v. 否定；否認
n. 女主席
adv. 正直地
Unknown
n. 西元前
n. 手冊
n. 慣例
n. 擴音器
n. 申請人
n. 帶子；樂團
n. 期望
n./v. 救助
adj. 便攜的
n. 天文學
n./v. 地圖
n. 主義
v. 娶；嫁
n. 同伴
adj. 反常的
Unknown
v. 使銘記
adj. 生物(學)的
v. 使變硬；使堅強
n. 閣樓
n./v. 監視器；監控
adj. 珍貴的
v. 撥給
adj. 奇怪的
adj. 令人鼓舞的
v. 延期
n. 上下文
v. 達成
n. 資本家
adj. 處事務實的
n. 地主
adj. 平凡的
adj. 動力的；動態的
v. 建造
adj. 習慣的
adv. 不願意地
v. 使…座落於
n. 材料
n. 勸告
Unknown
n./v. 同意
adj. 自暴自棄的
Unknown
n. 設備；能力
Unknown
Unknown
n. 獎券；彩票
adj. 適當的
n. 財產；資產
n. 飢餓
n. 哲學
adj. 無恙的
Unknown
adj. 純淨的
n./v. 快照；突然折斷
n. 來源
n. 家事；家務
adv. 大部分
n. 節；瘤
n. 監督人
n. 動亂
v. 增高
v. 冰凍
n. 配置
adj. 詳細的
n. 檔案
n. 所有的裝備
adj. 污穢的
adj. 壯麗的
n. 分析家
adj. 無效率的
n. 潛在性
n./adj. 未來；前途
n. 氧化(作用)
n./v. 報告；述說
Unknown
v./n. 停止；暫停
n./v. 買賣；便宜貨
prep. 除了…之外
n. 健康
adj. 操作的；管理的
Unknown
adj. 壯觀的
n. 遺傳學
n. 官僚
n. 工商人名錄
n. 勤勉
adj. 迷人的
n. 香蕉
n. 缺點
n. 檢查
n./v. (一)滴；下降
Unknown
Unknown
adj. 古代的
adj. 貨幣的
n./v. 索價；控告
n./v. 穿；戴
v. 不同於…
v. 去；從事
v. 識別
Unknown
v. 教導
n. 乞丐
n./v. 洪水；淹沒使氾濫
n/v. 付錢
n. 醫院
Unknown
adj. 可取代的
n. 探索
n. 主考人；審查員
v./n. 咀嚼；深思
n. 麵包
Unknown
v. 宣告；聲明
adj. 使人興奮的
n. 欣賞；感謝
n. 杜松子酒
n. 駱駝
n. 氣缸
n./v. 結果；起因於…”
n. 結論；推論
n. 膝部
n. 鵝；傻瓜
Unknown
n. 稻草；麥桿
Unknown
n./v. 口水；吐
v. 發誓
n. 商業；交易
n./v. 瘟疫；折磨
Unknown
n. 拱門；拱形
n. 脾氣
adj./adv. 更多的
n./v. 梳子；梳頭
Unknown
n. 束西
v. 部分重疊；部分相同
Unknown
n. 修正
n. (重量單位)克
n. 職業；占用
n. 樹籬
adj. 人造的
v. 違背；侵犯
adj. 特別的
n./v. 匙；用匙舀
adj. 準確的
n. 蜥蜴
n. 夜
adj./v. 向前；今後
n. 錢
adj. 立刻的
Unknown
n. 泥
n. 文章；冠詞
adj./adv. 深的
n. 掃除
adj./n. 圓的
n. 芬芳
n./v. 要求
Unknown
adj. 昏昏欲睡的
n. 重要性
adj. 真實的
v. 競爭；妥善處理
adj. 想睡的
n. 低音部
n. 分子
n. 問候語
n. 鋼琴
n. 共嗚
n. 氣候；風氣
adj. 新奇的
n. 胸部
v./n. 滑行
n./v. 小費
adj. 保守的；反動的
Unknown
n. 例子
v. 競爭；鬥爭
adj. 活的
n. 解釋；翻譯
adj. 邪惡的
adj. 令人信服的
n. 高度；層；水準
adj. 神的；神聖的
n. 光譜
Unknown
n. 根
adj. 小的
Unknown
n. 辭職；辭呈
adj./n. 相同的
n. 私生子；令人討厭的人
n. 大桶
n. 精神科醫生
n./adv. 住家；家庭
adj. 特大號的
adj. 獨特的
adj./v. 忙碌的
n. 限制
v. 為…保險
Unknown
adj. 行星的
n. 收入；工資
adj. 工業的
Unknown
Unknown
Unknown
n. 胸膛；箱子
n. 注意力
n. 心不在焉／抽象概念
n. 通道
adj. 熟練的
adj. 不朽的
adj. 友善的
n. 職業
n. 乘客
n. 峽谷
adj. 盡責的
Unknown
n. 態度
n. 語言
n. 計畫
n. 重覆
n. 章，回
n. 海洋
Unknown
v. 蹲伏
n. 捐贈；捐贈物
n. 廣告
v. (使)碎成細屑
Unknown
n. 優待券
v. 居住
n. 建築學；建築風格
adj./n. ＋五
adj. 有…傾向的
adj./n. 初步的；初步行動
n./v. 輸入
n. 排球
n./v. 伸展
n. 資質
adj. 自然力的
Unknown
n./v. 哀傷；遺憾
n./v. 嘗試
n. 迷信
Unknown
n. 陽臺
Unknown
v. 蹣跚
n. 電報
v. 帶來；引起
adj. 不重要的
Unknown
n. 方面；觀點
adj./adv./n. 正確的
Unknown
n. (美)元
n. 聖歌
adj/n/v. 適合的
adj. 考慮周到的
Unknown
Unknown
n./adj. 化妝品；美容的
n./v. 信用；賒帳
n./v. 評論
n. 細繩；粗線
v. 播(種)
Unknown
n. 宣布；聲明
n. 財富
adj. 替代的；二擇一的
n./v. 打噴嚏
v. 浮現；顯露
adj./n. 親愛的
Unknown
n. 天鵝
adj./n. 喝酒醉的
n. 詞彙
v. 低估
n. 棕櫚；椰子
n. 忠誠
n. 豬肉
adv. 智力不足的；心理有缺陷的
adj. 不間斷的
n. 法令
n. 錯誤
n.  轉換
prop./n. 烏托邦
n. 領帶
adj. 患歇斯底里症的
adj. 立方的
n. 玻璃器皿
n. 單身漢；學士
n. 沙漠
n. 版權
adj. 種族的
n. 巧克力
n. 獨立
adj. 多災多難的
n. 灌木叢
adj. 殘忍的
v. 發射
n. (主菜前用的) 開胃食物
adj. 外國的
Unknown
n. 登陸
n./v. 受傷
v. 嫉妒；羨慕
adj. 頭暈目眩的
v. 與…商量
n. 礦工
n. 生薑
n. 花生
n. 西瓜
adj. 非正式的
adj. 簡單的
adj./adv. 早的
n. 補貼
adj. 驚奇的
adj. 運動的
n. 啦啦隊隊長
Unknown
Unknown
n. 鼠
v. 使屈服
n. 警察
v. 驅逐出境
adj./n. 一千
n. 垃圾；廢物
v. 繼承
Unknown
Unknown
n. 馬戲團
pron./adv. 一點兒也沒
n. 馬
v. 描述
n. 安排；佈置
n. 舞者
adj. 尊重的
Unknown
n. 外科醫師
n. 工程
n. 鋼鐵
n. 小羊
n./v. 詭計；欺騙
adv. 仍然；不過
n. 統治者；皇帝
v. 協助
v. 使困惑
n./v. 黎明；破曉
adj./adv. 靜止的；仍然
n. 糖果
n. 沮喪
n. 子句；條款
n./adj./n. 共產主義的；共產主義者
v. 關上
adj. 親切的
Unknown
n. 本質；精華
v. 噴；濺散
n. 絲帶
Unknown
n. 玻璃；玻璃杯
n. 宴會
adj. 近視的
n. 宗教
n. 蠟燭
v. 表現；行為舉止
v. 提升
adj. 家常的
adj./n. 中問的；中部
