adj. 充滿希望的
n./v. 刻痕；作訊號
v. 爆發；發生
v./n. 撥號；刻度盤
adv. 完全地
adj. 有尖角的
adj. 遠方的
adj. 新鮮的
adj./n. 八十
adj. 免除的
n. 錢包
v. 包括
n./v. 鏡子；反映
adj. 祖先的
n. 農場主人
n. 沮喪
adj. 聖經的
n./v. 折扣
v./n. 傳真；傳真機
v. 消滅；排除
n. 代理人；仲介人
adj. 親切的
v. 辭職
adj./n./v. 相等的
n./v. 笑
n. 丈夫
Unknown
n. 紙張
n. 機械裝置
v. 提議
n. 字典
n. 茉莉
n. 禮貌；習俗
n. 廢除
Unknown
n. 香味；香水
n./v. 獎品；珍視
n. 月亮
n./v. 拖把
adj. 愛說話的
n./v. 預算
n. 力氣
Unknown
adj./v. 滿足的
n./v. 衝突
n. 音樂家
Unknown
Unknown
n. 房客
n. 雨傘
n. 準備就緒；迅速
v. 給；送給
adj. 多雨的
adj. 完成的
n./v. 喊叫(聲)
n. 獎品
n. 肢；臂
n. 攤位
n./v. 舞蹈
n. 牛肉
v. 清楚的表達
n. 姓
n. 睡衣褲
n. 豆腐
n. 貢獻；捐獻
adj. 明確的；肯定的
adv./pron./conj.  為什麼
Unknown
n. 十一
n. 統治者
n./v. 快照；突然折斷
v. 行舉手禮
n./v. 偽裝
v. 處理
n. 糖果
n. 超級高速公路
v. 互動
n ./v. 交易；處理
n. 表(兄弟姊妹)
n. 甘藍菜
v. (n)使失望
n./v. 嘗試
adj. 易了解的
n. 承認
adj. 熟悉的
n./v. 氣味；聞
v./n. 打中；打擊
v. 領導
adj. 厚的
v. 誇大
adj. 有毒的
v. 欺騙
n. 鯨
n. 學生
v. 跌價
n. 綠洲
n. 庇護(所)
n. 離間；疏遠
v. 埋伏突擊
n. 聯合
n. 毛巾
v. 查明
v. 摒棄
n. 光線
adj. 年長的
n. 碎片；未完成的部分
adj. 複雜的
adj. 令人懷疑的
n. 阻礙；干擾
n. 對手
n. 觀察
adj. 主要的
n. 主管；導演
v. 保護
n. 門外漢
adj. 急躁的
n./v. 英吋
n. 委任
adj. 光榮的；輝煌的
n. 暴君
n. 內衣
n. 不關心
adj. 愚蠢的
v. 使勁關閉
n./adj. 鐵；熨斗
n. 交通
n. 姊妹
v. 勸告；忠告；通知
n. 消化作用
prep./adv. 沿著；一起
n. (美)元
adj. 活著的；有活力的
v. 意識到；使覺醒
n./v. 彎曲；扭曲
adj. 正統的；傳統的
n./v. 修理
adj. 不切題的
prep./adv. 遍及
n. 修女；尼姑
v./n. 證明有罪；囚犯
adj. 能處理的
n./v. 導致；原因
prep. 始於；出自
n. 短襪
n. 水桶；桶狀物
n. 載貨卡車
Unknown
n./v. 使厭煩
n. 距離
n. 天文學
adj. 關鍵的
Unknown
adv. 同樣地
v./n. 懷疑；疑點
adj./n. 十三
