22
-24
6248
237424
237424
237414
33958
33970
33740
33763
